Component: ARM Compiler 5.06 update 6 (build 750) Tool: armlink [4d35ed]

==============================================================================

Section Cross References

    eb_frequency_and_featureextration_example.o(.text) refers to memseta.o(.text) for __aeabi_memclr4
    eb_frequency_and_featureextration_example.o(.text) refers to memcpya.o(.text) for __aeabi_memcpy4
    eb_frequency_and_featureextration_example.o(.text) refers to eb_envolop_spectrum_f32.o(.text) for eb_envolop_spectrum_f32
    eb_frequency_and_featureextration_example.o(.text) refers to eb_frequency_and_featureextration_example.o(.constdata) for .constdata
    eb_envolop_spectrum_f32.o(.text) refers to arm_cfft_f32.o(.text) for arm_cfft_f32
    eb_envolop_spectrum_f32.o(.text) refers to arm_offset_f32.o(.text) for arm_offset_f32
    eb_envolop_spectrum_f32.o(.text) refers to arm_mult_f32.o(.text) for arm_mult_f32
    eb_envolop_spectrum_f32.o(.text) refers to arm_cmplx_mag_f32.o(.text) for arm_cmplx_mag_f32
    eb_envolop_spectrum_f32.o(.text) refers to arm_const_structs.o(.constdata) for arm_cfft_sR_f32_len256
    system_armcm4.o(.text) refers to system_armcm4.o(.data) for SystemCoreClock
    system_armcm4.o(.text) refers to system_armcm4.o(.data) for SystemCoreClock
    startup_armcm4.o(RESET) refers to startup_armcm4.o(STACK) for __initial_sp
    startup_armcm4.o(RESET) refers to startup_armcm4.o(.text) for Reset_Handler
    startup_armcm4.o(.text) refers to system_armcm4.o(.text) for SystemInit
    startup_armcm4.o(.text) refers to entry.o(.ARM.Collect$$$$00000000) for __main
    arm_cfft_f32.o(.text) refers to arm_cfft_radix8_f32.o(.text) for arm_radix8_butterfly_f32
    arm_cfft_f32.o(.text) refers to arm_bitreversal2.o(. text) for arm_bitreversal_32
    arm_const_structs.o(.constdata) refers to arm_common_tables.o(.constdata) for twiddleCoef_16
    arm_const_structs.o(.constdata) refers to arm_common_tables.o(.constdata) for armBitRevIndexTable16
    arm_const_structs.o(.constdata) refers to arm_common_tables.o(.constdata) for twiddleCoef_32
    arm_const_structs.o(.constdata) refers to arm_common_tables.o(.constdata) for armBitRevIndexTable32
    arm_const_structs.o(.constdata) refers to arm_common_tables.o(.constdata) for twiddleCoef_64
    arm_const_structs.o(.constdata) refers to arm_common_tables.o(.constdata) for armBitRevIndexTable64
    arm_const_structs.o(.constdata) refers to arm_common_tables.o(.constdata) for twiddleCoef_128
    arm_const_structs.o(.constdata) refers to arm_common_tables.o(.constdata) for armBitRevIndexTable128
    arm_const_structs.o(.constdata) refers to arm_common_tables.o(.constdata) for twiddleCoef_256
    arm_const_structs.o(.constdata) refers to arm_common_tables.o(.constdata) for armBitRevIndexTable256
    arm_const_structs.o(.constdata) refers to arm_common_tables.o(.constdata) for twiddleCoef_512
    arm_const_structs.o(.constdata) refers to arm_common_tables.o(.constdata) for armBitRevIndexTable512
    arm_const_structs.o(.constdata) refers to arm_common_tables.o(.constdata) for twiddleCoef_1024
    arm_const_structs.o(.constdata) refers to arm_common_tables.o(.constdata) for armBitRevIndexTable1024
    arm_const_structs.o(.constdata) refers to arm_common_tables.o(.constdata) for twiddleCoef_2048
    arm_const_structs.o(.constdata) refers to arm_common_tables.o(.constdata) for armBitRevIndexTable2048
    arm_const_structs.o(.constdata) refers to arm_common_tables.o(.constdata) for twiddleCoef_4096
    arm_const_structs.o(.constdata) refers to arm_common_tables.o(.constdata) for armBitRevIndexTable4096
    entry.o(.ARM.Collect$$$$00000000) refers (Special) to entry10a.o(.ARM.Collect$$$$0000000D) for __rt_final_cpp
    entry.o(.ARM.Collect$$$$00000000) refers (Special) to entry11a.o(.ARM.Collect$$$$0000000F) for __rt_final_exit
    entry.o(.ARM.Collect$$$$00000000) refers (Special) to entry7b.o(.ARM.Collect$$$$00000008) for _main_clock
    entry.o(.ARM.Collect$$$$00000000) refers (Special) to entry8b.o(.ARM.Collect$$$$0000000A) for _main_cpp_init
    entry.o(.ARM.Collect$$$$00000000) refers (Special) to entry9a.o(.ARM.Collect$$$$0000000B) for _main_init
    entry.o(.ARM.Collect$$$$00000000) refers (Special) to entry5.o(.ARM.Collect$$$$00000004) for _main_scatterload
    entry.o(.ARM.Collect$$$$00000000) refers (Special) to entry2.o(.ARM.Collect$$$$00000001) for _main_stk
    entry2.o(.ARM.Collect$$$$00000001) refers to entry2.o(.ARM.Collect$$$$00002712) for __lit__00000000
    entry2.o(.ARM.Collect$$$$00002712) refers to startup_armcm4.o(STACK) for __initial_sp
    entry2.o(__vectab_stack_and_reset_area) refers to startup_armcm4.o(STACK) for __initial_sp
    entry2.o(__vectab_stack_and_reset_area) refers to entry.o(.ARM.Collect$$$$00000000) for __main
    entry5.o(.ARM.Collect$$$$00000004) refers to init.o(.text) for __scatterload
    entry9a.o(.ARM.Collect$$$$0000000B) refers to eb_frequency_and_featureextration_example.o(.text) for main
    entry9b.o(.ARM.Collect$$$$0000000C) refers to eb_frequency_and_featureextration_example.o(.text) for main
    init.o(.text) refers to entry5.o(.ARM.Collect$$$$00000004) for __main_after_scatterload


==============================================================================

Removing Unused input sections from the image.

    Removing eb_frequency_and_featureextration_example.o(.rev16_text), (4 bytes).
    Removing eb_frequency_and_featureextration_example.o(.revsh_text), (4 bytes).
    Removing eb_envolop_spectrum_f32.o(.rev16_text), (4 bytes).
    Removing eb_envolop_spectrum_f32.o(.revsh_text), (4 bytes).
    Removing system_armcm4.o(.rev16_text), (4 bytes).
    Removing system_armcm4.o(.revsh_text), (4 bytes).
    Removing system_armcm4.o(.text), (16 bytes).
    Removing startup_armcm4.o(HEAP), (32768 bytes).
    Removing arm_mult_f32.o(.rev16_text), (4 bytes).
    Removing arm_mult_f32.o(.revsh_text), (4 bytes).
    Removing arm_offset_f32.o(.rev16_text), (4 bytes).
    Removing arm_offset_f32.o(.revsh_text), (4 bytes).
    Removing arm_cmplx_mag_f32.o(.rev16_text), (4 bytes).
    Removing arm_cmplx_mag_f32.o(.revsh_text), (4 bytes).
    Removing arm_cfft_f32.o(.rev16_text), (4 bytes).
    Removing arm_cfft_f32.o(.revsh_text), (4 bytes).
    Removing arm_const_structs.o(.rev16_text), (4 bytes).
    Removing arm_const_structs.o(.revsh_text), (4 bytes).
    Removing arm_const_structs.o(.constdata), (16 bytes).
    Removing arm_const_structs.o(.constdata), (16 bytes).
    Removing arm_const_structs.o(.constdata), (16 bytes).
    Removing arm_const_structs.o(.constdata), (16 bytes).
    Removing arm_const_structs.o(.constdata), (16 bytes).
    Removing arm_const_structs.o(.constdata), (16 bytes).
    Removing arm_const_structs.o(.constdata), (16 bytes).
    Removing arm_const_structs.o(.constdata), (16 bytes).
    Removing arm_cfft_radix8_f32.o(.rev16_text), (4 bytes).
    Removing arm_cfft_radix8_f32.o(.revsh_text), (4 bytes).
    Removing arm_common_tables.o(.rev16_text), (4 bytes).
    Removing arm_common_tables.o(.revsh_text), (4 bytes).
    Removing arm_common_tables.o(.constdata), (2048 bytes).
    Removing arm_common_tables.o(.constdata), (128 bytes).
    Removing arm_common_tables.o(.constdata), (256 bytes).
    Removing arm_common_tables.o(.constdata), (512 bytes).
    Removing arm_common_tables.o(.constdata), (1024 bytes).
    Removing arm_common_tables.o(.constdata), (4096 bytes).
    Removing arm_common_tables.o(.constdata), (8192 bytes).
    Removing arm_common_tables.o(.constdata), (16384 bytes).
    Removing arm_common_tables.o(.constdata), (32768 bytes).
    Removing arm_common_tables.o(.constdata), (24576 bytes).
    Removing arm_common_tables.o(.constdata), (12288 bytes).
    Removing arm_common_tables.o(.constdata), (128 bytes).
    Removing arm_common_tables.o(.constdata), (256 bytes).
    Removing arm_common_tables.o(.constdata), (40 bytes).
    Removing arm_common_tables.o(.constdata), (96 bytes).
    Removing arm_common_tables.o(.constdata), (112 bytes).
    Removing arm_common_tables.o(.constdata), (416 bytes).
    Removing arm_common_tables.o(.constdata), (896 bytes).
    Removing arm_common_tables.o(.constdata), (3600 bytes).
    Removing arm_common_tables.o(.constdata), (7616 bytes).
    Removing arm_common_tables.o(.constdata), (8064 bytes).
    Removing arm_common_tables.o(.constdata), (128 bytes).
    Removing arm_common_tables.o(.constdata), (256 bytes).
    Removing arm_common_tables.o(.constdata), (512 bytes).
    Removing arm_common_tables.o(.constdata), (1024 bytes).
    Removing arm_common_tables.o(.constdata), (2048 bytes).
    Removing arm_common_tables.o(.constdata), (4096 bytes).
    Removing arm_common_tables.o(.constdata), (8192 bytes).
    Removing arm_common_tables.o(.constdata), (16384 bytes).
    Removing arm_common_tables.o(.constdata), (2052 bytes).
    Removing arm_common_tables.o(.constdata), (2052 bytes).
    Removing arm_common_tables.o(.constdata), (1026 bytes).

62 unused section(s) (total 194258 bytes) removed from the image.

==============================================================================

Image Symbol Table

    Local Symbols

    Symbol Name                              Value     Ov Type        Size  Object(Section)

    RESET                                    0x00000000   Section      192  startup_armcm4.o(RESET)
    ../clib/microlib/init/entry.s            0x00000000   Number         0  entry11b.o ABSOLUTE
    ../clib/microlib/init/entry.s            0x00000000   Number         0  entry.o ABSOLUTE
    ../clib/microlib/init/entry.s            0x00000000   Number         0  entry10b.o ABSOLUTE
    ../clib/microlib/init/entry.s            0x00000000   Number         0  entry7b.o ABSOLUTE
    ../clib/microlib/init/entry.s            0x00000000   Number         0  entry2.o ABSOLUTE
    ../clib/microlib/init/entry.s            0x00000000   Number         0  entry9b.o ABSOLUTE
    ../clib/microlib/init/entry.s            0x00000000   Number         0  entry7a.o ABSOLUTE
    ../clib/microlib/init/entry.s            0x00000000   Number         0  entry11a.o ABSOLUTE
    ../clib/microlib/init/entry.s            0x00000000   Number         0  entry10a.o ABSOLUTE
    ../clib/microlib/init/entry.s            0x00000000   Number         0  entry9a.o ABSOLUTE
    ../clib/microlib/init/entry.s            0x00000000   Number         0  entry8b.o ABSOLUTE
    ../clib/microlib/init/entry.s            0x00000000   Number         0  entry8a.o ABSOLUTE
    ../clib/microlib/init/entry.s            0x00000000   Number         0  entry5.o ABSOLUTE
    ../clib/microlib/string/memcpy.c         0x00000000   Number         0  memcpyb.o ABSOLUTE
    ../clib/microlib/string/memcpy.c         0x00000000   Number         0  memcpya.o ABSOLUTE
    ../clib/microlib/string/memset.c         0x00000000   Number         0  memseta.o ABSOLUTE
    ..\..\..\Source\frequency_and_featureExtration\eb_envolop_spectrum_f32.c 0x00000000   Number         0  eb_envolop_spectrum_f32.o ABSOLUTE
    ..\..\Common\Source\system_ARMCM4.c      0x00000000   Number         0  system_armcm4.o ABSOLUTE
    ..\..\Common\Startup\ARM\startup_ARMCM4.s 0x00000000   Number         0  startup_armcm4.o ABSOLUTE
    ..\BasicMathFunctions\arm_mult_f32.c     0x00000000   Number         0  arm_mult_f32.o ABSOLUTE
    ..\BasicMathFunctions\arm_offset_f32.c   0x00000000   Number         0  arm_offset_f32.o ABSOLUTE
    ..\CommonTables\arm_common_tables.c      0x00000000   Number         0  arm_common_tables.o ABSOLUTE
    ..\CommonTables\arm_const_structs.c      0x00000000   Number         0  arm_const_structs.o ABSOLUTE
    ..\ComplexMathFunctions\arm_cmplx_mag_f32.c 0x00000000   Number         0  arm_cmplx_mag_f32.o ABSOLUTE
    ..\TransformFunctions\arm_cfft_f32.c     0x00000000   Number         0  arm_cfft_f32.o ABSOLUTE
    ..\TransformFunctions\arm_cfft_radix8_f32.c 0x00000000   Number         0  arm_cfft_radix8_f32.o ABSOLUTE
    ..\\..\\..\\Source\\frequency_and_featureExtration\\eb_envolop_spectrum_f32.c 0x00000000   Number         0  eb_envolop_spectrum_f32.o ABSOLUTE
    ..\\..\\Common\\Source\\system_ARMCM4.c  0x00000000   Number         0  system_armcm4.o ABSOLUTE
    ..\\BasicMathFunctions\\arm_mult_f32.c   0x00000000   Number         0  arm_mult_f32.o ABSOLUTE
    ..\\BasicMathFunctions\\arm_offset_f32.c 0x00000000   Number         0  arm_offset_f32.o ABSOLUTE
    ..\\CommonTables\\arm_common_tables.c    0x00000000   Number         0  arm_common_tables.o ABSOLUTE
    ..\\CommonTables\\arm_const_structs.c    0x00000000   Number         0  arm_const_structs.o ABSOLUTE
    ..\\ComplexMathFunctions\\arm_cmplx_mag_f32.c 0x00000000   Number         0  arm_cmplx_mag_f32.o ABSOLUTE
    ..\\TransformFunctions\\arm_bitreversal2.S 0x00000000   Number         0  arm_bitreversal2.o ABSOLUTE
    ..\\TransformFunctions\\arm_cfft_f32.c   0x00000000   Number         0  arm_cfft_f32.o ABSOLUTE
    ..\\TransformFunctions\\arm_cfft_radix8_f32.c 0x00000000   Number         0  arm_cfft_radix8_f32.o ABSOLUTE
    ..\\eb_frequency_and_featureExtration_example.c 0x00000000   Number         0  eb_frequency_and_featureextration_example.o ABSOLUTE
    ..\eb_frequency_and_featureExtration_example.c 0x00000000   Number         0  eb_frequency_and_featureextration_example.o ABSOLUTE
    dc.s                                     0x00000000   Number         0  dc.o ABSOLUTE
    handlers.s                               0x00000000   Number         0  handlers.o ABSOLUTE
    init.s                                   0x00000000   Number         0  init.o ABSOLUTE
    . text                                   0x000000c0   Section      106  arm_bitreversal2.o(. text)
    $v0                                      0x000000c0   Number         0  arm_bitreversal2.o(. text)
    .ARM.Collect$$$$00000000                 0x0000012a   Section        0  entry.o(.ARM.Collect$$$$00000000)
    .ARM.Collect$$$$00000001                 0x0000012a   Section        4  entry2.o(.ARM.Collect$$$$00000001)
    .ARM.Collect$$$$00000004                 0x0000012e   Section        4  entry5.o(.ARM.Collect$$$$00000004)
    .ARM.Collect$$$$00000008                 0x00000132   Section        0  entry7b.o(.ARM.Collect$$$$00000008)
    .ARM.Collect$$$$0000000A                 0x00000132   Section        0  entry8b.o(.ARM.Collect$$$$0000000A)
    .ARM.Collect$$$$0000000B                 0x00000134   Section        8  entry9a.o(.ARM.Collect$$$$0000000B)
    .ARM.Collect$$$$0000000D                 0x0000013c   Section        0  entry10a.o(.ARM.Collect$$$$0000000D)
    .ARM.Collect$$$$0000000F                 0x0000013c   Section        0  entry11a.o(.ARM.Collect$$$$0000000F)
    .ARM.Collect$$$$00002712                 0x0000013c   Section        4  entry2.o(.ARM.Collect$$$$00002712)
    __lit__00000000                          0x0000013c   Data           4  entry2.o(.ARM.Collect$$$$00002712)
    .text                                    0x00000140   Section        0  eb_frequency_and_featureextration_example.o(.text)
    .text                                    0x00000180   Section        0  eb_envolop_spectrum_f32.o(.text)
    .text                                    0x00000298   Section        0  system_armcm4.o(.text)
    .text                                    0x000002b8   Section       36  startup_armcm4.o(.text)
    $v0                                      0x000002b8   Number         0  startup_armcm4.o(.text)
    .text                                    0x000002dc   Section        0  arm_mult_f32.o(.text)
    .text                                    0x000003aa   Section        0  arm_offset_f32.o(.text)
    .text                                    0x0000044c   Section        0  arm_cmplx_mag_f32.o(.text)
    .text                                    0x00000548   Section        0  arm_cfft_f32.o(.text)
    .text                                    0x00000c58   Section        0  arm_cfft_radix8_f32.o(.text)
    .text                                    0x00001134   Section        0  memcpya.o(.text)
    .text                                    0x00001158   Section        0  memseta.o(.text)
    .text                                    0x0000117c   Section       36  init.o(.text)
    i.__scatterload_copy                     0x000011a0   Section       14  handlers.o(i.__scatterload_copy)
    i.__scatterload_null                     0x000011ae   Section        2  handlers.o(i.__scatterload_null)
    i.__scatterload_zeroinit                 0x000011b0   Section       14  handlers.o(i.__scatterload_zeroinit)
    .constdata                               0x000011c0   Section     1024  eb_frequency_and_featureextration_example.o(.constdata)
    .constdata                               0x000015c0   Section       16  arm_const_structs.o(.constdata)
    .constdata                               0x000015d0   Section     2048  arm_common_tables.o(.constdata)
    .constdata                               0x00001dd0   Section      880  arm_common_tables.o(.constdata)
    .data                                    0x20000000   Section        4  system_armcm4.o(.data)
    STACK                                    0x20000008   Section    262144  startup_armcm4.o(STACK)

    Global Symbols

    Symbol Name                              Value     Ov Type        Size  Object(Section)

    BuildAttributes$$THM_ISAv4$E$P$D$K$B$S$7EM$VFPi3$EXTD16$VFPS$VFMA$PE$A:L22UL41UL21$X:L11$S22US41US21$IEEE1$IW$USESV6$~STKCKD$USESV7$~SHL$OTIME$IEEEX$EBA8$MICROLIB$REQ8$PRES8$EABIv2 0x00000000   Number         0  anon$$obj.o ABSOLUTE
    __ARM_use_no_argv                        0x00000000   Number         0  eb_frequency_and_featureextration_example.o ABSOLUTE
    __Vectors                                0x00000000   Data           4  startup_armcm4.o(RESET)
    __cpp_initialize__aeabi_                  - Undefined Weak Reference
    __cxa_finalize                            - Undefined Weak Reference
    __decompress                              - Undefined Weak Reference
    _clock_init                               - Undefined Weak Reference
    _microlib_exit                            - Undefined Weak Reference
    __Vectors_End                            0x000000c0   Data           0  startup_armcm4.o(RESET)
    __Vectors_Size                           0x000000c0   Number         0  startup_armcm4.o ABSOLUTE
    arm_bitreversal_32                       0x000000c1   Thumb Code   106  arm_bitreversal2.o(. text)
    __main                                   0x0000012b   Thumb Code     0  entry.o(.ARM.Collect$$$$00000000)
    _main_stk                                0x0000012b   Thumb Code     0  entry2.o(.ARM.Collect$$$$00000001)
    _main_scatterload                        0x0000012f   Thumb Code     0  entry5.o(.ARM.Collect$$$$00000004)
    __main_after_scatterload                 0x00000133   Thumb Code     0  entry5.o(.ARM.Collect$$$$00000004)
    _main_clock                              0x00000133   Thumb Code     0  entry7b.o(.ARM.Collect$$$$00000008)
    _main_cpp_init                           0x00000133   Thumb Code     0  entry8b.o(.ARM.Collect$$$$0000000A)
    _main_init                               0x00000135   Thumb Code     0  entry9a.o(.ARM.Collect$$$$0000000B)
    __rt_final_cpp                           0x0000013d   Thumb Code     0  entry10a.o(.ARM.Collect$$$$0000000D)
    __rt_final_exit                          0x0000013d   Thumb Code     0  entry11a.o(.ARM.Collect$$$$0000000F)
    main                                     0x00000141   Thumb Code    58  eb_frequency_and_featureextration_example.o(.text)
    eb_envolop_spectrum_f32                  0x00000181   Thumb Code   270  eb_envolop_spectrum_f32.o(.text)
    SystemInit                               0x00000299   Thumb Code    20  system_armcm4.o(.text)
    Reset_Handler                            0x000002b9   Thumb Code     8  startup_armcm4.o(.text)
    NMI_Handler                              0x000002c1   Thumb Code     2  startup_armcm4.o(.text)
    HardFault_Handler                        0x000002c3   Thumb Code     2  startup_armcm4.o(.text)
    MemManage_Handler                        0x000002c5   Thumb Code     2  startup_armcm4.o(.text)
    BusFault_Handler                         0x000002c7   Thumb Code     2  startup_armcm4.o(.text)
    UsageFault_Handler                       0x000002c9   Thumb Code     2  startup_armcm4.o(.text)
    SVC_Handler                              0x000002cb   Thumb Code     2  startup_armcm4.o(.text)
    DebugMon_Handler                         0x000002cd   Thumb Code     2  startup_armcm4.o(.text)
    PendSV_Handler                           0x000002cf   Thumb Code     2  startup_armcm4.o(.text)
    SysTick_Handler                          0x000002d1   Thumb Code     2  startup_armcm4.o(.text)
    AACI_IRQHandler                          0x000002d3   Thumb Code     0  startup_armcm4.o(.text)
    CAN_IRQHandler                           0x000002d3   Thumb Code     0  startup_armcm4.o(.text)
    CHLCD_IRQHandler                         0x000002d3   Thumb Code     0  startup_armcm4.o(.text)
    CLCD_IRQHandler                          0x000002d3   Thumb Code     0  startup_armcm4.o(.text)
    CPU_CLCD_IRQHandler                      0x000002d3   Thumb Code     0  startup_armcm4.o(.text)
    ENET_IRQHandler                          0x000002d3   Thumb Code     0  startup_armcm4.o(.text)
    FLEXRAY_IRQHandler                       0x000002d3   Thumb Code     0  startup_armcm4.o(.text)
    I2C_IRQHandler                           0x000002d3   Thumb Code     0  startup_armcm4.o(.text)
    LIN_IRQHandler                           0x000002d3   Thumb Code     0  startup_armcm4.o(.text)
    MCIA_IRQHandler                          0x000002d3   Thumb Code     0  startup_armcm4.o(.text)
    MCIB_IRQHandler                          0x000002d3   Thumb Code     0  startup_armcm4.o(.text)
    RTC_IRQHandler                           0x000002d3   Thumb Code     0  startup_armcm4.o(.text)
    SPI_IRQHandler                           0x000002d3   Thumb Code     0  startup_armcm4.o(.text)
    TIM0_IRQHandler                          0x000002d3   Thumb Code     0  startup_armcm4.o(.text)
    TIM2_IRQHandler                          0x000002d3   Thumb Code     0  startup_armcm4.o(.text)
    UART0_IRQHandler                         0x000002d3   Thumb Code     0  startup_armcm4.o(.text)
    UART1_IRQHandler                         0x000002d3   Thumb Code     0  startup_armcm4.o(.text)
    UART2_IRQHandler                         0x000002d3   Thumb Code     0  startup_armcm4.o(.text)
    UART3_IRQHandler                         0x000002d3   Thumb Code     0  startup_armcm4.o(.text)
    UART4_IRQHandler                         0x000002d3   Thumb Code     0  startup_armcm4.o(.text)
    USBDC_IRQHandler                         0x000002d3   Thumb Code     0  startup_armcm4.o(.text)
    USBHC_IRQHandler                         0x000002d3   Thumb Code     0  startup_armcm4.o(.text)
    WDT_IRQHandler                           0x000002d3   Thumb Code     0  startup_armcm4.o(.text)
    arm_mult_f32                             0x000002dd   Thumb Code   206  arm_mult_f32.o(.text)
    arm_offset_f32                           0x000003ab   Thumb Code   160  arm_offset_f32.o(.text)
    arm_cmplx_mag_f32                        0x0000044d   Thumb Code   246  arm_cmplx_mag_f32.o(.text)
    arm_cfft_radix8by2_f32                   0x00000549   Thumb Code   398  arm_cfft_f32.o(.text)
    arm_cfft_radix8by4_f32                   0x000006d7   Thumb Code  1076  arm_cfft_f32.o(.text)
    arm_cfft_f32                             0x00000b0b   Thumb Code   332  arm_cfft_f32.o(.text)
    arm_radix8_butterfly_f32                 0x00000c59   Thumb Code  1244  arm_cfft_radix8_f32.o(.text)
    __aeabi_memcpy                           0x00001135   Thumb Code    36  memcpya.o(.text)
    __aeabi_memcpy4                          0x00001135   Thumb Code     0  memcpya.o(.text)
    __aeabi_memcpy8                          0x00001135   Thumb Code     0  memcpya.o(.text)
    __aeabi_memset                           0x00001159   Thumb Code    14  memseta.o(.text)
    __aeabi_memset4                          0x00001159   Thumb Code     0  memseta.o(.text)
    __aeabi_memset8                          0x00001159   Thumb Code     0  memseta.o(.text)
    __aeabi_memclr                           0x00001167   Thumb Code     4  memseta.o(.text)
    __aeabi_memclr4                          0x00001167   Thumb Code     0  memseta.o(.text)
    __aeabi_memclr8                          0x00001167   Thumb Code     0  memseta.o(.text)
    _memset$wrapper                          0x0000116b   Thumb Code    18  memseta.o(.text)
    __scatterload                            0x0000117d   Thumb Code    28  init.o(.text)
    __scatterload_rt2                        0x0000117d   Thumb Code     0  init.o(.text)
    __scatterload_copy                       0x000011a1   Thumb Code    14  handlers.o(i.__scatterload_copy)
    __scatterload_null                       0x000011af   Thumb Code     2  handlers.o(i.__scatterload_null)
    __scatterload_zeroinit                   0x000011b1   Thumb Code    14  handlers.o(i.__scatterload_zeroinit)
    arm_cfft_sR_f32_len256                   0x000015c0   Data          16  arm_const_structs.o(.constdata)
    twiddleCoef_256                          0x000015d0   Data        2048  arm_common_tables.o(.constdata)
    armBitRevIndexTable256                   0x00001dd0   Data         880  arm_common_tables.o(.constdata)
    Region$$Table$$Base                      0x00002140   Number         0  anon$$obj.o(Region$$Table)
    Region$$Table$$Limit                     0x00002160   Number         0  anon$$obj.o(Region$$Table)
    SystemCoreClock                          0x20000000   Data           4  system_armcm4.o(.data)
    __initial_sp                             0x20040008   Data           0  startup_armcm4.o(STACK)



==============================================================================

Memory Map of the image

  Image Entry point : 0x000002b9

  Load Region LR_1 (Base: 0x00000000, Size: 0x00002164, Max: 0xffffffff, ABSOLUTE)

    Execution Region ER_RO (Exec base: 0x00000000, Load base: 0x00000000, Size: 0x00002160, Max: 0xffffffff, ABSOLUTE)

    Exec Addr    Load Addr    Size         Type   Attr      Idx    E Section Name        Object

    0x00000000   0x00000000   0x000000c0   Data   RO          122    RESET               startup_armcm4.o
    0x000000c0   0x000000c0   0x0000006a   Code   RO          284    . text              arm_cortexM4lf_math.lib(arm_bitreversal2.o)
    0x0000012a   0x0000012a   0x00000000   Code   RO          342  * .ARM.Collect$$$$00000000  mc_w.l(entry.o)
    0x0000012a   0x0000012a   0x00000004   Code   RO          351    .ARM.Collect$$$$00000001  mc_w.l(entry2.o)
    0x0000012e   0x0000012e   0x00000004   Code   RO          354    .ARM.Collect$$$$00000004  mc_w.l(entry5.o)
    0x00000132   0x00000132   0x00000000   Code   RO          356    .ARM.Collect$$$$00000008  mc_w.l(entry7b.o)
    0x00000132   0x00000132   0x00000000   Code   RO          358    .ARM.Collect$$$$0000000A  mc_w.l(entry8b.o)
    0x00000132   0x00000132   0x00000002   PAD
    0x00000134   0x00000134   0x00000008   Code   RO          359    .ARM.Collect$$$$0000000B  mc_w.l(entry9a.o)
    0x0000013c   0x0000013c   0x00000000   Code   RO          361    .ARM.Collect$$$$0000000D  mc_w.l(entry10a.o)
    0x0000013c   0x0000013c   0x00000000   Code   RO          363    .ARM.Collect$$$$0000000F  mc_w.l(entry11a.o)
    0x0000013c   0x0000013c   0x00000004   Code   RO          352    .ARM.Collect$$$$00002712  mc_w.l(entry2.o)
    0x00000140   0x00000140   0x00000040   Code   RO            3    .text               eb_frequency_and_featureextration_example.o
    0x00000180   0x00000180   0x00000118   Code   RO           55    .text               eb_envolop_spectrum_f32.o
    0x00000298   0x00000298   0x00000020   Code   RO           84    .text               system_armcm4.o
    0x000002b8   0x000002b8   0x00000024   Code   RO          123  * .text               startup_armcm4.o
    0x000002dc   0x000002dc   0x000000ce   Code   RO          129    .text               arm_cortexM4lf_math.lib(arm_mult_f32.o)
    0x000003aa   0x000003aa   0x000000a0   Code   RO          174    .text               arm_cortexM4lf_math.lib(arm_offset_f32.o)
    0x0000044a   0x0000044a   0x00000002   PAD
    0x0000044c   0x0000044c   0x000000fc   Code   RO          194    .text               arm_cortexM4lf_math.lib(arm_cmplx_mag_f32.o)
    0x00000548   0x00000548   0x0000070e   Code   RO          214    .text               arm_cortexM4lf_math.lib(arm_cfft_f32.o)
    0x00000c56   0x00000c56   0x00000002   PAD
    0x00000c58   0x00000c58   0x000004dc   Code   RO          266    .text               arm_cortexM4lf_math.lib(arm_cfft_radix8_f32.o)
    0x00001134   0x00001134   0x00000024   Code   RO          345    .text               mc_w.l(memcpya.o)
    0x00001158   0x00001158   0x00000024   Code   RO          347    .text               mc_w.l(memseta.o)
    0x0000117c   0x0000117c   0x00000024   Code   RO          365    .text               mc_w.l(init.o)
    0x000011a0   0x000011a0   0x0000000e   Code   RO          369    i.__scatterload_copy  mc_w.l(handlers.o)
    0x000011ae   0x000011ae   0x00000002   Code   RO          370    i.__scatterload_null  mc_w.l(handlers.o)
    0x000011b0   0x000011b0   0x0000000e   Code   RO          371    i.__scatterload_zeroinit  mc_w.l(handlers.o)
    0x000011be   0x000011be   0x00000002   PAD
    0x000011c0   0x000011c0   0x00000400   Data   RO            4    .constdata          eb_frequency_and_featureextration_example.o
    0x000015c0   0x000015c0   0x00000010   Data   RO          242    .constdata          arm_cortexM4lf_math.lib(arm_const_structs.o)
    0x000015d0   0x000015d0   0x00000800   Data   RO          295    .constdata          arm_cortexM4lf_math.lib(arm_common_tables.o)
    0x00001dd0   0x00001dd0   0x00000370   Data   RO          308    .constdata          arm_cortexM4lf_math.lib(arm_common_tables.o)
    0x00002140   0x00002140   0x00000020   Data   RO          367    Region$$Table       anon$$obj.o


    Execution Region ER_RW (Exec base: 0x20000000, Load base: 0x00002160, Size: 0x00000004, Max: 0xffffffff, ABSOLUTE)

    Exec Addr    Load Addr    Size         Type   Attr      Idx    E Section Name        Object

    0x20000000   0x00002160   0x00000004   Data   RW           85    .data               system_armcm4.o


    Execution Region ER_ZI (Exec base: 0x20000004, Load base: 0x00002164, Size: 0x00040004, Max: 0xffffffff, ABSOLUTE)

    Exec Addr    Load Addr    Size         Type   Attr      Idx    E Section Name        Object

    0x20000004   0x00002164   0x00000004   PAD
    0x20000008        -       0x00040000   Zero   RW          120    STACK               startup_armcm4.o


==============================================================================

Image component sizes


      Code (inc. data)   RO Data    RW Data    ZI Data      Debug   Object Name

       280         10          0          0          0       1066   eb_envolop_spectrum_f32.o
        64          6       1024          0          0      17847   eb_frequency_and_featureextration_example.o
        36          8        192          0     262144        856   startup_armcm4.o
        32         12          0          4          0        751   system_armcm4.o

    ----------------------------------------------------------------------
       412         36       1248          4     262148      20520   Object Totals
         0          0         32          0          0          0   (incl. Generated)
         0          0          0          0          4          0   (incl. Padding)

    ----------------------------------------------------------------------

      Code (inc. data)   RO Data    RW Data    ZI Data      Debug   Library Member Name

       106          0          0          0          0        456   arm_bitreversal2.o
      1806          0          0          0          0       3533   arm_cfft_f32.o
      1244          4          0          0          0       2371   arm_cfft_radix8_f32.o
       252          6          0          0          0       1116   arm_cmplx_mag_f32.o
         0          0       2928          0          0       2744   arm_common_tables.o
         0          0         16          0          0       1057   arm_const_structs.o
       206          0          0          0          0      16331   arm_mult_f32.o
       160          0          0          0          0        817   arm_offset_f32.o
         0          0          0          0          0          0   entry.o
         0          0          0          0          0          0   entry10a.o
         0          0          0          0          0          0   entry11a.o
         8          4          0          0          0          0   entry2.o
         4          0          0          0          0          0   entry5.o
         0          0          0          0          0          0   entry7b.o
         0          0          0          0          0          0   entry8b.o
         8          4          0          0          0          0   entry9a.o
        30          0          0          0          0          0   handlers.o
        36          8          0          0          0         68   init.o
        36          0          0          0          0         68   memcpya.o
        36          0          0          0          0        108   memseta.o

    ----------------------------------------------------------------------
      3940         26       2944          0          0      28669   Library Totals
         8          0          0          0          0          0   (incl. Padding)

    ----------------------------------------------------------------------

      Code (inc. data)   RO Data    RW Data    ZI Data      Debug   Library Name

      3774         10       2944          0          0      28425   arm_cortexM4lf_math.lib
       158         16          0          0          0        244   mc_w.l

    ----------------------------------------------------------------------
      3940         26       2944          0          0      28669   Library Totals

    ----------------------------------------------------------------------

==============================================================================


      Code (inc. data)   RO Data    RW Data    ZI Data      Debug   

      4352         62       4192          4     262148      48941   Grand Totals
      4352         62       4192          4     262148      48941   ELF Image Totals
      4352         62       4192          4          0          0   ROM Totals

==============================================================================

    Total RO  Size (Code + RO Data)                 8544 (   8.34kB)
    Total RW  Size (RW Data + ZI Data)            262152 ( 256.01kB)
    Total ROM Size (Code + RO Data + RW Data)       8548 (   8.35kB)

==============================================================================

