Component: ARM Compiler 5.06 update 6 (build 750) Tool: armlink [4d35ed]

==============================================================================

Section Cross References

    eb_frequency_and_featureextration_example.o(.text) refers to rt_memcpy_w.o(.text) for __aeabi_memcpy4
    eb_frequency_and_featureextration_example.o(.text) refers to eb_harmonic_freq_f32.o(.text) for eb_harmonic_freq_f32
    eb_frequency_and_featureextration_example.o(.text) refers to eb_envolop_spectrum_f32.o(.text) for eb_envolop_spectrum_f32
    eb_frequency_and_featureextration_example.o(.text) refers to eb_frequency_and_featureextration_example.o(.constdata) for .constdata
    eb_frequency_and_featureextration_example.o(.text) refers to eb_frequency_and_featureextration_example.o(.data) for fftSize
    eb_harmonic_freq_f32.o(.text) refers to dflt_clz.o(x$fpl$dfltu) for __aeabi_ui2d
    eb_harmonic_freq_f32.o(.text) refers to dmul_clz.o(x$fpl$dmul) for __aeabi_dmul
    eb_harmonic_freq_f32.o(.text) refers to daddsub_clz.o(x$fpl$dsub) for __aeabi_dsub
    eb_harmonic_freq_f32.o(.text) refers to ddiv_clz.o(x$fpl$ddiv) for __aeabi_ddiv
    eb_harmonic_freq_f32.o(.text) refers to dfixu.o(x$fpl$dfixu) for __aeabi_d2uiz
    eb_harmonic_freq_f32.o(.text) refers to daddsub_clz.o(x$fpl$dadd) for __aeabi_dadd
    eb_harmonic_freq_f32.o(.text) refers to arm_rfft_fast_init_f32.o(.text) for arm_rfft_fast_init_f32
    eb_harmonic_freq_f32.o(.text) refers to arm_rfft_fast_f32.o(.text) for arm_rfft_fast_f32
    eb_harmonic_freq_f32.o(.text) refers to arm_cmplx_mag_f32.o(.text) for arm_cmplx_mag_f32
    eb_harmonic_freq_f32.o(.text) refers to arm_mean_f32.o(.text) for arm_mean_f32
    eb_envolop_spectrum_f32.o(.text) refers to arm_rfft_fast_init_f32.o(.text) for arm_rfft_fast_init_f32
    eb_envolop_spectrum_f32.o(.text) refers to arm_sin_f32.o(.text) for arm_sin_f32
    eb_envolop_spectrum_f32.o(.text) refers to arm_rfft_fast_f32.o(.text) for arm_rfft_fast_f32
    eb_envolop_spectrum_f32.o(.text) refers to arm_cmplx_mag_f32.o(.text) for arm_cmplx_mag_f32
    system_armcm4.o(.text) refers to system_armcm4.o(.data) for SystemCoreClock
    startup_armcm4.o(STACK) refers (Special) to heapauxi.o(.text) for __use_two_region_memory
    startup_armcm4.o(HEAP) refers (Special) to heapauxi.o(.text) for __use_two_region_memory
    startup_armcm4.o(RESET) refers (Special) to heapauxi.o(.text) for __use_two_region_memory
    startup_armcm4.o(RESET) refers to startup_armcm4.o(STACK) for __initial_sp
    startup_armcm4.o(RESET) refers to startup_armcm4.o(.text) for Reset_Handler
    startup_armcm4.o(.text) refers (Special) to heapauxi.o(.text) for __use_two_region_memory
    startup_armcm4.o(.text) refers to system_armcm4.o(.text) for SystemInit
    startup_armcm4.o(.text) refers to __main.o(!!!main) for __main
    startup_armcm4.o(.text) refers to startup_armcm4.o(HEAP) for Heap_Mem
    startup_armcm4.o(.text) refers to startup_armcm4.o(STACK) for Stack_Mem
    arm_sin_f32.o(.text) refers to arm_common_tables.o(.constdata) for sinTable_f32
    arm_rfft_fast_f32.o(.text) refers to arm_cfft_f32.o(.text) for arm_cfft_f32
    arm_rfft_fast_init_f32.o(.text) refers to arm_common_tables.o(.constdata) for armBitRevIndexTable2048
    arm_rfft_fast_init_f32.o(.text) refers to arm_common_tables.o(.constdata) for twiddleCoef_2048
    arm_rfft_fast_init_f32.o(.text) refers to arm_common_tables.o(.constdata) for twiddleCoef_rfft_4096
    arm_rfft_fast_init_f32.o(.text) refers to arm_common_tables.o(.constdata) for armBitRevIndexTable1024
    arm_rfft_fast_init_f32.o(.text) refers to arm_common_tables.o(.constdata) for twiddleCoef_1024
    arm_rfft_fast_init_f32.o(.text) refers to arm_common_tables.o(.constdata) for twiddleCoef_rfft_2048
    arm_rfft_fast_init_f32.o(.text) refers to arm_common_tables.o(.constdata) for armBitRevIndexTable512
    arm_rfft_fast_init_f32.o(.text) refers to arm_common_tables.o(.constdata) for twiddleCoef_512
    arm_rfft_fast_init_f32.o(.text) refers to arm_common_tables.o(.constdata) for twiddleCoef_rfft_1024
    arm_rfft_fast_init_f32.o(.text) refers to arm_common_tables.o(.constdata) for armBitRevIndexTable256
    arm_rfft_fast_init_f32.o(.text) refers to arm_common_tables.o(.constdata) for twiddleCoef_256
    arm_rfft_fast_init_f32.o(.text) refers to arm_common_tables.o(.constdata) for twiddleCoef_rfft_512
    arm_rfft_fast_init_f32.o(.text) refers to arm_common_tables.o(.constdata) for armBitRevIndexTable128
    arm_rfft_fast_init_f32.o(.text) refers to arm_common_tables.o(.constdata) for twiddleCoef_128
    arm_rfft_fast_init_f32.o(.text) refers to arm_common_tables.o(.constdata) for twiddleCoef_rfft_256
    arm_rfft_fast_init_f32.o(.text) refers to arm_common_tables.o(.constdata) for armBitRevIndexTable64
    arm_rfft_fast_init_f32.o(.text) refers to arm_common_tables.o(.constdata) for twiddleCoef_64
    arm_rfft_fast_init_f32.o(.text) refers to arm_common_tables.o(.constdata) for twiddleCoef_rfft_128
    arm_rfft_fast_init_f32.o(.text) refers to arm_common_tables.o(.constdata) for armBitRevIndexTable32
    arm_rfft_fast_init_f32.o(.text) refers to arm_common_tables.o(.constdata) for twiddleCoef_32
    arm_rfft_fast_init_f32.o(.text) refers to arm_common_tables.o(.constdata) for twiddleCoef_rfft_64
    arm_rfft_fast_init_f32.o(.text) refers to arm_common_tables.o(.constdata) for armBitRevIndexTable16
    arm_rfft_fast_init_f32.o(.text) refers to arm_common_tables.o(.constdata) for twiddleCoef_16
    arm_rfft_fast_init_f32.o(.text) refers to arm_common_tables.o(.constdata) for twiddleCoef_rfft_32
    arm_cfft_f32.o(.text) refers to arm_cfft_radix8_f32.o(.text) for arm_radix8_butterfly_f32
    arm_cfft_f32.o(.text) refers to arm_bitreversal2.o(. text) for arm_bitreversal_32
    __main.o(!!!main) refers to __rtentry.o(.ARM.Collect$$rtentry$$00000000) for __rt_entry
    daddsub_clz.o(x$fpl$dadd) refers (Special) to usenofp.o(x$fpl$usenofp) for __I$use$fp
    daddsub_clz.o(x$fpl$dadd) refers to daddsub_clz.o(x$fpl$dsub) for _dsub1
    daddsub_clz.o(x$fpl$dadd) refers to except.o(x$fpl$exception) for __fpl_exception
    daddsub_clz.o(x$fpl$dadd) refers to dnaninf.o(x$fpl$dnaninf) for __fpl_dnaninf
    daddsub_clz.o(x$fpl$drsb) refers (Special) to usenofp.o(x$fpl$usenofp) for __I$use$fp
    daddsub_clz.o(x$fpl$drsb) refers to daddsub_clz.o(x$fpl$dadd) for _dadd1
    daddsub_clz.o(x$fpl$drsb) refers to daddsub_clz.o(x$fpl$dsub) for _dsub1
    daddsub_clz.o(x$fpl$dsub) refers (Special) to usenofp.o(x$fpl$usenofp) for __I$use$fp
    daddsub_clz.o(x$fpl$dsub) refers to daddsub_clz.o(x$fpl$dadd) for _dadd1
    daddsub_clz.o(x$fpl$dsub) refers to except.o(x$fpl$exception) for __fpl_exception
    daddsub_clz.o(x$fpl$dsub) refers to dunder_clz.o(x$fpl$dunder) for __dunder
    daddsub_clz.o(x$fpl$dsub) refers to dnaninf.o(x$fpl$dnaninf) for __fpl_dnaninf
    ddiv_clz.o(x$fpl$drdiv) refers (Special) to usenofp.o(x$fpl$usenofp) for __I$use$fp
    ddiv_clz.o(x$fpl$drdiv) refers to ddiv_clz.o(x$fpl$ddiv) for ddiv_entry
    ddiv_clz.o(x$fpl$ddiv) refers (Special) to usenofp.o(x$fpl$usenofp) for __I$use$fp
    ddiv_clz.o(x$fpl$ddiv) refers to except.o(x$fpl$exception) for __fpl_exception
    ddiv_clz.o(x$fpl$ddiv) refers to dunder_clz.o(x$fpl$dunder) for __dunder
    ddiv_clz.o(x$fpl$ddiv) refers to drenorm_clz.o(x$fpl$drenorm) for __fpl_drenorm2
    ddiv_clz.o(x$fpl$ddiv) refers to dnaninf.o(x$fpl$dnaninf) for __fpl_dnaninf
    ddiv_clz.o(x$fpl$ddiv) refers to dretinf.o(x$fpl$dretinf) for __fpl_dretinf
    dfixu.o(x$fpl$dfixu) refers (Special) to usenofp.o(x$fpl$usenofp) for __I$use$fp
    dfixu.o(x$fpl$dfixu) refers to except.o(x$fpl$exception) for __fpl_exception
    dfixu.o(x$fpl$dfixu) refers to dnaninf.o(x$fpl$dnaninf) for __fpl_dnaninf
    dfixu.o(x$fpl$dfixur) refers (Special) to usenofp.o(x$fpl$usenofp) for __I$use$fp
    dfixu.o(x$fpl$dfixur) refers to except.o(x$fpl$exception) for __fpl_exception
    dfixu.o(x$fpl$dfixur) refers to dnaninf.o(x$fpl$dnaninf) for __fpl_dnaninf
    dflt_clz.o(x$fpl$dfltu) refers (Special) to usenofp.o(x$fpl$usenofp) for __I$use$fp
    dflt_clz.o(x$fpl$dflt) refers (Special) to usenofp.o(x$fpl$usenofp) for __I$use$fp
    dflt_clz.o(x$fpl$dfltn) refers (Special) to usenofp.o(x$fpl$usenofp) for __I$use$fp
    dmul_clz.o(x$fpl$dmul) refers (Special) to usenofp.o(x$fpl$usenofp) for __I$use$fp
    dmul_clz.o(x$fpl$dmul) refers to except.o(x$fpl$exception) for __fpl_exception
    dmul_clz.o(x$fpl$dmul) refers to dunder_clz.o(x$fpl$dunder) for __dunder
    dmul_clz.o(x$fpl$dmul) refers to drenorm_clz.o(x$fpl$drenorm) for __fpl_drenorm2
    dmul_clz.o(x$fpl$dmul) refers to dnaninf.o(x$fpl$dnaninf) for __fpl_dnaninf
    dmul_clz.o(x$fpl$dmul) refers to dretinf.o(x$fpl$dretinf) for __fpl_dretinf
    __rtentry.o(.ARM.Collect$$rtentry$$00000000) refers (Special) to __rtentry2.o(.ARM.Collect$$rtentry$$0000000A) for __rt_entry_li
    __rtentry.o(.ARM.Collect$$rtentry$$00000000) refers (Special) to __rtentry2.o(.ARM.Collect$$rtentry$$0000000D) for __rt_entry_main
    __rtentry.o(.ARM.Collect$$rtentry$$00000000) refers (Special) to __rtentry2.o(.ARM.Collect$$rtentry$$0000000C) for __rt_entry_postli_1
    __rtentry.o(.ARM.Collect$$rtentry$$00000000) refers (Special) to __rtentry2.o(.ARM.Collect$$rtentry$$00000009) for __rt_entry_postsh_1
    __rtentry.o(.ARM.Collect$$rtentry$$00000000) refers (Special) to __rtentry2.o(.ARM.Collect$$rtentry$$00000002) for __rt_entry_presh_1
    __rtentry.o(.ARM.Collect$$rtentry$$00000000) refers (Special) to __rtentry4.o(.ARM.Collect$$rtentry$$00000004) for __rt_entry_sh
    dnaninf.o(x$fpl$dnaninf) refers (Special) to usenofp.o(x$fpl$usenofp) for __I$use$fp
    dnaninf.o(x$fpl$dnaninf) refers to except.o(x$fpl$exception) for __fpl_exception
    dnaninf.o(x$fpl$dnaninf) refers to dunder_clz.o(x$fpl$dunder) for __dunder_d
    drenorm_clz.o(x$fpl$drenorm) refers (Special) to usenofp.o(x$fpl$usenofp) for __I$use$fp
    dretinf.o(x$fpl$dretinf) refers (Special) to usenofp.o(x$fpl$usenofp) for __I$use$fp
    dunder_clz.o(x$fpl$dunder) refers (Special) to usenofp.o(x$fpl$usenofp) for __I$use$fp
    dunder_clz.o(x$fpl$dunder) refers to except.o(x$fpl$exception) for __fpl_exception
    dunder_clz.o(x$fpl$dunder) refers to drenorm_clz.o(x$fpl$drenorm) for __fpl_drenorm1
    dunder_clz.o(x$fpl$dunder) refers to trapv.o(x$fpl$trapveneer) for _fp_trapveneer
    except.o(x$fpl$exception) refers (Special) to usenofp.o(x$fpl$usenofp) for __I$use$fp
    except.o(x$fpl$exception) refers to trapv.o(x$fpl$trapveneer) for _fp_trapveneer
    except.o(x$fpl$exception) refers to retnan.o(x$fpl$retnan) for __fpl_return_NaN
    __rtentry2.o(.ARM.Collect$$rtentry$$00000008) refers to boardinit2.o(.text) for _platform_post_stackheap_init
    __rtentry2.o(.ARM.Collect$$rtentry$$0000000A) refers to libinit.o(.ARM.Collect$$libinit$$00000000) for __rt_lib_init
    __rtentry2.o(.ARM.Collect$$rtentry$$0000000B) refers to boardinit3.o(.text) for _platform_post_lib_init
    __rtentry2.o(.ARM.Collect$$rtentry$$0000000D) refers to eb_frequency_and_featureextration_example.o(.text) for main
    __rtentry2.o(.ARM.Collect$$rtentry$$0000000D) refers to exit.o(.text) for exit
    __rtentry2.o(.ARM.exidx) refers to __rtentry2.o(.ARM.Collect$$rtentry$$00000001) for .ARM.Collect$$rtentry$$00000001
    __rtentry2.o(.ARM.exidx) refers to __rtentry2.o(.ARM.Collect$$rtentry$$00000008) for .ARM.Collect$$rtentry$$00000008
    __rtentry2.o(.ARM.exidx) refers to __rtentry2.o(.ARM.Collect$$rtentry$$0000000A) for .ARM.Collect$$rtentry$$0000000A
    __rtentry2.o(.ARM.exidx) refers to __rtentry2.o(.ARM.Collect$$rtentry$$0000000B) for .ARM.Collect$$rtentry$$0000000B
    __rtentry2.o(.ARM.exidx) refers to __rtentry2.o(.ARM.Collect$$rtentry$$0000000D) for .ARM.Collect$$rtentry$$0000000D
    __rtentry4.o(.ARM.Collect$$rtentry$$00000004) refers to sys_stackheap_outer.o(.text) for __user_setup_stackheap
    __rtentry4.o(.ARM.exidx) refers to __rtentry4.o(.ARM.Collect$$rtentry$$00000004) for .ARM.Collect$$rtentry$$00000004
    retnan.o(x$fpl$retnan) refers (Special) to usenofp.o(x$fpl$usenofp) for __I$use$fp
    retnan.o(x$fpl$retnan) refers to trapv.o(x$fpl$trapveneer) for __fpl_cmpreturn
    trapv.o(x$fpl$trapveneer) refers (Special) to usenofp.o(x$fpl$usenofp) for __I$use$fp
    trapv.o(x$fpl$trapveneer) refers to _fptrap.o(.text) for _fp_trap
    sys_stackheap_outer.o(.text) refers to libspace.o(.text) for __user_perproc_libspace
    sys_stackheap_outer.o(.text) refers to startup_armcm4.o(.text) for __user_initial_stackheap
    _fptrap.o(.text) refers to defsig_fpe_outer.o(.text) for __rt_SIGFPE
    exit.o(.text) refers to rtexit.o(.ARM.Collect$$rtexit$$00000000) for __rt_exit
    libinit.o(.ARM.Collect$$libinit$$00000000) refers (Special) to libinit2.o(.ARM.Collect$$libinit$$0000002E) for __rt_lib_init_alloca_1
    libinit.o(.ARM.Collect$$libinit$$00000000) refers (Special) to libinit2.o(.ARM.Collect$$libinit$$0000002C) for __rt_lib_init_argv_1
    libinit.o(.ARM.Collect$$libinit$$00000000) refers (Special) to libinit2.o(.ARM.Collect$$libinit$$0000001B) for __rt_lib_init_atexit_1
    libinit.o(.ARM.Collect$$libinit$$00000000) refers (Special) to libinit2.o(.ARM.Collect$$libinit$$00000021) for __rt_lib_init_clock_1
    libinit.o(.ARM.Collect$$libinit$$00000000) refers (Special) to libinit2.o(.ARM.Collect$$libinit$$00000032) for __rt_lib_init_cpp_1
    libinit.o(.ARM.Collect$$libinit$$00000000) refers (Special) to libinit2.o(.ARM.Collect$$libinit$$00000030) for __rt_lib_init_exceptions_1
    libinit.o(.ARM.Collect$$libinit$$00000000) refers (Special) to libinit2.o(.ARM.Collect$$libinit$$00000001) for __rt_lib_init_fp_1
    libinit.o(.ARM.Collect$$libinit$$00000000) refers (Special) to libinit2.o(.ARM.Collect$$libinit$$0000001F) for __rt_lib_init_fp_trap_1
    libinit.o(.ARM.Collect$$libinit$$00000000) refers (Special) to libinit2.o(.ARM.Collect$$libinit$$00000023) for __rt_lib_init_getenv_1
    libinit.o(.ARM.Collect$$libinit$$00000000) refers (Special) to libinit2.o(.ARM.Collect$$libinit$$0000000A) for __rt_lib_init_heap_1
    libinit.o(.ARM.Collect$$libinit$$00000000) refers (Special) to libinit2.o(.ARM.Collect$$libinit$$00000011) for __rt_lib_init_lc_collate_1
    libinit.o(.ARM.Collect$$libinit$$00000000) refers (Special) to libinit2.o(.ARM.Collect$$libinit$$00000013) for __rt_lib_init_lc_ctype_1
    libinit.o(.ARM.Collect$$libinit$$00000000) refers (Special) to libinit2.o(.ARM.Collect$$libinit$$00000015) for __rt_lib_init_lc_monetary_1
    libinit.o(.ARM.Collect$$libinit$$00000000) refers (Special) to libinit2.o(.ARM.Collect$$libinit$$00000017) for __rt_lib_init_lc_numeric_1
    libinit.o(.ARM.Collect$$libinit$$00000000) refers (Special) to libinit2.o(.ARM.Collect$$libinit$$00000019) for __rt_lib_init_lc_time_1
    libinit.o(.ARM.Collect$$libinit$$00000000) refers (Special) to libinit2.o(.ARM.Collect$$libinit$$00000004) for __rt_lib_init_preinit_1
    libinit.o(.ARM.Collect$$libinit$$00000000) refers (Special) to libinit2.o(.ARM.Collect$$libinit$$0000000E) for __rt_lib_init_rand_1
    libinit.o(.ARM.Collect$$libinit$$00000000) refers (Special) to libinit2.o(.ARM.Collect$$libinit$$00000033) for __rt_lib_init_return
    libinit.o(.ARM.Collect$$libinit$$00000000) refers (Special) to libinit2.o(.ARM.Collect$$libinit$$0000001D) for __rt_lib_init_signal_1
    libinit.o(.ARM.Collect$$libinit$$00000000) refers (Special) to libinit2.o(.ARM.Collect$$libinit$$00000025) for __rt_lib_init_stdio_1
    libinit.o(.ARM.Collect$$libinit$$00000000) refers (Special) to libinit2.o(.ARM.Collect$$libinit$$0000000C) for __rt_lib_init_user_alloc_1
    libspace.o(.text) refers to libspace.o(.bss) for __libspace_start
    rtexit.o(.ARM.Collect$$rtexit$$00000000) refers (Special) to rtexit2.o(.ARM.Collect$$rtexit$$00000004) for __rt_exit_exit
    rtexit.o(.ARM.Collect$$rtexit$$00000000) refers (Special) to rtexit2.o(.ARM.Collect$$rtexit$$00000003) for __rt_exit_ls
    rtexit.o(.ARM.Collect$$rtexit$$00000000) refers (Special) to rtexit2.o(.ARM.Collect$$rtexit$$00000002) for __rt_exit_prels_1
    rtexit.o(.ARM.exidx) refers (Special) to rtexit2.o(.ARM.Collect$$rtexit$$00000004) for __rt_exit_exit
    rtexit.o(.ARM.exidx) refers (Special) to rtexit2.o(.ARM.Collect$$rtexit$$00000003) for __rt_exit_ls
    rtexit.o(.ARM.exidx) refers (Special) to rtexit2.o(.ARM.Collect$$rtexit$$00000002) for __rt_exit_prels_1
    rtexit.o(.ARM.exidx) refers to rtexit.o(.ARM.Collect$$rtexit$$00000000) for .ARM.Collect$$rtexit$$00000000
    defsig_fpe_outer.o(.text) refers to defsig_fpe_inner.o(.text) for __rt_SIGFPE_inner
    defsig_fpe_outer.o(.text) refers to defsig_exit.o(.text) for __sig_exit
    defsig_fpe_formal.o(.text) refers to rt_raise.o(.text) for __rt_raise
    libinit2.o(.ARM.Collect$$libinit$$00000001) refers to fpinit.o(x$fpl$fpinit) for _fp_init
    libinit2.o(.ARM.Collect$$libinit$$00000010) refers to libinit2.o(.ARM.Collect$$libinit$$0000000F) for .ARM.Collect$$libinit$$0000000F
    libinit2.o(.ARM.Collect$$libinit$$00000012) refers to libinit2.o(.ARM.Collect$$libinit$$0000000F) for .ARM.Collect$$libinit$$0000000F
    libinit2.o(.ARM.Collect$$libinit$$00000014) refers to libinit2.o(.ARM.Collect$$libinit$$0000000F) for .ARM.Collect$$libinit$$0000000F
    libinit2.o(.ARM.Collect$$libinit$$00000016) refers to libinit2.o(.ARM.Collect$$libinit$$0000000F) for .ARM.Collect$$libinit$$0000000F
    libinit2.o(.ARM.Collect$$libinit$$00000018) refers to libinit2.o(.ARM.Collect$$libinit$$0000000F) for .ARM.Collect$$libinit$$0000000F
    libinit2.o(.ARM.Collect$$libinit$$00000026) refers to argv_veneer.o(.emb_text) for __ARM_argv_veneer
    libinit2.o(.ARM.Collect$$libinit$$00000027) refers to argv_veneer.o(.emb_text) for __ARM_argv_veneer
    rtexit2.o(.ARM.Collect$$rtexit$$00000003) refers to libshutdown.o(.ARM.Collect$$libshutdown$$00000000) for __rt_lib_shutdown
    rtexit2.o(.ARM.Collect$$rtexit$$00000004) refers to sys_exit.o(.text) for _sys_exit
    rtexit2.o(.ARM.exidx) refers to rtexit2.o(.ARM.Collect$$rtexit$$00000001) for .ARM.Collect$$rtexit$$00000001
    rtexit2.o(.ARM.exidx) refers to rtexit2.o(.ARM.Collect$$rtexit$$00000003) for .ARM.Collect$$rtexit$$00000003
    rtexit2.o(.ARM.exidx) refers to rtexit2.o(.ARM.Collect$$rtexit$$00000004) for .ARM.Collect$$rtexit$$00000004
    rt_raise.o(.text) refers to __raise.o(.text) for __raise
    rt_raise.o(.text) refers to sys_exit.o(.text) for _sys_exit
    defsig_exit.o(.text) refers to sys_exit.o(.text) for _sys_exit
    defsig_fpe_inner.o(.text) refers to defsig_general.o(.text) for __default_signal_display
    argv_veneer.o(.emb_text) refers to no_argv.o(.text) for __ARM_get_argv
    sys_exit.o(.text) refers (Special) to use_no_semi.o(.text) for __I$use$semihosting
    sys_exit.o(.text) refers (Special) to indicate_semi.o(.text) for __semihosting_library_function
    __raise.o(.text) refers to defsig.o(CL$$defsig) for __default_signal_handler
    defsig_general.o(.text) refers to sys_wrch.o(.text) for _ttywrch
    _get_argv_nomalloc.o(.text) refers (Special) to hrguard.o(.text) for __heap_region$guard
    _get_argv_nomalloc.o(.text) refers to defsig_rtmem_outer.o(.text) for __rt_SIGRTMEM
    _get_argv_nomalloc.o(.text) refers to sys_command.o(.text) for _sys_command_string
    libshutdown.o(.ARM.Collect$$libshutdown$$00000000) refers (Special) to libshutdown2.o(.ARM.Collect$$libshutdown$$00000002) for __rt_lib_shutdown_cpp_1
    libshutdown.o(.ARM.Collect$$libshutdown$$00000000) refers (Special) to libshutdown2.o(.ARM.Collect$$libshutdown$$00000007) for __rt_lib_shutdown_fp_trap_1
    libshutdown.o(.ARM.Collect$$libshutdown$$00000000) refers (Special) to libshutdown2.o(.ARM.Collect$$libshutdown$$0000000F) for __rt_lib_shutdown_heap_1
    libshutdown.o(.ARM.Collect$$libshutdown$$00000000) refers (Special) to libshutdown2.o(.ARM.Collect$$libshutdown$$00000010) for __rt_lib_shutdown_return
    libshutdown.o(.ARM.Collect$$libshutdown$$00000000) refers (Special) to libshutdown2.o(.ARM.Collect$$libshutdown$$0000000A) for __rt_lib_shutdown_signal_1
    libshutdown.o(.ARM.Collect$$libshutdown$$00000000) refers (Special) to libshutdown2.o(.ARM.Collect$$libshutdown$$00000004) for __rt_lib_shutdown_stdio_1
    libshutdown.o(.ARM.Collect$$libshutdown$$00000000) refers (Special) to libshutdown2.o(.ARM.Collect$$libshutdown$$0000000C) for __rt_lib_shutdown_user_alloc_1
    sys_wrch.o(.text) refers (Special) to use_no_semi.o(.text) for __I$use$semihosting
    sys_wrch.o(.text) refers (Special) to indicate_semi.o(.text) for __semihosting_library_function
    sys_command.o(.text) refers (Special) to use_no_semi.o(.text) for __I$use$semihosting
    sys_command.o(.text) refers (Special) to indicate_semi.o(.text) for __semihosting_library_function
    defsig_rtmem_outer.o(.text) refers to defsig_rtmem_inner.o(.text) for __rt_SIGRTMEM_inner
    defsig_rtmem_outer.o(.text) refers to defsig_exit.o(.text) for __sig_exit
    defsig_rtmem_formal.o(.text) refers to rt_raise.o(.text) for __rt_raise
    defsig.o(CL$$defsig) refers to defsig_fpe_inner.o(.text) for __rt_SIGFPE_inner
    defsig.o(CL$$defsig) refers to defsig_rtmem_inner.o(.text) for __rt_SIGRTMEM_inner
    defsig_abrt_inner.o(.text) refers to defsig_general.o(.text) for __default_signal_display
    defsig_rtred_inner.o(.text) refers to defsig_general.o(.text) for __default_signal_display
    defsig_rtmem_inner.o(.text) refers to defsig_general.o(.text) for __default_signal_display
    defsig_stak_inner.o(.text) refers to defsig_general.o(.text) for __default_signal_display
    defsig_pvfn_inner.o(.text) refers to defsig_general.o(.text) for __default_signal_display
    defsig_cppl_inner.o(.text) refers to defsig_general.o(.text) for __default_signal_display
    defsig_segv_inner.o(.text) refers to defsig_general.o(.text) for __default_signal_display
    defsig_other.o(.text) refers to defsig_general.o(.text) for __default_signal_display


==============================================================================

Removing Unused input sections from the image.

    Removing eb_frequency_and_featureextration_example.o(.rev16_text), (4 bytes).
    Removing eb_frequency_and_featureextration_example.o(.revsh_text), (4 bytes).
    Removing eb_harmonic_freq_f32.o(.rev16_text), (4 bytes).
    Removing eb_harmonic_freq_f32.o(.revsh_text), (4 bytes).
    Removing eb_envolop_spectrum_f32.o(.rev16_text), (4 bytes).
    Removing eb_envolop_spectrum_f32.o(.revsh_text), (4 bytes).
    Removing system_armcm4.o(.rev16_text), (4 bytes).
    Removing system_armcm4.o(.revsh_text), (4 bytes).
    Removing arm_sin_f32.o(.rev16_text), (4 bytes).
    Removing arm_sin_f32.o(.revsh_text), (4 bytes).
    Removing arm_cmplx_mag_f32.o(.rev16_text), (4 bytes).
    Removing arm_cmplx_mag_f32.o(.revsh_text), (4 bytes).
    Removing arm_rfft_fast_f32.o(.rev16_text), (4 bytes).
    Removing arm_rfft_fast_f32.o(.revsh_text), (4 bytes).
    Removing arm_rfft_fast_init_f32.o(.rev16_text), (4 bytes).
    Removing arm_rfft_fast_init_f32.o(.revsh_text), (4 bytes).
    Removing arm_mean_f32.o(.rev16_text), (4 bytes).
    Removing arm_mean_f32.o(.revsh_text), (4 bytes).
    Removing arm_cfft_f32.o(.rev16_text), (4 bytes).
    Removing arm_cfft_f32.o(.revsh_text), (4 bytes).
    Removing arm_common_tables.o(.rev16_text), (4 bytes).
    Removing arm_common_tables.o(.revsh_text), (4 bytes).
    Removing arm_common_tables.o(.constdata), (2048 bytes).
    Removing arm_common_tables.o(.constdata), (32768 bytes).
    Removing arm_common_tables.o(.constdata), (24576 bytes).
    Removing arm_common_tables.o(.constdata), (12288 bytes).
    Removing arm_common_tables.o(.constdata), (128 bytes).
    Removing arm_common_tables.o(.constdata), (256 bytes).
    Removing arm_common_tables.o(.constdata), (8064 bytes).
    Removing arm_common_tables.o(.constdata), (2052 bytes).
    Removing arm_common_tables.o(.constdata), (1026 bytes).
    Removing arm_cfft_radix8_f32.o(.rev16_text), (4 bytes).
    Removing arm_cfft_radix8_f32.o(.revsh_text), (4 bytes).

33 unused section(s) (total 83302 bytes) removed from the image.

==============================================================================

Image Symbol Table

    Local Symbols

    Symbol Name                              Value     Ov Type        Size  Object(Section)

    RESET                                    0x00000000   Section      192  startup_armcm4.o(RESET)
    ../clib/angel/boardlib.s                 0x00000000   Number         0  boardinit1.o ABSOLUTE
    ../clib/angel/boardlib.s                 0x00000000   Number         0  boardinit3.o ABSOLUTE
    ../clib/angel/boardlib.s                 0x00000000   Number         0  boardshut.o ABSOLUTE
    ../clib/angel/boardlib.s                 0x00000000   Number         0  boardinit2.o ABSOLUTE
    ../clib/angel/handlers.s                 0x00000000   Number         0  __scatter_copy.o ABSOLUTE
    ../clib/angel/handlers.s                 0x00000000   Number         0  __scatter_zi.o ABSOLUTE
    ../clib/angel/kernel.s                   0x00000000   Number         0  __rtentry2.o ABSOLUTE
    ../clib/angel/kernel.s                   0x00000000   Number         0  rtexit2.o ABSOLUTE
    ../clib/angel/kernel.s                   0x00000000   Number         0  __rtentry4.o ABSOLUTE
    ../clib/angel/kernel.s                   0x00000000   Number         0  rtexit.o ABSOLUTE
    ../clib/angel/kernel.s                   0x00000000   Number         0  __rtentry.o ABSOLUTE
    ../clib/angel/rt.s                       0x00000000   Number         0  rt_raise.o ABSOLUTE
    ../clib/angel/scatter.s                  0x00000000   Number         0  __scatter.o ABSOLUTE
    ../clib/angel/startup.s                  0x00000000   Number         0  __main.o ABSOLUTE
    ../clib/angel/sys.s                      0x00000000   Number         0  libspace.o ABSOLUTE
    ../clib/angel/sys.s                      0x00000000   Number         0  sys_stackheap_outer.o ABSOLUTE
    ../clib/angel/sys.s                      0x00000000   Number         0  use_no_semi.o ABSOLUTE
    ../clib/angel/sys.s                      0x00000000   Number         0  indicate_semi.o ABSOLUTE
    ../clib/angel/sysapp.c                   0x00000000   Number         0  sys_exit.o ABSOLUTE
    ../clib/angel/sysapp.c                   0x00000000   Number         0  sys_wrch.o ABSOLUTE
    ../clib/angel/sysapp.c                   0x00000000   Number         0  sys_command.o ABSOLUTE
    ../clib/armsys.c                         0x00000000   Number         0  argv_veneer.o ABSOLUTE
    ../clib/armsys.c                         0x00000000   Number         0  _get_argv_nomalloc.o ABSOLUTE
    ../clib/armsys.c                         0x00000000   Number         0  no_argv.o ABSOLUTE
    ../clib/armsys.c                         0x00000000   Number         0  argv_veneer.o ABSOLUTE
    ../clib/fenv.c                           0x00000000   Number         0  _fptrap.o ABSOLUTE
    ../clib/heapalloc.c                      0x00000000   Number         0  hrguard.o ABSOLUTE
    ../clib/heapaux.c                        0x00000000   Number         0  heapauxi.o ABSOLUTE
    ../clib/libinit.s                        0x00000000   Number         0  libinit.o ABSOLUTE
    ../clib/libinit.s                        0x00000000   Number         0  libshutdown2.o ABSOLUTE
    ../clib/libinit.s                        0x00000000   Number         0  libshutdown.o ABSOLUTE
    ../clib/libinit.s                        0x00000000   Number         0  libinit2.o ABSOLUTE
    ../clib/memcpset.s                       0x00000000   Number         0  rt_memcpy_w.o ABSOLUTE
    ../clib/signal.c                         0x00000000   Number         0  defsig_stak_inner.o ABSOLUTE
    ../clib/signal.c                         0x00000000   Number         0  defsig_rtmem_inner.o ABSOLUTE
    ../clib/signal.c                         0x00000000   Number         0  defsig_fpe_outer.o ABSOLUTE
    ../clib/signal.c                         0x00000000   Number         0  defsig_fpe_formal.o ABSOLUTE
    ../clib/signal.c                         0x00000000   Number         0  __raise.o ABSOLUTE
    ../clib/signal.c                         0x00000000   Number         0  defsig_abrt_inner.o ABSOLUTE
    ../clib/signal.c                         0x00000000   Number         0  defsig_rtmem_outer.o ABSOLUTE
    ../clib/signal.c                         0x00000000   Number         0  defsig_exit.o ABSOLUTE
    ../clib/signal.c                         0x00000000   Number         0  defsig_rtmem_formal.o ABSOLUTE
    ../clib/signal.c                         0x00000000   Number         0  defsig_general.o ABSOLUTE
    ../clib/signal.c                         0x00000000   Number         0  defsig_pvfn_inner.o ABSOLUTE
    ../clib/signal.c                         0x00000000   Number         0  defsig_cppl_inner.o ABSOLUTE
    ../clib/signal.c                         0x00000000   Number         0  defsig_segv_inner.o ABSOLUTE
    ../clib/signal.c                         0x00000000   Number         0  defsig_other.o ABSOLUTE
    ../clib/signal.c                         0x00000000   Number         0  defsig_rtred_inner.o ABSOLUTE
    ../clib/signal.c                         0x00000000   Number         0  defsig_fpe_inner.o ABSOLUTE
    ../clib/signal.s                         0x00000000   Number         0  defsig.o ABSOLUTE
    ../clib/stdlib.c                         0x00000000   Number         0  exit.o ABSOLUTE
    ../fplib/daddsub.s                       0x00000000   Number         0  daddsub_clz.o ABSOLUTE
    ../fplib/ddiv.s                          0x00000000   Number         0  ddiv_clz.o ABSOLUTE
    ../fplib/dfixu.s                         0x00000000   Number         0  dfixu.o ABSOLUTE
    ../fplib/dflt.s                          0x00000000   Number         0  dflt_clz.o ABSOLUTE
    ../fplib/dmul.s                          0x00000000   Number         0  dmul_clz.o ABSOLUTE
    ../fplib/dnaninf.s                       0x00000000   Number         0  dnaninf.o ABSOLUTE
    ../fplib/drenorm.s                       0x00000000   Number         0  drenorm_clz.o ABSOLUTE
    ../fplib/dretinf.s                       0x00000000   Number         0  dretinf.o ABSOLUTE
    ../fplib/dunder.s                        0x00000000   Number         0  dunder_clz.o ABSOLUTE
    ../fplib/except.s                        0x00000000   Number         0  except.o ABSOLUTE
    ../fplib/fpinit.s                        0x00000000   Number         0  fpinit.o ABSOLUTE
    ../fplib/retnan.s                        0x00000000   Number         0  retnan.o ABSOLUTE
    ../fplib/trapv.s                         0x00000000   Number         0  trapv.o ABSOLUTE
    ../fplib/usenofp.s                       0x00000000   Number         0  usenofp.o ABSOLUTE
    ..\..\..\Source\frequency_and_featureExtration\eb_envolop_spectrum_f32.c 0x00000000   Number         0  eb_envolop_spectrum_f32.o ABSOLUTE
    ..\..\..\Source\frequency_and_featureExtration\eb_harmonic_freq_f32.c 0x00000000   Number         0  eb_harmonic_freq_f32.o ABSOLUTE
    ..\..\Common\Source\system_ARMCM4.c      0x00000000   Number         0  system_armcm4.o ABSOLUTE
    ..\..\Common\Startup\ARM\startup_ARMCM4.s 0x00000000   Number         0  startup_armcm4.o ABSOLUTE
    ..\CommonTables\arm_common_tables.c      0x00000000   Number         0  arm_common_tables.o ABSOLUTE
    ..\ComplexMathFunctions\arm_cmplx_mag_f32.c 0x00000000   Number         0  arm_cmplx_mag_f32.o ABSOLUTE
    ..\FastMathFunctions\arm_sin_f32.c       0x00000000   Number         0  arm_sin_f32.o ABSOLUTE
    ..\StatisticsFunctions\arm_mean_f32.c    0x00000000   Number         0  arm_mean_f32.o ABSOLUTE
    ..\TransformFunctions\arm_cfft_f32.c     0x00000000   Number         0  arm_cfft_f32.o ABSOLUTE
    ..\TransformFunctions\arm_cfft_radix8_f32.c 0x00000000   Number         0  arm_cfft_radix8_f32.o ABSOLUTE
    ..\TransformFunctions\arm_rfft_fast_f32.c 0x00000000   Number         0  arm_rfft_fast_f32.o ABSOLUTE
    ..\TransformFunctions\arm_rfft_fast_init_f32.c 0x00000000   Number         0  arm_rfft_fast_init_f32.o ABSOLUTE
    ..\\..\\..\\Source\\frequency_and_featureExtration\\eb_envolop_spectrum_f32.c 0x00000000   Number         0  eb_envolop_spectrum_f32.o ABSOLUTE
    ..\\..\\..\\Source\\frequency_and_featureExtration\\eb_harmonic_freq_f32.c 0x00000000   Number         0  eb_harmonic_freq_f32.o ABSOLUTE
    ..\\..\\Common\\Source\\system_ARMCM4.c  0x00000000   Number         0  system_armcm4.o ABSOLUTE
    ..\\CommonTables\\arm_common_tables.c    0x00000000   Number         0  arm_common_tables.o ABSOLUTE
    ..\\ComplexMathFunctions\\arm_cmplx_mag_f32.c 0x00000000   Number         0  arm_cmplx_mag_f32.o ABSOLUTE
    ..\\FastMathFunctions\\arm_sin_f32.c     0x00000000   Number         0  arm_sin_f32.o ABSOLUTE
    ..\\StatisticsFunctions\\arm_mean_f32.c  0x00000000   Number         0  arm_mean_f32.o ABSOLUTE
    ..\\TransformFunctions\\arm_bitreversal2.S 0x00000000   Number         0  arm_bitreversal2.o ABSOLUTE
    ..\\TransformFunctions\\arm_cfft_f32.c   0x00000000   Number         0  arm_cfft_f32.o ABSOLUTE
    ..\\TransformFunctions\\arm_cfft_radix8_f32.c 0x00000000   Number         0  arm_cfft_radix8_f32.o ABSOLUTE
    ..\\TransformFunctions\\arm_rfft_fast_f32.c 0x00000000   Number         0  arm_rfft_fast_f32.o ABSOLUTE
    ..\\TransformFunctions\\arm_rfft_fast_init_f32.c 0x00000000   Number         0  arm_rfft_fast_init_f32.o ABSOLUTE
    ..\\eb_frequency_and_featureExtration_example.c 0x00000000   Number         0  eb_frequency_and_featureextration_example.o ABSOLUTE
    ..\eb_frequency_and_featureExtration_example.c 0x00000000   Number         0  eb_frequency_and_featureextration_example.o ABSOLUTE
    dc.s                                     0x00000000   Number         0  dc.o ABSOLUTE
    !!!main                                  0x000000c0   Section        8  __main.o(!!!main)
    !!!scatter                               0x000000c8   Section       52  __scatter.o(!!!scatter)
    !!handler_copy                           0x000000fc   Section       26  __scatter_copy.o(!!handler_copy)
    !!handler_zi                             0x00000118   Section       28  __scatter_zi.o(!!handler_zi)
    . text                                   0x00000134   Section      106  arm_bitreversal2.o(. text)
    $v0                                      0x00000134   Number         0  arm_bitreversal2.o(. text)
    .ARM.Collect$$libinit$$00000000          0x0000019e   Section        2  libinit.o(.ARM.Collect$$libinit$$00000000)
    .ARM.Collect$$libinit$$00000001          0x000001a0   Section        4  libinit2.o(.ARM.Collect$$libinit$$00000001)
    .ARM.Collect$$libinit$$00000004          0x000001a4   Section        0  libinit2.o(.ARM.Collect$$libinit$$00000004)
    .ARM.Collect$$libinit$$0000000A          0x000001a4   Section        0  libinit2.o(.ARM.Collect$$libinit$$0000000A)
    .ARM.Collect$$libinit$$0000000C          0x000001a4   Section        0  libinit2.o(.ARM.Collect$$libinit$$0000000C)
    .ARM.Collect$$libinit$$0000000E          0x000001a4   Section        0  libinit2.o(.ARM.Collect$$libinit$$0000000E)
    .ARM.Collect$$libinit$$00000011          0x000001a4   Section        0  libinit2.o(.ARM.Collect$$libinit$$00000011)
    .ARM.Collect$$libinit$$00000013          0x000001a4   Section        0  libinit2.o(.ARM.Collect$$libinit$$00000013)
    .ARM.Collect$$libinit$$00000015          0x000001a4   Section        0  libinit2.o(.ARM.Collect$$libinit$$00000015)
    .ARM.Collect$$libinit$$00000017          0x000001a4   Section        0  libinit2.o(.ARM.Collect$$libinit$$00000017)
    .ARM.Collect$$libinit$$00000019          0x000001a4   Section        0  libinit2.o(.ARM.Collect$$libinit$$00000019)
    .ARM.Collect$$libinit$$0000001B          0x000001a4   Section        0  libinit2.o(.ARM.Collect$$libinit$$0000001B)
    .ARM.Collect$$libinit$$0000001D          0x000001a4   Section        0  libinit2.o(.ARM.Collect$$libinit$$0000001D)
    .ARM.Collect$$libinit$$0000001F          0x000001a4   Section        0  libinit2.o(.ARM.Collect$$libinit$$0000001F)
    .ARM.Collect$$libinit$$00000021          0x000001a4   Section        0  libinit2.o(.ARM.Collect$$libinit$$00000021)
    .ARM.Collect$$libinit$$00000023          0x000001a4   Section        0  libinit2.o(.ARM.Collect$$libinit$$00000023)
    .ARM.Collect$$libinit$$00000025          0x000001a4   Section        0  libinit2.o(.ARM.Collect$$libinit$$00000025)
    .ARM.Collect$$libinit$$0000002C          0x000001a4   Section        0  libinit2.o(.ARM.Collect$$libinit$$0000002C)
    .ARM.Collect$$libinit$$0000002E          0x000001a4   Section        0  libinit2.o(.ARM.Collect$$libinit$$0000002E)
    .ARM.Collect$$libinit$$00000030          0x000001a4   Section        0  libinit2.o(.ARM.Collect$$libinit$$00000030)
    .ARM.Collect$$libinit$$00000032          0x000001a4   Section        0  libinit2.o(.ARM.Collect$$libinit$$00000032)
    .ARM.Collect$$libinit$$00000033          0x000001a4   Section        2  libinit2.o(.ARM.Collect$$libinit$$00000033)
    .ARM.Collect$$libshutdown$$00000000      0x000001a6   Section        2  libshutdown.o(.ARM.Collect$$libshutdown$$00000000)
    .ARM.Collect$$libshutdown$$00000002      0x000001a8   Section        0  libshutdown2.o(.ARM.Collect$$libshutdown$$00000002)
    .ARM.Collect$$libshutdown$$00000004      0x000001a8   Section        0  libshutdown2.o(.ARM.Collect$$libshutdown$$00000004)
    .ARM.Collect$$libshutdown$$00000007      0x000001a8   Section        0  libshutdown2.o(.ARM.Collect$$libshutdown$$00000007)
    .ARM.Collect$$libshutdown$$0000000A      0x000001a8   Section        0  libshutdown2.o(.ARM.Collect$$libshutdown$$0000000A)
    .ARM.Collect$$libshutdown$$0000000C      0x000001a8   Section        0  libshutdown2.o(.ARM.Collect$$libshutdown$$0000000C)
    .ARM.Collect$$libshutdown$$0000000F      0x000001a8   Section        0  libshutdown2.o(.ARM.Collect$$libshutdown$$0000000F)
    .ARM.Collect$$libshutdown$$00000010      0x000001a8   Section        2  libshutdown2.o(.ARM.Collect$$libshutdown$$00000010)
    .ARM.Collect$$rtentry$$00000000          0x000001aa   Section        0  __rtentry.o(.ARM.Collect$$rtentry$$00000000)
    .ARM.Collect$$rtentry$$00000002          0x000001aa   Section        0  __rtentry2.o(.ARM.Collect$$rtentry$$00000002)
    .ARM.Collect$$rtentry$$00000004          0x000001aa   Section        6  __rtentry4.o(.ARM.Collect$$rtentry$$00000004)
    .ARM.Collect$$rtentry$$00000009          0x000001b0   Section        0  __rtentry2.o(.ARM.Collect$$rtentry$$00000009)
    .ARM.Collect$$rtentry$$0000000A          0x000001b0   Section        4  __rtentry2.o(.ARM.Collect$$rtentry$$0000000A)
    .ARM.Collect$$rtentry$$0000000C          0x000001b4   Section        0  __rtentry2.o(.ARM.Collect$$rtentry$$0000000C)
    .ARM.Collect$$rtentry$$0000000D          0x000001b4   Section        8  __rtentry2.o(.ARM.Collect$$rtentry$$0000000D)
    .ARM.Collect$$rtexit$$00000000           0x000001bc   Section        2  rtexit.o(.ARM.Collect$$rtexit$$00000000)
    .ARM.Collect$$rtexit$$00000002           0x000001be   Section        0  rtexit2.o(.ARM.Collect$$rtexit$$00000002)
    .ARM.Collect$$rtexit$$00000003           0x000001be   Section        4  rtexit2.o(.ARM.Collect$$rtexit$$00000003)
    .ARM.Collect$$rtexit$$00000004           0x000001c2   Section        6  rtexit2.o(.ARM.Collect$$rtexit$$00000004)
    .text                                    0x000001c8   Section        0  eb_frequency_and_featureextration_example.o(.text)
    .text                                    0x00000224   Section        0  eb_harmonic_freq_f32.o(.text)
    .text                                    0x0000039c   Section        0  eb_envolop_spectrum_f32.o(.text)
    .text                                    0x00000448   Section        0  system_armcm4.o(.text)
    .text                                    0x00000470   Section       64  startup_armcm4.o(.text)
    $v0                                      0x00000470   Number         0  startup_armcm4.o(.text)
    .text                                    0x000004b0   Section        0  arm_sin_f32.o(.text)
    .text                                    0x00000524   Section        0  arm_cmplx_mag_f32.o(.text)
    .text                                    0x00000620   Section        0  arm_rfft_fast_f32.o(.text)
    .text                                    0x0000082c   Section        0  arm_rfft_fast_init_f32.o(.text)
    .text                                    0x00000954   Section        0  arm_mean_f32.o(.text)
    .text                                    0x00000a04   Section        0  arm_cfft_f32.o(.text)
    .text                                    0x00001114   Section        0  arm_cfft_radix8_f32.o(.text)
    .text                                    0x000015f0   Section      100  rt_memcpy_w.o(.text)
    .text                                    0x00001654   Section        0  heapauxi.o(.text)
    .text                                    0x0000165a   Section       74  sys_stackheap_outer.o(.text)
    .text                                    0x000016a4   Section        0  _fptrap.o(.text)
    .text                                    0x000016d4   Section        0  exit.o(.text)
    .text                                    0x000016e8   Section        8  libspace.o(.text)
    .text                                    0x000016f0   Section        0  defsig_fpe_outer.o(.text)
    .text                                    0x000016fe   Section        0  defsig_exit.o(.text)
    .text                                    0x00001708   Section        0  defsig_fpe_inner.o(.text)
    .text                                    0x000017b4   Section        0  sys_exit.o(.text)
    .text                                    0x000017c0   Section        0  defsig_general.o(.text)
    .text                                    0x000017f2   Section        0  sys_wrch.o(.text)
    .text                                    0x00001800   Section        2  use_no_semi.o(.text)
    .text                                    0x00001802   Section        0  indicate_semi.o(.text)
    x$fpl$dadd                               0x00001804   Section      588  daddsub_clz.o(x$fpl$dadd)
    $v0                                      0x00001804   Number         0  daddsub_clz.o(x$fpl$dadd)
    _dadd1                                   0x0000182f   Thumb Code     0  daddsub_clz.o(x$fpl$dadd)
    dadd_zerodenorm                          0x000019cf   Thumb Code     0  daddsub_clz.o(x$fpl$dadd)
    x$fpl$ddiv                               0x00001a50   Section      892  ddiv_clz.o(x$fpl$ddiv)
    $v0                                      0x00001a50   Number         0  ddiv_clz.o(x$fpl$ddiv)
    ddiv_entry                               0x00001a57   Thumb Code     0  ddiv_clz.o(x$fpl$ddiv)
    x$fpl$dfixu                              0x00001dcc   Section      220  dfixu.o(x$fpl$dfixu)
    $v0                                      0x00001dcc   Number         0  dfixu.o(x$fpl$dfixu)
    x$fpl$dfltu                              0x00001ea8   Section       38  dflt_clz.o(x$fpl$dfltu)
    $v0                                      0x00001ea8   Number         0  dflt_clz.o(x$fpl$dfltu)
    x$fpl$dmul                               0x00001ed0   Section      448  dmul_clz.o(x$fpl$dmul)
    $v0                                      0x00001ed0   Number         0  dmul_clz.o(x$fpl$dmul)
    x$fpl$dnaninf                            0x00002090   Section      258  dnaninf.o(x$fpl$dnaninf)
    $v0                                      0x00002090   Number         0  dnaninf.o(x$fpl$dnaninf)
    x$fpl$drenorm                            0x00002192   Section      112  drenorm_clz.o(x$fpl$drenorm)
    $v0                                      0x00002192   Number         0  drenorm_clz.o(x$fpl$drenorm)
    x$fpl$dretinf                            0x00002202   Section       12  dretinf.o(x$fpl$dretinf)
    $v0                                      0x00002202   Number         0  dretinf.o(x$fpl$dretinf)
    x$fpl$dsub                               0x00002210   Section      668  daddsub_clz.o(x$fpl$dsub)
    $v0                                      0x00002210   Number         0  daddsub_clz.o(x$fpl$dsub)
    _dsub1                                   0x0000223b   Thumb Code     0  daddsub_clz.o(x$fpl$dsub)
    daddsub_denorm                           0x000023ff   Thumb Code     0  daddsub_clz.o(x$fpl$dsub)
    dsub_uncommon_first                      0x00002413   Thumb Code     0  daddsub_clz.o(x$fpl$dsub)
    dsub_zerodenorm                          0x00002431   Thumb Code     0  daddsub_clz.o(x$fpl$dsub)
    x$fpl$dunder                             0x000024ac   Section      378  dunder_clz.o(x$fpl$dunder)
    $v0                                      0x000024ac   Number         0  dunder_clz.o(x$fpl$dunder)
    x$fpl$exception                          0x00002628   Section      492  except.o(x$fpl$exception)
    $v0                                      0x00002628   Number         0  except.o(x$fpl$exception)
    x$fpl$fpinit                             0x00002814   Section       10  fpinit.o(x$fpl$fpinit)
    $v0                                      0x00002814   Number         0  fpinit.o(x$fpl$fpinit)
    x$fpl$retnan                             0x0000281e   Section      178  retnan.o(x$fpl$retnan)
    $v0                                      0x0000281e   Number         0  retnan.o(x$fpl$retnan)
    x$fpl$trapveneer                         0x000028d0   Section      126  trapv.o(x$fpl$trapveneer)
    $v0                                      0x000028d0   Number         0  trapv.o(x$fpl$trapveneer)
    x$fpl$usenofp                            0x0000294e   Section        0  usenofp.o(x$fpl$usenofp)
    .constdata                               0x00002950   Section     1600  eb_frequency_and_featureextration_example.o(.constdata)
    .constdata                               0x00002f90   Section      128  arm_common_tables.o(.constdata)
    .constdata                               0x00003010   Section      256  arm_common_tables.o(.constdata)
    .constdata                               0x00003110   Section      512  arm_common_tables.o(.constdata)
    .constdata                               0x00003310   Section     1024  arm_common_tables.o(.constdata)
    .constdata                               0x00003710   Section     2048  arm_common_tables.o(.constdata)
    .constdata                               0x00003f10   Section     4096  arm_common_tables.o(.constdata)
    .constdata                               0x00004f10   Section     8192  arm_common_tables.o(.constdata)
    .constdata                               0x00006f10   Section    16384  arm_common_tables.o(.constdata)
    .constdata                               0x0000af10   Section       40  arm_common_tables.o(.constdata)
    .constdata                               0x0000af38   Section       96  arm_common_tables.o(.constdata)
    .constdata                               0x0000af98   Section      112  arm_common_tables.o(.constdata)
    .constdata                               0x0000b008   Section      416  arm_common_tables.o(.constdata)
    .constdata                               0x0000b1a8   Section      880  arm_common_tables.o(.constdata)
    .constdata                               0x0000b518   Section      896  arm_common_tables.o(.constdata)
    .constdata                               0x0000b898   Section     3600  arm_common_tables.o(.constdata)
    .constdata                               0x0000c6a8   Section     7616  arm_common_tables.o(.constdata)
    .constdata                               0x0000e468   Section      128  arm_common_tables.o(.constdata)
    .constdata                               0x0000e4e8   Section      256  arm_common_tables.o(.constdata)
    .constdata                               0x0000e5e8   Section      512  arm_common_tables.o(.constdata)
    .constdata                               0x0000e7e8   Section     1024  arm_common_tables.o(.constdata)
    .constdata                               0x0000ebe8   Section     2048  arm_common_tables.o(.constdata)
    .constdata                               0x0000f3e8   Section     4096  arm_common_tables.o(.constdata)
    .constdata                               0x000103e8   Section     8192  arm_common_tables.o(.constdata)
    .constdata                               0x000123e8   Section    16384  arm_common_tables.o(.constdata)
    .constdata                               0x000163e8   Section     2052  arm_common_tables.o(.constdata)
    .data                                    0x20000000   Section        3  eb_frequency_and_featureextration_example.o(.data)
    .data                                    0x20000004   Section        4  system_armcm4.o(.data)
    .bss                                     0x20000008   Section       96  libspace.o(.bss)
    HEAP                                     0x20000068   Section    32768  startup_armcm4.o(HEAP)
    Heap_Mem                                 0x20000068   Data       32768  startup_armcm4.o(HEAP)
    STACK                                    0x20008068   Section    262144  startup_armcm4.o(STACK)
    Stack_Mem                                0x20008068   Data       262144  startup_armcm4.o(STACK)
    __initial_sp                             0x20048068   Data           0  startup_armcm4.o(STACK)

    Global Symbols

    Symbol Name                              Value     Ov Type        Size  Object(Section)

    BuildAttributes$$THM_ISAv4$E$P$D$K$B$S$7EM$VFPi3$EXTD16$VFPS$VFMA$PE$A:L22UL41UL21$X:L11$S22US41US21$IEEE1$IW$USESV6$~STKCKD$USESV7$~SHL$OTIME$ROPI$IEEEX$EBA8$UX$STANDARDLIB$REQ8$PRES8$EABIv2 0x00000000   Number         0  anon$$obj.o ABSOLUTE
    __ARM_use_no_argv                        0x00000000   Number         0  eb_frequency_and_featureextration_example.o ABSOLUTE
    __Vectors                                0x00000000   Data           4  startup_armcm4.o(RESET)
    __ARM_exceptions_init                     - Undefined Weak Reference
    __alloca_initialize                       - Undefined Weak Reference
    __arm_preinit_                            - Undefined Weak Reference
    __cpp_initialize__aeabi_                  - Undefined Weak Reference
    __cxa_finalize                            - Undefined Weak Reference
    __rt_locale                               - Undefined Weak Reference
    __sigvec_lookup                           - Undefined Weak Reference
    _atexit_init                              - Undefined Weak Reference
    _call_atexit_fns                          - Undefined Weak Reference
    _clock_init                               - Undefined Weak Reference
    _fp_trap_big                              - Undefined Weak Reference
    _fp_trap_init                             - Undefined Weak Reference
    _fp_trap_shutdown                         - Undefined Weak Reference
    _get_lc_collate                           - Undefined Weak Reference
    _get_lc_ctype                             - Undefined Weak Reference
    _get_lc_monetary                          - Undefined Weak Reference
    _get_lc_numeric                           - Undefined Weak Reference
    _get_lc_time                              - Undefined Weak Reference
    _getenv_init                              - Undefined Weak Reference
    _handle_redirection                       - Undefined Weak Reference
    _init_alloc                               - Undefined Weak Reference
    _init_user_alloc                          - Undefined Weak Reference
    _initio                                   - Undefined Weak Reference
    _rand_init                                - Undefined Weak Reference
    _signal_finish                            - Undefined Weak Reference
    _signal_init                              - Undefined Weak Reference
    _terminate_alloc                          - Undefined Weak Reference
    _terminate_user_alloc                     - Undefined Weak Reference
    _terminateio                              - Undefined Weak Reference
    __Vectors_End                            0x000000c0   Data           0  startup_armcm4.o(RESET)
    __Vectors_Size                           0x000000c0   Number         0  startup_armcm4.o ABSOLUTE
    __main                                   0x000000c1   Thumb Code     8  __main.o(!!!main)
    __scatterload                            0x000000c9   Thumb Code     0  __scatter.o(!!!scatter)
    __scatterload_rt2                        0x000000c9   Thumb Code    44  __scatter.o(!!!scatter)
    __scatterload_rt2_thumb_only             0x000000c9   Thumb Code     0  __scatter.o(!!!scatter)
    __scatterload_null                       0x000000d7   Thumb Code     0  __scatter.o(!!!scatter)
    __scatterload_copy                       0x000000fd   Thumb Code    26  __scatter_copy.o(!!handler_copy)
    __scatterload_zeroinit                   0x00000119   Thumb Code    28  __scatter_zi.o(!!handler_zi)
    arm_bitreversal_32                       0x00000135   Thumb Code   106  arm_bitreversal2.o(. text)
    __rt_lib_init                            0x0000019f   Thumb Code     0  libinit.o(.ARM.Collect$$libinit$$00000000)
    __rt_lib_init_fp_1                       0x000001a1   Thumb Code     0  libinit2.o(.ARM.Collect$$libinit$$00000001)
    __rt_lib_init_alloca_1                   0x000001a5   Thumb Code     0  libinit2.o(.ARM.Collect$$libinit$$0000002E)
    __rt_lib_init_argv_1                     0x000001a5   Thumb Code     0  libinit2.o(.ARM.Collect$$libinit$$0000002C)
    __rt_lib_init_atexit_1                   0x000001a5   Thumb Code     0  libinit2.o(.ARM.Collect$$libinit$$0000001B)
    __rt_lib_init_clock_1                    0x000001a5   Thumb Code     0  libinit2.o(.ARM.Collect$$libinit$$00000021)
    __rt_lib_init_cpp_1                      0x000001a5   Thumb Code     0  libinit2.o(.ARM.Collect$$libinit$$00000032)
    __rt_lib_init_exceptions_1               0x000001a5   Thumb Code     0  libinit2.o(.ARM.Collect$$libinit$$00000030)
    __rt_lib_init_fp_trap_1                  0x000001a5   Thumb Code     0  libinit2.o(.ARM.Collect$$libinit$$0000001F)
    __rt_lib_init_getenv_1                   0x000001a5   Thumb Code     0  libinit2.o(.ARM.Collect$$libinit$$00000023)
    __rt_lib_init_heap_1                     0x000001a5   Thumb Code     0  libinit2.o(.ARM.Collect$$libinit$$0000000A)
    __rt_lib_init_lc_collate_1               0x000001a5   Thumb Code     0  libinit2.o(.ARM.Collect$$libinit$$00000011)
    __rt_lib_init_lc_ctype_1                 0x000001a5   Thumb Code     0  libinit2.o(.ARM.Collect$$libinit$$00000013)
    __rt_lib_init_lc_monetary_1              0x000001a5   Thumb Code     0  libinit2.o(.ARM.Collect$$libinit$$00000015)
    __rt_lib_init_lc_numeric_1               0x000001a5   Thumb Code     0  libinit2.o(.ARM.Collect$$libinit$$00000017)
    __rt_lib_init_lc_time_1                  0x000001a5   Thumb Code     0  libinit2.o(.ARM.Collect$$libinit$$00000019)
    __rt_lib_init_preinit_1                  0x000001a5   Thumb Code     0  libinit2.o(.ARM.Collect$$libinit$$00000004)
    __rt_lib_init_rand_1                     0x000001a5   Thumb Code     0  libinit2.o(.ARM.Collect$$libinit$$0000000E)
    __rt_lib_init_return                     0x000001a5   Thumb Code     0  libinit2.o(.ARM.Collect$$libinit$$00000033)
    __rt_lib_init_signal_1                   0x000001a5   Thumb Code     0  libinit2.o(.ARM.Collect$$libinit$$0000001D)
    __rt_lib_init_stdio_1                    0x000001a5   Thumb Code     0  libinit2.o(.ARM.Collect$$libinit$$00000025)
    __rt_lib_init_user_alloc_1               0x000001a5   Thumb Code     0  libinit2.o(.ARM.Collect$$libinit$$0000000C)
    __rt_lib_shutdown                        0x000001a7   Thumb Code     0  libshutdown.o(.ARM.Collect$$libshutdown$$00000000)
    __rt_lib_shutdown_cpp_1                  0x000001a9   Thumb Code     0  libshutdown2.o(.ARM.Collect$$libshutdown$$00000002)
    __rt_lib_shutdown_fp_trap_1              0x000001a9   Thumb Code     0  libshutdown2.o(.ARM.Collect$$libshutdown$$00000007)
    __rt_lib_shutdown_heap_1                 0x000001a9   Thumb Code     0  libshutdown2.o(.ARM.Collect$$libshutdown$$0000000F)
    __rt_lib_shutdown_return                 0x000001a9   Thumb Code     0  libshutdown2.o(.ARM.Collect$$libshutdown$$00000010)
    __rt_lib_shutdown_signal_1               0x000001a9   Thumb Code     0  libshutdown2.o(.ARM.Collect$$libshutdown$$0000000A)
    __rt_lib_shutdown_stdio_1                0x000001a9   Thumb Code     0  libshutdown2.o(.ARM.Collect$$libshutdown$$00000004)
    __rt_lib_shutdown_user_alloc_1           0x000001a9   Thumb Code     0  libshutdown2.o(.ARM.Collect$$libshutdown$$0000000C)
    __rt_entry                               0x000001ab   Thumb Code     0  __rtentry.o(.ARM.Collect$$rtentry$$00000000)
    __rt_entry_presh_1                       0x000001ab   Thumb Code     0  __rtentry2.o(.ARM.Collect$$rtentry$$00000002)
    __rt_entry_sh                            0x000001ab   Thumb Code     0  __rtentry4.o(.ARM.Collect$$rtentry$$00000004)
    __rt_entry_li                            0x000001b1   Thumb Code     0  __rtentry2.o(.ARM.Collect$$rtentry$$0000000A)
    __rt_entry_postsh_1                      0x000001b1   Thumb Code     0  __rtentry2.o(.ARM.Collect$$rtentry$$00000009)
    __rt_entry_main                          0x000001b5   Thumb Code     0  __rtentry2.o(.ARM.Collect$$rtentry$$0000000D)
    __rt_entry_postli_1                      0x000001b5   Thumb Code     0  __rtentry2.o(.ARM.Collect$$rtentry$$0000000C)
    __rt_exit                                0x000001bd   Thumb Code     0  rtexit.o(.ARM.Collect$$rtexit$$00000000)
    __rt_exit_ls                             0x000001bf   Thumb Code     0  rtexit2.o(.ARM.Collect$$rtexit$$00000003)
    __rt_exit_prels_1                        0x000001bf   Thumb Code     0  rtexit2.o(.ARM.Collect$$rtexit$$00000002)
    __rt_exit_exit                           0x000001c3   Thumb Code     0  rtexit2.o(.ARM.Collect$$rtexit$$00000004)
    main                                     0x000001c9   Thumb Code    84  eb_frequency_and_featureextration_example.o(.text)
    eb_harmonic_freq_f32                     0x00000225   Thumb Code   368  eb_harmonic_freq_f32.o(.text)
    eb_envolop_spectrum_f32                  0x0000039d   Thumb Code   158  eb_envolop_spectrum_f32.o(.text)
    SystemCoreClockUpdate                    0x00000449   Thumb Code     8  system_armcm4.o(.text)
    SystemInit                               0x00000451   Thumb Code    20  system_armcm4.o(.text)
    Reset_Handler                            0x00000471   Thumb Code     8  startup_armcm4.o(.text)
    NMI_Handler                              0x00000479   Thumb Code     2  startup_armcm4.o(.text)
    HardFault_Handler                        0x0000047b   Thumb Code     2  startup_armcm4.o(.text)
    MemManage_Handler                        0x0000047d   Thumb Code     2  startup_armcm4.o(.text)
    BusFault_Handler                         0x0000047f   Thumb Code     2  startup_armcm4.o(.text)
    UsageFault_Handler                       0x00000481   Thumb Code     2  startup_armcm4.o(.text)
    SVC_Handler                              0x00000483   Thumb Code     2  startup_armcm4.o(.text)
    DebugMon_Handler                         0x00000485   Thumb Code     2  startup_armcm4.o(.text)
    PendSV_Handler                           0x00000487   Thumb Code     2  startup_armcm4.o(.text)
    SysTick_Handler                          0x00000489   Thumb Code     2  startup_armcm4.o(.text)
    AACI_IRQHandler                          0x0000048b   Thumb Code     0  startup_armcm4.o(.text)
    CAN_IRQHandler                           0x0000048b   Thumb Code     0  startup_armcm4.o(.text)
    CHLCD_IRQHandler                         0x0000048b   Thumb Code     0  startup_armcm4.o(.text)
    CLCD_IRQHandler                          0x0000048b   Thumb Code     0  startup_armcm4.o(.text)
    CPU_CLCD_IRQHandler                      0x0000048b   Thumb Code     0  startup_armcm4.o(.text)
    ENET_IRQHandler                          0x0000048b   Thumb Code     0  startup_armcm4.o(.text)
    FLEXRAY_IRQHandler                       0x0000048b   Thumb Code     0  startup_armcm4.o(.text)
    I2C_IRQHandler                           0x0000048b   Thumb Code     0  startup_armcm4.o(.text)
    LIN_IRQHandler                           0x0000048b   Thumb Code     0  startup_armcm4.o(.text)
    MCIA_IRQHandler                          0x0000048b   Thumb Code     0  startup_armcm4.o(.text)
    MCIB_IRQHandler                          0x0000048b   Thumb Code     0  startup_armcm4.o(.text)
    RTC_IRQHandler                           0x0000048b   Thumb Code     0  startup_armcm4.o(.text)
    SPI_IRQHandler                           0x0000048b   Thumb Code     0  startup_armcm4.o(.text)
    TIM0_IRQHandler                          0x0000048b   Thumb Code     0  startup_armcm4.o(.text)
    TIM2_IRQHandler                          0x0000048b   Thumb Code     0  startup_armcm4.o(.text)
    UART0_IRQHandler                         0x0000048b   Thumb Code     0  startup_armcm4.o(.text)
    UART1_IRQHandler                         0x0000048b   Thumb Code     0  startup_armcm4.o(.text)
    UART2_IRQHandler                         0x0000048b   Thumb Code     0  startup_armcm4.o(.text)
    UART3_IRQHandler                         0x0000048b   Thumb Code     0  startup_armcm4.o(.text)
    UART4_IRQHandler                         0x0000048b   Thumb Code     0  startup_armcm4.o(.text)
    USBDC_IRQHandler                         0x0000048b   Thumb Code     0  startup_armcm4.o(.text)
    USBHC_IRQHandler                         0x0000048b   Thumb Code     0  startup_armcm4.o(.text)
    WDT_IRQHandler                           0x0000048b   Thumb Code     0  startup_armcm4.o(.text)
    __user_initial_stackheap                 0x0000048d   Thumb Code    10  startup_armcm4.o(.text)
    arm_sin_f32                              0x000004b1   Thumb Code   104  arm_sin_f32.o(.text)
    arm_cmplx_mag_f32                        0x00000525   Thumb Code   246  arm_cmplx_mag_f32.o(.text)
    stage_rfft_f32                           0x00000621   Thumb Code   288  arm_rfft_fast_f32.o(.text)
    merge_rfft_f32                           0x00000741   Thumb Code   168  arm_rfft_fast_f32.o(.text)
    arm_rfft_fast_f32                        0x000007e9   Thumb Code    66  arm_rfft_fast_f32.o(.text)
    arm_rfft_fast_init_f32                   0x0000082d   Thumb Code   198  arm_rfft_fast_init_f32.o(.text)
    arm_mean_f32                             0x00000955   Thumb Code   170  arm_mean_f32.o(.text)
    arm_cfft_radix8by2_f32                   0x00000a05   Thumb Code   398  arm_cfft_f32.o(.text)
    arm_cfft_radix8by4_f32                   0x00000b93   Thumb Code  1076  arm_cfft_f32.o(.text)
    arm_cfft_f32                             0x00000fc7   Thumb Code   332  arm_cfft_f32.o(.text)
    arm_radix8_butterfly_f32                 0x00001115   Thumb Code  1244  arm_cfft_radix8_f32.o(.text)
    __aeabi_memcpy4                          0x000015f1   Thumb Code     0  rt_memcpy_w.o(.text)
    __aeabi_memcpy8                          0x000015f1   Thumb Code     0  rt_memcpy_w.o(.text)
    __rt_memcpy_w                            0x000015f1   Thumb Code   100  rt_memcpy_w.o(.text)
    _memcpy_lastbytes_aligned                0x00001639   Thumb Code     0  rt_memcpy_w.o(.text)
    __use_two_region_memory                  0x00001655   Thumb Code     2  heapauxi.o(.text)
    __rt_heap_escrow$2region                 0x00001657   Thumb Code     2  heapauxi.o(.text)
    __rt_heap_expand$2region                 0x00001659   Thumb Code     2  heapauxi.o(.text)
    __user_setup_stackheap                   0x0000165b   Thumb Code    74  sys_stackheap_outer.o(.text)
    _fp_trap                                 0x000016a5   Thumb Code    44  _fptrap.o(.text)
    exit                                     0x000016d5   Thumb Code    18  exit.o(.text)
    __user_libspace                          0x000016e9   Thumb Code     8  libspace.o(.text)
    __user_perproc_libspace                  0x000016e9   Thumb Code     0  libspace.o(.text)
    __user_perthread_libspace                0x000016e9   Thumb Code     0  libspace.o(.text)
    __rt_SIGFPE                              0x000016f1   Thumb Code    14  defsig_fpe_outer.o(.text)
    __sig_exit                               0x000016ff   Thumb Code    10  defsig_exit.o(.text)
    __rt_SIGFPE_inner                        0x00001709   Thumb Code    62  defsig_fpe_inner.o(.text)
    _sys_exit                                0x000017b5   Thumb Code     8  sys_exit.o(.text)
    __default_signal_display                 0x000017c1   Thumb Code    50  defsig_general.o(.text)
    _ttywrch                                 0x000017f3   Thumb Code    14  sys_wrch.o(.text)
    __I$use$semihosting                      0x00001801   Thumb Code     0  use_no_semi.o(.text)
    __use_no_semihosting_swi                 0x00001801   Thumb Code     2  use_no_semi.o(.text)
    __semihosting_library_function           0x00001803   Thumb Code     0  indicate_semi.o(.text)
    __aeabi_dadd                             0x00001805   Thumb Code     0  daddsub_clz.o(x$fpl$dadd)
    _dadd                                    0x00001805   Thumb Code   580  daddsub_clz.o(x$fpl$dadd)
    __aeabi_ddiv                             0x00001a51   Thumb Code     0  ddiv_clz.o(x$fpl$ddiv)
    _ddiv                                    0x00001a51   Thumb Code   748  ddiv_clz.o(x$fpl$ddiv)
    __aeabi_d2uiz                            0x00001dcd   Thumb Code     0  dfixu.o(x$fpl$dfixu)
    _dfixu                                   0x00001dcd   Thumb Code   212  dfixu.o(x$fpl$dfixu)
    __aeabi_ui2d                             0x00001ea9   Thumb Code     0  dflt_clz.o(x$fpl$dfltu)
    _dfltu                                   0x00001ea9   Thumb Code    38  dflt_clz.o(x$fpl$dfltu)
    __aeabi_dmul                             0x00001ed1   Thumb Code     0  dmul_clz.o(x$fpl$dmul)
    _dmul                                    0x00001ed1   Thumb Code   440  dmul_clz.o(x$fpl$dmul)
    __fpl_dnaninf                            0x00002091   Thumb Code   258  dnaninf.o(x$fpl$dnaninf)
    __fpl_drenorm2                           0x00002193   Thumb Code   106  drenorm_clz.o(x$fpl$drenorm)
    __fpl_drenorm1                           0x000021fd   Thumb Code     6  drenorm_clz.o(x$fpl$drenorm)
    __fpl_dretinf                            0x00002203   Thumb Code    12  dretinf.o(x$fpl$dretinf)
    __aeabi_dsub                             0x00002211   Thumb Code     0  daddsub_clz.o(x$fpl$dsub)
    _dsub                                    0x00002211   Thumb Code   664  daddsub_clz.o(x$fpl$dsub)
    __dunder                                 0x000024ad   Thumb Code   314  dunder_clz.o(x$fpl$dunder)
    __dunder_d                               0x000025e7   Thumb Code    64  dunder_clz.o(x$fpl$dunder)
    __fpl_exception                          0x00002629   Thumb Code   454  except.o(x$fpl$exception)
    _fp_init                                 0x00002815   Thumb Code    10  fpinit.o(x$fpl$fpinit)
    __fplib_config_fpu_vfp                   0x0000281d   Thumb Code     0  fpinit.o(x$fpl$fpinit)
    __fplib_config_pureend_doubles           0x0000281d   Thumb Code     0  fpinit.o(x$fpl$fpinit)
    __fpl_return_NaN                         0x0000281f   Thumb Code   178  retnan.o(x$fpl$retnan)
    _fp_trapveneer                           0x000028d1   Thumb Code    36  trapv.o(x$fpl$trapveneer)
    __fpl_cmpreturn                          0x000028f5   Thumb Code    90  trapv.o(x$fpl$trapveneer)
    __I$use$fp                               0x0000294e   Number         0  usenofp.o(x$fpl$usenofp)
    twiddleCoef_16                           0x00002f90   Data         128  arm_common_tables.o(.constdata)
    twiddleCoef_32                           0x00003010   Data         256  arm_common_tables.o(.constdata)
    twiddleCoef_64                           0x00003110   Data         512  arm_common_tables.o(.constdata)
    twiddleCoef_128                          0x00003310   Data        1024  arm_common_tables.o(.constdata)
    twiddleCoef_256                          0x00003710   Data        2048  arm_common_tables.o(.constdata)
    twiddleCoef_512                          0x00003f10   Data        4096  arm_common_tables.o(.constdata)
    twiddleCoef_1024                         0x00004f10   Data        8192  arm_common_tables.o(.constdata)
    twiddleCoef_2048                         0x00006f10   Data       16384  arm_common_tables.o(.constdata)
    armBitRevIndexTable16                    0x0000af10   Data          40  arm_common_tables.o(.constdata)
    armBitRevIndexTable32                    0x0000af38   Data          96  arm_common_tables.o(.constdata)
    armBitRevIndexTable64                    0x0000af98   Data         112  arm_common_tables.o(.constdata)
    armBitRevIndexTable128                   0x0000b008   Data         416  arm_common_tables.o(.constdata)
    armBitRevIndexTable256                   0x0000b1a8   Data         880  arm_common_tables.o(.constdata)
    armBitRevIndexTable512                   0x0000b518   Data         896  arm_common_tables.o(.constdata)
    armBitRevIndexTable1024                  0x0000b898   Data        3600  arm_common_tables.o(.constdata)
    armBitRevIndexTable2048                  0x0000c6a8   Data        7616  arm_common_tables.o(.constdata)
    twiddleCoef_rfft_32                      0x0000e468   Data         128  arm_common_tables.o(.constdata)
    twiddleCoef_rfft_64                      0x0000e4e8   Data         256  arm_common_tables.o(.constdata)
    twiddleCoef_rfft_128                     0x0000e5e8   Data         512  arm_common_tables.o(.constdata)
    twiddleCoef_rfft_256                     0x0000e7e8   Data        1024  arm_common_tables.o(.constdata)
    twiddleCoef_rfft_512                     0x0000ebe8   Data        2048  arm_common_tables.o(.constdata)
    twiddleCoef_rfft_1024                    0x0000f3e8   Data        4096  arm_common_tables.o(.constdata)
    twiddleCoef_rfft_2048                    0x000103e8   Data        8192  arm_common_tables.o(.constdata)
    twiddleCoef_rfft_4096                    0x000123e8   Data       16384  arm_common_tables.o(.constdata)
    sinTable_f32                             0x000163e8   Data        2052  arm_common_tables.o(.constdata)
    Region$$Table$$Base                      0x00016bec   Number         0  anon$$obj.o(Region$$Table)
    Region$$Table$$Limit                     0x00016c0c   Number         0  anon$$obj.o(Region$$Table)
    fftSize                                  0x20000000   Data           2  eb_frequency_and_featureextration_example.o(.data)
    ifftFlag                                 0x20000002   Data           1  eb_frequency_and_featureextration_example.o(.data)
    SystemCoreClock                          0x20000004   Data           4  system_armcm4.o(.data)
    __libspace_start                         0x20000008   Data          96  libspace.o(.bss)
    __temporary_stack_top$libspace           0x20000068   Data           0  libspace.o(.bss)



==============================================================================

Memory Map of the image

  Image Entry point : 0x00000471

  Load Region LR_1 (Base: 0x00000000, Size: 0x00016c14, Max: 0xffffffff, ABSOLUTE)

    Execution Region ER_RO (Exec base: 0x00000000, Load base: 0x00000000, Size: 0x00016c0c, Max: 0xffffffff, ABSOLUTE)

    Exec Addr    Load Addr    Size         Type   Attr      Idx    E Section Name        Object

    0x00000000   0x00000000   0x000000c0   Data   RO          139    RESET               startup_armcm4.o
    0x000000c0   0x000000c0   0x00000008   Code   RO          378  * !!!main             c_w.l(__main.o)
    0x000000c8   0x000000c8   0x00000034   Code   RO          578    !!!scatter          c_w.l(__scatter.o)
    0x000000fc   0x000000fc   0x0000001a   Code   RO          580    !!handler_copy      c_w.l(__scatter_copy.o)
    0x00000116   0x00000116   0x00000002   PAD
    0x00000118   0x00000118   0x0000001c   Code   RO          582    !!handler_zi        c_w.l(__scatter_zi.o)
    0x00000134   0x00000134   0x0000006a   Code   RO          368    . text              arm_cortexM4lf_math.lib(arm_bitreversal2.o)
    0x0000019e   0x0000019e   0x00000002   Code   RO          444    .ARM.Collect$$libinit$$00000000  c_w.l(libinit.o)
    0x000001a0   0x000001a0   0x00000004   Code   RO          454    .ARM.Collect$$libinit$$00000001  c_w.l(libinit2.o)
    0x000001a4   0x000001a4   0x00000000   Code   RO          457    .ARM.Collect$$libinit$$00000004  c_w.l(libinit2.o)
    0x000001a4   0x000001a4   0x00000000   Code   RO          460    .ARM.Collect$$libinit$$0000000A  c_w.l(libinit2.o)
    0x000001a4   0x000001a4   0x00000000   Code   RO          462    .ARM.Collect$$libinit$$0000000C  c_w.l(libinit2.o)
    0x000001a4   0x000001a4   0x00000000   Code   RO          464    .ARM.Collect$$libinit$$0000000E  c_w.l(libinit2.o)
    0x000001a4   0x000001a4   0x00000000   Code   RO          467    .ARM.Collect$$libinit$$00000011  c_w.l(libinit2.o)
    0x000001a4   0x000001a4   0x00000000   Code   RO          469    .ARM.Collect$$libinit$$00000013  c_w.l(libinit2.o)
    0x000001a4   0x000001a4   0x00000000   Code   RO          471    .ARM.Collect$$libinit$$00000015  c_w.l(libinit2.o)
    0x000001a4   0x000001a4   0x00000000   Code   RO          473    .ARM.Collect$$libinit$$00000017  c_w.l(libinit2.o)
    0x000001a4   0x000001a4   0x00000000   Code   RO          475    .ARM.Collect$$libinit$$00000019  c_w.l(libinit2.o)
    0x000001a4   0x000001a4   0x00000000   Code   RO          477    .ARM.Collect$$libinit$$0000001B  c_w.l(libinit2.o)
    0x000001a4   0x000001a4   0x00000000   Code   RO          479    .ARM.Collect$$libinit$$0000001D  c_w.l(libinit2.o)
    0x000001a4   0x000001a4   0x00000000   Code   RO          481    .ARM.Collect$$libinit$$0000001F  c_w.l(libinit2.o)
    0x000001a4   0x000001a4   0x00000000   Code   RO          483    .ARM.Collect$$libinit$$00000021  c_w.l(libinit2.o)
    0x000001a4   0x000001a4   0x00000000   Code   RO          485    .ARM.Collect$$libinit$$00000023  c_w.l(libinit2.o)
    0x000001a4   0x000001a4   0x00000000   Code   RO          487    .ARM.Collect$$libinit$$00000025  c_w.l(libinit2.o)
    0x000001a4   0x000001a4   0x00000000   Code   RO          491    .ARM.Collect$$libinit$$0000002C  c_w.l(libinit2.o)
    0x000001a4   0x000001a4   0x00000000   Code   RO          493    .ARM.Collect$$libinit$$0000002E  c_w.l(libinit2.o)
    0x000001a4   0x000001a4   0x00000000   Code   RO          495    .ARM.Collect$$libinit$$00000030  c_w.l(libinit2.o)
    0x000001a4   0x000001a4   0x00000000   Code   RO          497    .ARM.Collect$$libinit$$00000032  c_w.l(libinit2.o)
    0x000001a4   0x000001a4   0x00000002   Code   RO          498    .ARM.Collect$$libinit$$00000033  c_w.l(libinit2.o)
    0x000001a6   0x000001a6   0x00000002   Code   RO          528    .ARM.Collect$$libshutdown$$00000000  c_w.l(libshutdown.o)
    0x000001a8   0x000001a8   0x00000000   Code   RO          545    .ARM.Collect$$libshutdown$$00000002  c_w.l(libshutdown2.o)
    0x000001a8   0x000001a8   0x00000000   Code   RO          547    .ARM.Collect$$libshutdown$$00000004  c_w.l(libshutdown2.o)
    0x000001a8   0x000001a8   0x00000000   Code   RO          550    .ARM.Collect$$libshutdown$$00000007  c_w.l(libshutdown2.o)
    0x000001a8   0x000001a8   0x00000000   Code   RO          553    .ARM.Collect$$libshutdown$$0000000A  c_w.l(libshutdown2.o)
    0x000001a8   0x000001a8   0x00000000   Code   RO          555    .ARM.Collect$$libshutdown$$0000000C  c_w.l(libshutdown2.o)
    0x000001a8   0x000001a8   0x00000000   Code   RO          558    .ARM.Collect$$libshutdown$$0000000F  c_w.l(libshutdown2.o)
    0x000001a8   0x000001a8   0x00000002   Code   RO          559    .ARM.Collect$$libshutdown$$00000010  c_w.l(libshutdown2.o)
    0x000001aa   0x000001aa   0x00000000   Code   RO          402    .ARM.Collect$$rtentry$$00000000  c_w.l(__rtentry.o)
    0x000001aa   0x000001aa   0x00000000   Code   RO          415    .ARM.Collect$$rtentry$$00000002  c_w.l(__rtentry2.o)
    0x000001aa   0x000001aa   0x00000006   Code   RO          427    .ARM.Collect$$rtentry$$00000004  c_w.l(__rtentry4.o)
    0x000001b0   0x000001b0   0x00000000   Code   RO          417    .ARM.Collect$$rtentry$$00000009  c_w.l(__rtentry2.o)
    0x000001b0   0x000001b0   0x00000004   Code   RO          418    .ARM.Collect$$rtentry$$0000000A  c_w.l(__rtentry2.o)
    0x000001b4   0x000001b4   0x00000000   Code   RO          420    .ARM.Collect$$rtentry$$0000000C  c_w.l(__rtentry2.o)
    0x000001b4   0x000001b4   0x00000008   Code   RO          421    .ARM.Collect$$rtentry$$0000000D  c_w.l(__rtentry2.o)
    0x000001bc   0x000001bc   0x00000002   Code   RO          448    .ARM.Collect$$rtexit$$00000000  c_w.l(rtexit.o)
    0x000001be   0x000001be   0x00000000   Code   RO          500    .ARM.Collect$$rtexit$$00000002  c_w.l(rtexit2.o)
    0x000001be   0x000001be   0x00000004   Code   RO          501    .ARM.Collect$$rtexit$$00000003  c_w.l(rtexit2.o)
    0x000001c2   0x000001c2   0x00000006   Code   RO          502    .ARM.Collect$$rtexit$$00000004  c_w.l(rtexit2.o)
    0x000001c8   0x000001c8   0x0000005c   Code   RO            3    .text               eb_frequency_and_featureextration_example.o
    0x00000224   0x00000224   0x00000178   Code   RO           58    .text               eb_harmonic_freq_f32.o
    0x0000039c   0x0000039c   0x000000ac   Code   RO           86    .text               eb_envolop_spectrum_f32.o
    0x00000448   0x00000448   0x00000028   Code   RO          106    .text               system_armcm4.o
    0x00000470   0x00000470   0x00000040   Code   RO          140  * .text               startup_armcm4.o
    0x000004b0   0x000004b0   0x00000074   Code   RO          146    .text               arm_cortexM4lf_math.lib(arm_sin_f32.o)
    0x00000524   0x00000524   0x000000fc   Code   RO          195    .text               arm_cortexM4lf_math.lib(arm_cmplx_mag_f32.o)
    0x00000620   0x00000620   0x0000020a   Code   RO          215    .text               arm_cortexM4lf_math.lib(arm_rfft_fast_f32.o)
    0x0000082a   0x0000082a   0x00000002   PAD
    0x0000082c   0x0000082c   0x00000128   Code   RO          236    .text               arm_cortexM4lf_math.lib(arm_rfft_fast_init_f32.o)
    0x00000954   0x00000954   0x000000b0   Code   RO          256    .text               arm_cortexM4lf_math.lib(arm_mean_f32.o)
    0x00000a04   0x00000a04   0x0000070e   Code   RO          276    .text               arm_cortexM4lf_math.lib(arm_cfft_f32.o)
    0x00001112   0x00001112   0x00000002   PAD
    0x00001114   0x00001114   0x000004dc   Code   RO          350    .text               arm_cortexM4lf_math.lib(arm_cfft_radix8_f32.o)
    0x000015f0   0x000015f0   0x00000064   Code   RO          374    .text               c_w.l(rt_memcpy_w.o)
    0x00001654   0x00001654   0x00000006   Code   RO          376    .text               c_w.l(heapauxi.o)
    0x0000165a   0x0000165a   0x0000004a   Code   RO          433    .text               c_w.l(sys_stackheap_outer.o)
    0x000016a4   0x000016a4   0x00000030   Code   RO          435    .text               c_w.l(_fptrap.o)
    0x000016d4   0x000016d4   0x00000012   Code   RO          437    .text               c_w.l(exit.o)
    0x000016e6   0x000016e6   0x00000002   PAD
    0x000016e8   0x000016e8   0x00000008   Code   RO          445    .text               c_w.l(libspace.o)
    0x000016f0   0x000016f0   0x0000000e   Code   RO          450    .text               c_w.l(defsig_fpe_outer.o)
    0x000016fe   0x000016fe   0x0000000a   Code   RO          508    .text               c_w.l(defsig_exit.o)
    0x00001708   0x00001708   0x000000ac   Code   RO          510    .text               c_w.l(defsig_fpe_inner.o)
    0x000017b4   0x000017b4   0x0000000c   Code   RO          516    .text               c_w.l(sys_exit.o)
    0x000017c0   0x000017c0   0x00000032   Code   RO          520    .text               c_w.l(defsig_general.o)
    0x000017f2   0x000017f2   0x0000000e   Code   RO          529    .text               c_w.l(sys_wrch.o)
    0x00001800   0x00001800   0x00000002   Code   RO          533    .text               c_w.l(use_no_semi.o)
    0x00001802   0x00001802   0x00000000   Code   RO          535    .text               c_w.l(indicate_semi.o)
    0x00001802   0x00001802   0x00000002   PAD
    0x00001804   0x00001804   0x0000024c   Code   RO          380    x$fpl$dadd          g_wm.l(daddsub_clz.o)
    0x00001a50   0x00001a50   0x0000037c   Code   RO          387    x$fpl$ddiv          g_wm.l(ddiv_clz.o)
    0x00001dcc   0x00001dcc   0x000000dc   Code   RO          390    x$fpl$dfixu         g_wm.l(dfixu.o)
    0x00001ea8   0x00001ea8   0x00000026   Code   RO          394    x$fpl$dfltu         g_wm.l(dflt_clz.o)
    0x00001ece   0x00001ece   0x00000002   PAD
    0x00001ed0   0x00001ed0   0x000001c0   Code   RO          400    x$fpl$dmul          g_wm.l(dmul_clz.o)
    0x00002090   0x00002090   0x00000102   Code   RO          403    x$fpl$dnaninf       g_wm.l(dnaninf.o)
    0x00002192   0x00002192   0x00000070   Code   RO          405    x$fpl$drenorm       g_wm.l(drenorm_clz.o)
    0x00002202   0x00002202   0x0000000c   Code   RO          407    x$fpl$dretinf       g_wm.l(dretinf.o)
    0x0000220e   0x0000220e   0x00000002   PAD
    0x00002210   0x00002210   0x0000029c   Code   RO          382    x$fpl$dsub          g_wm.l(daddsub_clz.o)
    0x000024ac   0x000024ac   0x0000017a   Code   RO          409    x$fpl$dunder        g_wm.l(dunder_clz.o)
    0x00002626   0x00002626   0x00000002   PAD
    0x00002628   0x00002628   0x000001ec   Code   RO          411    x$fpl$exception     g_wm.l(except.o)
    0x00002814   0x00002814   0x0000000a   Code   RO          514    x$fpl$fpinit        g_wm.l(fpinit.o)
    0x0000281e   0x0000281e   0x000000b2   Code   RO          429    x$fpl$retnan        g_wm.l(retnan.o)
    0x000028d0   0x000028d0   0x0000007e   Code   RO          431    x$fpl$trapveneer    g_wm.l(trapv.o)
    0x0000294e   0x0000294e   0x00000000   Code   RO          413    x$fpl$usenofp       g_wm.l(usenofp.o)
    0x0000294e   0x0000294e   0x00000002   PAD
    0x00002950   0x00002950   0x00000640   Data   RO            4    .constdata          eb_frequency_and_featureextration_example.o
    0x00002f90   0x00002f90   0x00000080   Data   RO          297    .constdata          arm_cortexM4lf_math.lib(arm_common_tables.o)
    0x00003010   0x00003010   0x00000100   Data   RO          298    .constdata          arm_cortexM4lf_math.lib(arm_common_tables.o)
    0x00003110   0x00003110   0x00000200   Data   RO          299    .constdata          arm_cortexM4lf_math.lib(arm_common_tables.o)
    0x00003310   0x00003310   0x00000400   Data   RO          300    .constdata          arm_cortexM4lf_math.lib(arm_common_tables.o)
    0x00003710   0x00003710   0x00000800   Data   RO          301    .constdata          arm_cortexM4lf_math.lib(arm_common_tables.o)
    0x00003f10   0x00003f10   0x00001000   Data   RO          302    .constdata          arm_cortexM4lf_math.lib(arm_common_tables.o)
    0x00004f10   0x00004f10   0x00002000   Data   RO          303    .constdata          arm_cortexM4lf_math.lib(arm_common_tables.o)
    0x00006f10   0x00006f10   0x00004000   Data   RO          304    .constdata          arm_cortexM4lf_math.lib(arm_common_tables.o)
    0x0000af10   0x0000af10   0x00000028   Data   RO          310    .constdata          arm_cortexM4lf_math.lib(arm_common_tables.o)
    0x0000af38   0x0000af38   0x00000060   Data   RO          311    .constdata          arm_cortexM4lf_math.lib(arm_common_tables.o)
    0x0000af98   0x0000af98   0x00000070   Data   RO          312    .constdata          arm_cortexM4lf_math.lib(arm_common_tables.o)
    0x0000b008   0x0000b008   0x000001a0   Data   RO          313    .constdata          arm_cortexM4lf_math.lib(arm_common_tables.o)
    0x0000b1a8   0x0000b1a8   0x00000370   Data   RO          314    .constdata          arm_cortexM4lf_math.lib(arm_common_tables.o)
    0x0000b518   0x0000b518   0x00000380   Data   RO          315    .constdata          arm_cortexM4lf_math.lib(arm_common_tables.o)
    0x0000b898   0x0000b898   0x00000e10   Data   RO          316    .constdata          arm_cortexM4lf_math.lib(arm_common_tables.o)
    0x0000c6a8   0x0000c6a8   0x00001dc0   Data   RO          317    .constdata          arm_cortexM4lf_math.lib(arm_common_tables.o)
    0x0000e468   0x0000e468   0x00000080   Data   RO          319    .constdata          arm_cortexM4lf_math.lib(arm_common_tables.o)
    0x0000e4e8   0x0000e4e8   0x00000100   Data   RO          320    .constdata          arm_cortexM4lf_math.lib(arm_common_tables.o)
    0x0000e5e8   0x0000e5e8   0x00000200   Data   RO          321    .constdata          arm_cortexM4lf_math.lib(arm_common_tables.o)
    0x0000e7e8   0x0000e7e8   0x00000400   Data   RO          322    .constdata          arm_cortexM4lf_math.lib(arm_common_tables.o)
    0x0000ebe8   0x0000ebe8   0x00000800   Data   RO          323    .constdata          arm_cortexM4lf_math.lib(arm_common_tables.o)
    0x0000f3e8   0x0000f3e8   0x00001000   Data   RO          324    .constdata          arm_cortexM4lf_math.lib(arm_common_tables.o)
    0x000103e8   0x000103e8   0x00002000   Data   RO          325    .constdata          arm_cortexM4lf_math.lib(arm_common_tables.o)
    0x000123e8   0x000123e8   0x00004000   Data   RO          326    .constdata          arm_cortexM4lf_math.lib(arm_common_tables.o)
    0x000163e8   0x000163e8   0x00000804   Data   RO          327    .constdata          arm_cortexM4lf_math.lib(arm_common_tables.o)
    0x00016bec   0x00016bec   0x00000020   Data   RO          576    Region$$Table       anon$$obj.o


    Execution Region ER_RW (Exec base: 0x20000000, Load base: 0x00016c0c, Size: 0x00000008, Max: 0xffffffff, ABSOLUTE)

    Exec Addr    Load Addr    Size         Type   Attr      Idx    E Section Name        Object

    0x20000000   0x00016c0c   0x00000003   Data   RW            5    .data               eb_frequency_and_featureextration_example.o
    0x20000003   0x00016c0f   0x00000001   PAD
    0x20000004   0x00016c10   0x00000004   Data   RW          107    .data               system_armcm4.o


    Execution Region ER_ZI (Exec base: 0x20000008, Load base: 0x00016c14, Size: 0x00048060, Max: 0xffffffff, ABSOLUTE)

    Exec Addr    Load Addr    Size         Type   Attr      Idx    E Section Name        Object

    0x20000008        -       0x00000060   Zero   RW          446    .bss                c_w.l(libspace.o)
    0x20000068        -       0x00008000   Zero   RW          138    HEAP                startup_armcm4.o
    0x20008068        -       0x00040000   Zero   RW          137    STACK               startup_armcm4.o


==============================================================================

Image component sizes


      Code (inc. data)   RO Data    RW Data    ZI Data      Debug   Object Name

       172         14          0          0          0       1122   eb_envolop_spectrum_f32.o
        92          8       1600          3          0      18170   eb_frequency_and_featureextration_example.o
       376          8          0          0          0       1339   eb_harmonic_freq_f32.o
        64         26        192          0     294912        920   startup_armcm4.o
        40         12          0          4          0        877   system_armcm4.o

    ----------------------------------------------------------------------
       744         68       1824          8     294912      22428   Object Totals
         0          0         32          0          0          0   (incl. Generated)
         0          0          0          1          0          0   (incl. Padding)

    ----------------------------------------------------------------------

      Code (inc. data)   RO Data    RW Data    ZI Data      Debug   Library Member Name

       106          0          0          0          0        456   arm_bitreversal2.o
      1806          0          0          0          0       3533   arm_cfft_f32.o
      1244          4          0          0          0       2371   arm_cfft_radix8_f32.o
       252          6          0          0          0       1116   arm_cmplx_mag_f32.o
         0          0      80988          0          0       2744   arm_common_tables.o
       176          6          0          0          0        899   arm_mean_f32.o
       522          0          0          0          0       2396   arm_rfft_fast_f32.o
       296         98          0          0          0       1141   arm_rfft_fast_init_f32.o
       116         12          0          0          0      16050   arm_sin_f32.o
         8          0          0          0          0         68   __main.o
         0          0          0          0          0          0   __rtentry.o
        12          0          0          0          0          0   __rtentry2.o
         6          0          0          0          0          0   __rtentry4.o
        52          8          0          0          0          0   __scatter.o
        26          0          0          0          0          0   __scatter_copy.o
        28          0          0          0          0          0   __scatter_zi.o
        48          4          0          0          0         84   _fptrap.o
        10          0          0          0          0         68   defsig_exit.o
       172        110          0          0          0         76   defsig_fpe_inner.o
        14          0          0          0          0         80   defsig_fpe_outer.o
        50          0          0          0          0         88   defsig_general.o
        18          0          0          0          0         80   exit.o
         6          0          0          0          0        152   heapauxi.o
         0          0          0          0          0          0   indicate_semi.o
         2          0          0          0          0          0   libinit.o
         6          0          0          0          0          0   libinit2.o
         2          0          0          0          0          0   libshutdown.o
         2          0          0          0          0          0   libshutdown2.o
         8          4          0          0         96         68   libspace.o
       100          0          0          0          0         80   rt_memcpy_w.o
         2          0          0          0          0          0   rtexit.o
        10          0          0          0          0          0   rtexit2.o
        12          4          0          0          0         68   sys_exit.o
        74          0          0          0          0         80   sys_stackheap_outer.o
        14          0          0          0          0         76   sys_wrch.o
         2          0          0          0          0         68   use_no_semi.o
      1256         28          0          0          0        408   daddsub_clz.o
       892        152          0          0          0        292   ddiv_clz.o
       220         16          0          0          0        192   dfixu.o
        38          0          0          0          0        116   dflt_clz.o
       448         16          0          0          0        164   dmul_clz.o
       258          4          0          0          0        156   dnaninf.o
       112          0          0          0          0        160   drenorm_clz.o
        12          0          0          0          0        116   dretinf.o
       378          0          0          0          0        168   dunder_clz.o
       492         36          0          0          0        148   except.o
        10          0          0          0          0        116   fpinit.o
       178          0          0          0          0        116   retnan.o
       126          0          0          0          0        148   trapv.o
         0          0          0          0          0          0   usenofp.o

    ----------------------------------------------------------------------
      9640        508      80988          0         96      34142   Library Totals
        18          0          0          0          0          0   (incl. Padding)

    ----------------------------------------------------------------------

      Code (inc. data)   RO Data    RW Data    ZI Data      Debug   Library Name

      4518        126      80988          0          0      30706   arm_cortexM4lf_math.lib
       684        130          0          0         96       1136   c_w.l
      4420        252          0          0          0       2300   g_wm.l

    ----------------------------------------------------------------------
      9640        508      80988          0         96      34142   Library Totals

    ----------------------------------------------------------------------

==============================================================================


      Code (inc. data)   RO Data    RW Data    ZI Data      Debug   

     10384        576      82812          8     295008      54150   Grand Totals
     10384        576      82812          8     295008      54150   ELF Image Totals
     10384        576      82812          8          0          0   ROM Totals

==============================================================================

    Total RO  Size (Code + RO Data)                93196 (  91.01kB)
    Total RW  Size (RW Data + ZI Data)            295016 ( 288.10kB)
    Total ROM Size (Code + RO Data + RW Data)      93204 (  91.02kB)

==============================================================================

