Component: ARM Compiler 5.06 update 6 (build 750) Tool: armlink [4d35ed]

==============================================================================

Section Cross References

    eb_preprocessing_example.o(.text) refers to rt_memcpy_w.o(.text) for __aeabi_memcpy4
    eb_preprocessing_example.o(.text) refers to rt_memclr_w.o(.text) for __aeabi_memclr4
    eb_preprocessing_example.o(.text) refers to eb_mean_filtering_f32.o(.text) for eb_mean_filtering_f32
    eb_preprocessing_example.o(.text) refers to eb_outlier_detection_f32.o(.text) for eb_outlier_detection_f32
    eb_preprocessing_example.o(.text) refers to eb_acf_f32 .o(.text) for eb_ACF_f32
    eb_preprocessing_example.o(.text) refers to eb_preprocessing_example.o(.constdata) for .constdata
    eb_mean_filtering_f32.o(.text) refers to arm_fill_f32.o(.text) for arm_fill_f32
    eb_mean_filtering_f32.o(.text) refers to arm_conv_f32.o(.text) for arm_conv_f32
    eb_outlier_detection_f32.o(.text) refers to arm_max_f32.o(.text) for arm_max_f32
    eb_acf_f32 .o(.text) refers to arm_correlate_f32.o(.text) for arm_correlate_f32
    eb_acf_f32 .o(.text) refers to arm_max_f32.o(.text) for arm_max_f32
    eb_acf_f32 .o(.text) refers to assert.o(.text) for __aeabi_assert
    system_armcm4.o(.text) refers to system_armcm4.o(.data) for SystemCoreClock
    startup_armcm4.o(STACK) refers (Special) to heapauxi.o(.text) for __use_two_region_memory
    startup_armcm4.o(HEAP) refers (Special) to heapauxi.o(.text) for __use_two_region_memory
    startup_armcm4.o(RESET) refers (Special) to heapauxi.o(.text) for __use_two_region_memory
    startup_armcm4.o(RESET) refers to startup_armcm4.o(STACK) for __initial_sp
    startup_armcm4.o(RESET) refers to startup_armcm4.o(.text) for Reset_Handler
    startup_armcm4.o(.text) refers (Special) to heapauxi.o(.text) for __use_two_region_memory
    startup_armcm4.o(.text) refers to system_armcm4.o(.text) for SystemInit
    startup_armcm4.o(.text) refers to __main.o(!!!main) for __main
    startup_armcm4.o(.text) refers to startup_armcm4.o(HEAP) for Heap_Mem
    startup_armcm4.o(.text) refers to startup_armcm4.o(STACK) for Stack_Mem
    assert.o(.text) refers to assert_puts.o(.text) for __assert_puts
    assert.o(.text) refers to abort.o(.text) for abort
    __main.o(!!!main) refers to __rtentry.o(.ARM.Collect$$rtentry$$00000000) for __rt_entry
    __rtentry.o(.ARM.Collect$$rtentry$$00000000) refers (Special) to __rtentry2.o(.ARM.Collect$$rtentry$$0000000A) for __rt_entry_li
    __rtentry.o(.ARM.Collect$$rtentry$$00000000) refers (Special) to __rtentry2.o(.ARM.Collect$$rtentry$$0000000D) for __rt_entry_main
    __rtentry.o(.ARM.Collect$$rtentry$$00000000) refers (Special) to __rtentry2.o(.ARM.Collect$$rtentry$$0000000C) for __rt_entry_postli_1
    __rtentry.o(.ARM.Collect$$rtentry$$00000000) refers (Special) to __rtentry2.o(.ARM.Collect$$rtentry$$00000009) for __rt_entry_postsh_1
    __rtentry.o(.ARM.Collect$$rtentry$$00000000) refers (Special) to __rtentry2.o(.ARM.Collect$$rtentry$$00000002) for __rt_entry_presh_1
    __rtentry.o(.ARM.Collect$$rtentry$$00000000) refers (Special) to __rtentry4.o(.ARM.Collect$$rtentry$$00000004) for __rt_entry_sh
    abort.o(.text) refers to defsig_abrt_outer.o(.text) for __rt_SIGABRT
    abort.o(.text) refers (Weak) to libshutdown.o(.ARM.Collect$$libshutdown$$00000000) for __rt_lib_shutdown
    abort.o(.text) refers to sys_exit.o(.text) for _sys_exit
    assert_puts.o(.text) refers to sys_wrch.o(.text) for _ttywrch
    sys_wrch.o(.text) refers (Special) to use_no_semi.o(.text) for __I$use$semihosting
    sys_wrch.o(.text) refers (Special) to indicate_semi.o(.text) for __semihosting_library_function
    sys_exit.o(.text) refers (Special) to use_no_semi.o(.text) for __I$use$semihosting
    sys_exit.o(.text) refers (Special) to indicate_semi.o(.text) for __semihosting_library_function
    __rtentry2.o(.ARM.Collect$$rtentry$$00000008) refers to boardinit2.o(.text) for _platform_post_stackheap_init
    __rtentry2.o(.ARM.Collect$$rtentry$$0000000A) refers to libinit.o(.ARM.Collect$$libinit$$00000000) for __rt_lib_init
    __rtentry2.o(.ARM.Collect$$rtentry$$0000000B) refers to boardinit3.o(.text) for _platform_post_lib_init
    __rtentry2.o(.ARM.Collect$$rtentry$$0000000D) refers to eb_preprocessing_example.o(.text) for main
    __rtentry2.o(.ARM.Collect$$rtentry$$0000000D) refers to exit.o(.text) for exit
    __rtentry2.o(.ARM.exidx) refers to __rtentry2.o(.ARM.Collect$$rtentry$$00000001) for .ARM.Collect$$rtentry$$00000001
    __rtentry2.o(.ARM.exidx) refers to __rtentry2.o(.ARM.Collect$$rtentry$$00000008) for .ARM.Collect$$rtentry$$00000008
    __rtentry2.o(.ARM.exidx) refers to __rtentry2.o(.ARM.Collect$$rtentry$$0000000A) for .ARM.Collect$$rtentry$$0000000A
    __rtentry2.o(.ARM.exidx) refers to __rtentry2.o(.ARM.Collect$$rtentry$$0000000B) for .ARM.Collect$$rtentry$$0000000B
    __rtentry2.o(.ARM.exidx) refers to __rtentry2.o(.ARM.Collect$$rtentry$$0000000D) for .ARM.Collect$$rtentry$$0000000D
    __rtentry4.o(.ARM.Collect$$rtentry$$00000004) refers to sys_stackheap_outer.o(.text) for __user_setup_stackheap
    __rtentry4.o(.ARM.exidx) refers to __rtentry4.o(.ARM.Collect$$rtentry$$00000004) for .ARM.Collect$$rtentry$$00000004
    defsig_abrt_outer.o(.text) refers to defsig_abrt_inner.o(.text) for __rt_SIGABRT_inner
    defsig_abrt_outer.o(.text) refers to defsig_exit.o(.text) for __sig_exit
    defsig_abrt_formal.o(.text) refers to rt_raise.o(.text) for __rt_raise
    sys_stackheap_outer.o(.text) refers to libspace.o(.text) for __user_perproc_libspace
    sys_stackheap_outer.o(.text) refers to startup_armcm4.o(.text) for __user_initial_stackheap
    rt_raise.o(.text) refers to __raise.o(.text) for __raise
    rt_raise.o(.text) refers to sys_exit.o(.text) for _sys_exit
    exit.o(.text) refers to rtexit.o(.ARM.Collect$$rtexit$$00000000) for __rt_exit
    defsig_exit.o(.text) refers to sys_exit.o(.text) for _sys_exit
    defsig_abrt_inner.o(.text) refers to defsig_general.o(.text) for __default_signal_display
    libinit.o(.ARM.Collect$$libinit$$00000000) refers (Special) to libinit2.o(.ARM.Collect$$libinit$$0000002E) for __rt_lib_init_alloca_1
    libinit.o(.ARM.Collect$$libinit$$00000000) refers (Special) to libinit2.o(.ARM.Collect$$libinit$$0000002C) for __rt_lib_init_argv_1
    libinit.o(.ARM.Collect$$libinit$$00000000) refers (Special) to libinit2.o(.ARM.Collect$$libinit$$0000001B) for __rt_lib_init_atexit_1
    libinit.o(.ARM.Collect$$libinit$$00000000) refers (Special) to libinit2.o(.ARM.Collect$$libinit$$00000021) for __rt_lib_init_clock_1
    libinit.o(.ARM.Collect$$libinit$$00000000) refers (Special) to libinit2.o(.ARM.Collect$$libinit$$00000032) for __rt_lib_init_cpp_1
    libinit.o(.ARM.Collect$$libinit$$00000000) refers (Special) to libinit2.o(.ARM.Collect$$libinit$$00000030) for __rt_lib_init_exceptions_1
    libinit.o(.ARM.Collect$$libinit$$00000000) refers (Special) to libinit2.o(.ARM.Collect$$libinit$$00000001) for __rt_lib_init_fp_1
    libinit.o(.ARM.Collect$$libinit$$00000000) refers (Special) to libinit2.o(.ARM.Collect$$libinit$$0000001F) for __rt_lib_init_fp_trap_1
    libinit.o(.ARM.Collect$$libinit$$00000000) refers (Special) to libinit2.o(.ARM.Collect$$libinit$$00000023) for __rt_lib_init_getenv_1
    libinit.o(.ARM.Collect$$libinit$$00000000) refers (Special) to libinit2.o(.ARM.Collect$$libinit$$0000000A) for __rt_lib_init_heap_1
    libinit.o(.ARM.Collect$$libinit$$00000000) refers (Special) to libinit2.o(.ARM.Collect$$libinit$$00000011) for __rt_lib_init_lc_collate_1
    libinit.o(.ARM.Collect$$libinit$$00000000) refers (Special) to libinit2.o(.ARM.Collect$$libinit$$00000013) for __rt_lib_init_lc_ctype_1
    libinit.o(.ARM.Collect$$libinit$$00000000) refers (Special) to libinit2.o(.ARM.Collect$$libinit$$00000015) for __rt_lib_init_lc_monetary_1
    libinit.o(.ARM.Collect$$libinit$$00000000) refers (Special) to libinit2.o(.ARM.Collect$$libinit$$00000017) for __rt_lib_init_lc_numeric_1
    libinit.o(.ARM.Collect$$libinit$$00000000) refers (Special) to libinit2.o(.ARM.Collect$$libinit$$00000019) for __rt_lib_init_lc_time_1
    libinit.o(.ARM.Collect$$libinit$$00000000) refers (Special) to libinit2.o(.ARM.Collect$$libinit$$00000004) for __rt_lib_init_preinit_1
    libinit.o(.ARM.Collect$$libinit$$00000000) refers (Special) to libinit2.o(.ARM.Collect$$libinit$$0000000E) for __rt_lib_init_rand_1
    libinit.o(.ARM.Collect$$libinit$$00000000) refers (Special) to libinit2.o(.ARM.Collect$$libinit$$00000033) for __rt_lib_init_return
    libinit.o(.ARM.Collect$$libinit$$00000000) refers (Special) to libinit2.o(.ARM.Collect$$libinit$$0000001D) for __rt_lib_init_signal_1
    libinit.o(.ARM.Collect$$libinit$$00000000) refers (Special) to libinit2.o(.ARM.Collect$$libinit$$00000025) for __rt_lib_init_stdio_1
    libinit.o(.ARM.Collect$$libinit$$00000000) refers (Special) to libinit2.o(.ARM.Collect$$libinit$$0000000C) for __rt_lib_init_user_alloc_1
    libspace.o(.text) refers to libspace.o(.bss) for __libspace_start
    rtexit.o(.ARM.Collect$$rtexit$$00000000) refers (Special) to rtexit2.o(.ARM.Collect$$rtexit$$00000004) for __rt_exit_exit
    rtexit.o(.ARM.Collect$$rtexit$$00000000) refers (Special) to rtexit2.o(.ARM.Collect$$rtexit$$00000003) for __rt_exit_ls
    rtexit.o(.ARM.Collect$$rtexit$$00000000) refers (Special) to rtexit2.o(.ARM.Collect$$rtexit$$00000002) for __rt_exit_prels_1
    rtexit.o(.ARM.exidx) refers (Special) to rtexit2.o(.ARM.Collect$$rtexit$$00000004) for __rt_exit_exit
    rtexit.o(.ARM.exidx) refers (Special) to rtexit2.o(.ARM.Collect$$rtexit$$00000003) for __rt_exit_ls
    rtexit.o(.ARM.exidx) refers (Special) to rtexit2.o(.ARM.Collect$$rtexit$$00000002) for __rt_exit_prels_1
    rtexit.o(.ARM.exidx) refers to rtexit.o(.ARM.Collect$$rtexit$$00000000) for .ARM.Collect$$rtexit$$00000000
    __raise.o(.text) refers to defsig.o(CL$$defsig) for __default_signal_handler
    defsig_general.o(.text) refers to sys_wrch.o(.text) for _ttywrch
    libinit2.o(.ARM.Collect$$libinit$$00000001) refers to fpinit.o(x$fpl$fpinit) for _fp_init
    libinit2.o(.ARM.Collect$$libinit$$00000010) refers to libinit2.o(.ARM.Collect$$libinit$$0000000F) for .ARM.Collect$$libinit$$0000000F
    libinit2.o(.ARM.Collect$$libinit$$00000012) refers to libinit2.o(.ARM.Collect$$libinit$$0000000F) for .ARM.Collect$$libinit$$0000000F
    libinit2.o(.ARM.Collect$$libinit$$00000014) refers to libinit2.o(.ARM.Collect$$libinit$$0000000F) for .ARM.Collect$$libinit$$0000000F
    libinit2.o(.ARM.Collect$$libinit$$00000016) refers to libinit2.o(.ARM.Collect$$libinit$$0000000F) for .ARM.Collect$$libinit$$0000000F
    libinit2.o(.ARM.Collect$$libinit$$00000018) refers to libinit2.o(.ARM.Collect$$libinit$$0000000F) for .ARM.Collect$$libinit$$0000000F
    libinit2.o(.ARM.Collect$$libinit$$00000026) refers to argv_veneer.o(.emb_text) for __ARM_argv_veneer
    libinit2.o(.ARM.Collect$$libinit$$00000027) refers to argv_veneer.o(.emb_text) for __ARM_argv_veneer
    rtexit2.o(.ARM.Collect$$rtexit$$00000003) refers to libshutdown.o(.ARM.Collect$$libshutdown$$00000000) for __rt_lib_shutdown
    rtexit2.o(.ARM.Collect$$rtexit$$00000004) refers to sys_exit.o(.text) for _sys_exit
    rtexit2.o(.ARM.exidx) refers to rtexit2.o(.ARM.Collect$$rtexit$$00000001) for .ARM.Collect$$rtexit$$00000001
    rtexit2.o(.ARM.exidx) refers to rtexit2.o(.ARM.Collect$$rtexit$$00000003) for .ARM.Collect$$rtexit$$00000003
    rtexit2.o(.ARM.exidx) refers to rtexit2.o(.ARM.Collect$$rtexit$$00000004) for .ARM.Collect$$rtexit$$00000004
    defsig.o(CL$$defsig) refers to defsig_abrt_inner.o(.text) for __rt_SIGABRT_inner
    defsig.o(CL$$defsig) refers to defsig_rtmem_inner.o(.text) for __rt_SIGRTMEM_inner
    argv_veneer.o(.emb_text) refers to no_argv.o(.text) for __ARM_get_argv
    defsig_fpe_inner.o(.text) refers to defsig_general.o(.text) for __default_signal_display
    defsig_rtred_inner.o(.text) refers to defsig_general.o(.text) for __default_signal_display
    defsig_rtmem_inner.o(.text) refers to defsig_general.o(.text) for __default_signal_display
    defsig_stak_inner.o(.text) refers to defsig_general.o(.text) for __default_signal_display
    defsig_pvfn_inner.o(.text) refers to defsig_general.o(.text) for __default_signal_display
    defsig_cppl_inner.o(.text) refers to defsig_general.o(.text) for __default_signal_display
    defsig_segv_inner.o(.text) refers to defsig_general.o(.text) for __default_signal_display
    defsig_other.o(.text) refers to defsig_general.o(.text) for __default_signal_display
    _get_argv_nomalloc.o(.text) refers (Special) to hrguard.o(.text) for __heap_region$guard
    _get_argv_nomalloc.o(.text) refers to defsig_rtmem_outer.o(.text) for __rt_SIGRTMEM
    _get_argv_nomalloc.o(.text) refers to sys_command.o(.text) for _sys_command_string
    libshutdown.o(.ARM.Collect$$libshutdown$$00000000) refers (Special) to libshutdown2.o(.ARM.Collect$$libshutdown$$00000002) for __rt_lib_shutdown_cpp_1
    libshutdown.o(.ARM.Collect$$libshutdown$$00000000) refers (Special) to libshutdown2.o(.ARM.Collect$$libshutdown$$00000007) for __rt_lib_shutdown_fp_trap_1
    libshutdown.o(.ARM.Collect$$libshutdown$$00000000) refers (Special) to libshutdown2.o(.ARM.Collect$$libshutdown$$0000000F) for __rt_lib_shutdown_heap_1
    libshutdown.o(.ARM.Collect$$libshutdown$$00000000) refers (Special) to libshutdown2.o(.ARM.Collect$$libshutdown$$00000010) for __rt_lib_shutdown_return
    libshutdown.o(.ARM.Collect$$libshutdown$$00000000) refers (Special) to libshutdown2.o(.ARM.Collect$$libshutdown$$0000000A) for __rt_lib_shutdown_signal_1
    libshutdown.o(.ARM.Collect$$libshutdown$$00000000) refers (Special) to libshutdown2.o(.ARM.Collect$$libshutdown$$00000004) for __rt_lib_shutdown_stdio_1
    libshutdown.o(.ARM.Collect$$libshutdown$$00000000) refers (Special) to libshutdown2.o(.ARM.Collect$$libshutdown$$0000000C) for __rt_lib_shutdown_user_alloc_1
    sys_command.o(.text) refers (Special) to use_no_semi.o(.text) for __I$use$semihosting
    sys_command.o(.text) refers (Special) to indicate_semi.o(.text) for __semihosting_library_function
    defsig_rtmem_outer.o(.text) refers to defsig_rtmem_inner.o(.text) for __rt_SIGRTMEM_inner
    defsig_rtmem_outer.o(.text) refers to defsig_exit.o(.text) for __sig_exit
    defsig_rtmem_formal.o(.text) refers to rt_raise.o(.text) for __rt_raise


==============================================================================

Removing Unused input sections from the image.

    Removing eb_preprocessing_example.o(.rev16_text), (4 bytes).
    Removing eb_preprocessing_example.o(.revsh_text), (4 bytes).
    Removing eb_mean_filtering_f32.o(.rev16_text), (4 bytes).
    Removing eb_mean_filtering_f32.o(.revsh_text), (4 bytes).
    Removing eb_outlier_detection_f32.o(.rev16_text), (4 bytes).
    Removing eb_outlier_detection_f32.o(.revsh_text), (4 bytes).
    Removing eb_acf_f32 .o(.rev16_text), (4 bytes).
    Removing eb_acf_f32 .o(.revsh_text), (4 bytes).
    Removing system_armcm4.o(.rev16_text), (4 bytes).
    Removing system_armcm4.o(.revsh_text), (4 bytes).
    Removing arm_conv_f32.o(.rev16_text), (4 bytes).
    Removing arm_conv_f32.o(.revsh_text), (4 bytes).
    Removing arm_correlate_f32.o(.rev16_text), (4 bytes).
    Removing arm_correlate_f32.o(.revsh_text), (4 bytes).
    Removing arm_max_f32.o(.rev16_text), (4 bytes).
    Removing arm_max_f32.o(.revsh_text), (4 bytes).
    Removing arm_fill_f32.o(.rev16_text), (4 bytes).
    Removing arm_fill_f32.o(.revsh_text), (4 bytes).

18 unused section(s) (total 72 bytes) removed from the image.

==============================================================================

Image Symbol Table

    Local Symbols

    Symbol Name                              Value     Ov Type        Size  Object(Section)

    RESET                                    0x00000000   Section      192  startup_armcm4.o(RESET)
    ../clib/angel/boardlib.s                 0x00000000   Number         0  boardshut.o ABSOLUTE
    ../clib/angel/boardlib.s                 0x00000000   Number         0  boardinit2.o ABSOLUTE
    ../clib/angel/boardlib.s                 0x00000000   Number         0  boardinit3.o ABSOLUTE
    ../clib/angel/boardlib.s                 0x00000000   Number         0  boardinit1.o ABSOLUTE
    ../clib/angel/handlers.s                 0x00000000   Number         0  __scatter_zi.o ABSOLUTE
    ../clib/angel/handlers.s                 0x00000000   Number         0  __scatter_copy.o ABSOLUTE
    ../clib/angel/kernel.s                   0x00000000   Number         0  __rtentry.o ABSOLUTE
    ../clib/angel/kernel.s                   0x00000000   Number         0  __rtentry4.o ABSOLUTE
    ../clib/angel/kernel.s                   0x00000000   Number         0  __rtentry2.o ABSOLUTE
    ../clib/angel/kernel.s                   0x00000000   Number         0  rtexit.o ABSOLUTE
    ../clib/angel/kernel.s                   0x00000000   Number         0  rtexit2.o ABSOLUTE
    ../clib/angel/rt.s                       0x00000000   Number         0  rt_raise.o ABSOLUTE
    ../clib/angel/scatter.s                  0x00000000   Number         0  __scatter.o ABSOLUTE
    ../clib/angel/startup.s                  0x00000000   Number         0  __main.o ABSOLUTE
    ../clib/angel/sys.s                      0x00000000   Number         0  libspace.o ABSOLUTE
    ../clib/angel/sys.s                      0x00000000   Number         0  use_no_semi.o ABSOLUTE
    ../clib/angel/sys.s                      0x00000000   Number         0  indicate_semi.o ABSOLUTE
    ../clib/angel/sys.s                      0x00000000   Number         0  sys_stackheap_outer.o ABSOLUTE
    ../clib/angel/sysapp.c                   0x00000000   Number         0  sys_command.o ABSOLUTE
    ../clib/angel/sysapp.c                   0x00000000   Number         0  sys_wrch.o ABSOLUTE
    ../clib/angel/sysapp.c                   0x00000000   Number         0  sys_exit.o ABSOLUTE
    ../clib/armsys.c                         0x00000000   Number         0  argv_veneer.o ABSOLUTE
    ../clib/armsys.c                         0x00000000   Number         0  argv_veneer.o ABSOLUTE
    ../clib/armsys.c                         0x00000000   Number         0  no_argv.o ABSOLUTE
    ../clib/armsys.c                         0x00000000   Number         0  _get_argv_nomalloc.o ABSOLUTE
    ../clib/assert.c                         0x00000000   Number         0  assert_puts.o ABSOLUTE
    ../clib/assert.c                         0x00000000   Number         0  assert.o ABSOLUTE
    ../clib/heapalloc.c                      0x00000000   Number         0  hrguard.o ABSOLUTE
    ../clib/heapaux.c                        0x00000000   Number         0  heapauxi.o ABSOLUTE
    ../clib/libinit.s                        0x00000000   Number         0  libinit2.o ABSOLUTE
    ../clib/libinit.s                        0x00000000   Number         0  libshutdown2.o ABSOLUTE
    ../clib/libinit.s                        0x00000000   Number         0  libshutdown.o ABSOLUTE
    ../clib/libinit.s                        0x00000000   Number         0  libinit.o ABSOLUTE
    ../clib/memcpset.s                       0x00000000   Number         0  rt_memclr_w.o ABSOLUTE
    ../clib/memcpset.s                       0x00000000   Number         0  rt_memcpy_w.o ABSOLUTE
    ../clib/signal.c                         0x00000000   Number         0  defsig_stak_inner.o ABSOLUTE
    ../clib/signal.c                         0x00000000   Number         0  defsig_exit.o ABSOLUTE
    ../clib/signal.c                         0x00000000   Number         0  defsig_general.o ABSOLUTE
    ../clib/signal.c                         0x00000000   Number         0  defsig_rtmem_outer.o ABSOLUTE
    ../clib/signal.c                         0x00000000   Number         0  defsig_segv_inner.o ABSOLUTE
    ../clib/signal.c                         0x00000000   Number         0  defsig_abrt_formal.o ABSOLUTE
    ../clib/signal.c                         0x00000000   Number         0  defsig_rtmem_formal.o ABSOLUTE
    ../clib/signal.c                         0x00000000   Number         0  defsig_abrt_outer.o ABSOLUTE
    ../clib/signal.c                         0x00000000   Number         0  defsig_other.o ABSOLUTE
    ../clib/signal.c                         0x00000000   Number         0  defsig_fpe_inner.o ABSOLUTE
    ../clib/signal.c                         0x00000000   Number         0  __raise.o ABSOLUTE
    ../clib/signal.c                         0x00000000   Number         0  defsig_rtred_inner.o ABSOLUTE
    ../clib/signal.c                         0x00000000   Number         0  defsig_cppl_inner.o ABSOLUTE
    ../clib/signal.c                         0x00000000   Number         0  defsig_rtmem_inner.o ABSOLUTE
    ../clib/signal.c                         0x00000000   Number         0  defsig_pvfn_inner.o ABSOLUTE
    ../clib/signal.c                         0x00000000   Number         0  defsig_abrt_inner.o ABSOLUTE
    ../clib/signal.s                         0x00000000   Number         0  defsig.o ABSOLUTE
    ../clib/stdlib.c                         0x00000000   Number         0  abort.o ABSOLUTE
    ../clib/stdlib.c                         0x00000000   Number         0  exit.o ABSOLUTE
    ../fplib/fpinit.s                        0x00000000   Number         0  fpinit.o ABSOLUTE
    ..\..\..\Source\preprocessing\eb_ACF_f32 .c 0x00000000   Number         0  eb_acf_f32 .o ABSOLUTE
    ..\..\..\Source\preprocessing\eb_mean_filtering_f32.c 0x00000000   Number         0  eb_mean_filtering_f32.o ABSOLUTE
    ..\..\..\Source\preprocessing\eb_outlier_detection_f32.c 0x00000000   Number         0  eb_outlier_detection_f32.o ABSOLUTE
    ..\..\Common\Source\system_ARMCM4.c      0x00000000   Number         0  system_armcm4.o ABSOLUTE
    ..\..\Common\Startup\ARM\startup_ARMCM4.s 0x00000000   Number         0  startup_armcm4.o ABSOLUTE
    ..\FilteringFunctions\arm_conv_f32.c     0x00000000   Number         0  arm_conv_f32.o ABSOLUTE
    ..\FilteringFunctions\arm_correlate_f32.c 0x00000000   Number         0  arm_correlate_f32.o ABSOLUTE
    ..\StatisticsFunctions\arm_max_f32.c     0x00000000   Number         0  arm_max_f32.o ABSOLUTE
    ..\SupportFunctions\arm_fill_f32.c       0x00000000   Number         0  arm_fill_f32.o ABSOLUTE
    ..\\..\\..\\Source\\preprocessing\\eb_ACF_f32 .c 0x00000000   Number         0  eb_acf_f32 .o ABSOLUTE
    ..\\..\\..\\Source\\preprocessing\\eb_mean_filtering_f32.c 0x00000000   Number         0  eb_mean_filtering_f32.o ABSOLUTE
    ..\\..\\..\\Source\\preprocessing\\eb_outlier_detection_f32.c 0x00000000   Number         0  eb_outlier_detection_f32.o ABSOLUTE
    ..\\..\\Common\\Source\\system_ARMCM4.c  0x00000000   Number         0  system_armcm4.o ABSOLUTE
    ..\\FilteringFunctions\\arm_conv_f32.c   0x00000000   Number         0  arm_conv_f32.o ABSOLUTE
    ..\\FilteringFunctions\\arm_correlate_f32.c 0x00000000   Number         0  arm_correlate_f32.o ABSOLUTE
    ..\\StatisticsFunctions\\arm_max_f32.c   0x00000000   Number         0  arm_max_f32.o ABSOLUTE
    ..\\SupportFunctions\\arm_fill_f32.c     0x00000000   Number         0  arm_fill_f32.o ABSOLUTE
    ..\\eb_preprocessing_example.c           0x00000000   Number         0  eb_preprocessing_example.o ABSOLUTE
    ..\eb_preprocessing_example.c            0x00000000   Number         0  eb_preprocessing_example.o ABSOLUTE
    dc.s                                     0x00000000   Number         0  dc.o ABSOLUTE
    !!!main                                  0x000000c0   Section        8  __main.o(!!!main)
    !!!scatter                               0x000000c8   Section       52  __scatter.o(!!!scatter)
    !!handler_copy                           0x000000fc   Section       26  __scatter_copy.o(!!handler_copy)
    !!handler_zi                             0x00000118   Section       28  __scatter_zi.o(!!handler_zi)
    .ARM.Collect$$libinit$$00000000          0x00000134   Section        2  libinit.o(.ARM.Collect$$libinit$$00000000)
    .ARM.Collect$$libinit$$00000001          0x00000136   Section        4  libinit2.o(.ARM.Collect$$libinit$$00000001)
    .ARM.Collect$$libinit$$00000004          0x0000013a   Section        0  libinit2.o(.ARM.Collect$$libinit$$00000004)
    .ARM.Collect$$libinit$$0000000A          0x0000013a   Section        0  libinit2.o(.ARM.Collect$$libinit$$0000000A)
    .ARM.Collect$$libinit$$0000000C          0x0000013a   Section        0  libinit2.o(.ARM.Collect$$libinit$$0000000C)
    .ARM.Collect$$libinit$$0000000E          0x0000013a   Section        0  libinit2.o(.ARM.Collect$$libinit$$0000000E)
    .ARM.Collect$$libinit$$00000011          0x0000013a   Section        0  libinit2.o(.ARM.Collect$$libinit$$00000011)
    .ARM.Collect$$libinit$$00000013          0x0000013a   Section        0  libinit2.o(.ARM.Collect$$libinit$$00000013)
    .ARM.Collect$$libinit$$00000015          0x0000013a   Section        0  libinit2.o(.ARM.Collect$$libinit$$00000015)
    .ARM.Collect$$libinit$$00000017          0x0000013a   Section        0  libinit2.o(.ARM.Collect$$libinit$$00000017)
    .ARM.Collect$$libinit$$00000019          0x0000013a   Section        0  libinit2.o(.ARM.Collect$$libinit$$00000019)
    .ARM.Collect$$libinit$$0000001B          0x0000013a   Section        0  libinit2.o(.ARM.Collect$$libinit$$0000001B)
    .ARM.Collect$$libinit$$0000001D          0x0000013a   Section        0  libinit2.o(.ARM.Collect$$libinit$$0000001D)
    .ARM.Collect$$libinit$$0000001F          0x0000013a   Section        0  libinit2.o(.ARM.Collect$$libinit$$0000001F)
    .ARM.Collect$$libinit$$00000021          0x0000013a   Section        0  libinit2.o(.ARM.Collect$$libinit$$00000021)
    .ARM.Collect$$libinit$$00000023          0x0000013a   Section        0  libinit2.o(.ARM.Collect$$libinit$$00000023)
    .ARM.Collect$$libinit$$00000025          0x0000013a   Section        0  libinit2.o(.ARM.Collect$$libinit$$00000025)
    .ARM.Collect$$libinit$$0000002C          0x0000013a   Section        0  libinit2.o(.ARM.Collect$$libinit$$0000002C)
    .ARM.Collect$$libinit$$0000002E          0x0000013a   Section        0  libinit2.o(.ARM.Collect$$libinit$$0000002E)
    .ARM.Collect$$libinit$$00000030          0x0000013a   Section        0  libinit2.o(.ARM.Collect$$libinit$$00000030)
    .ARM.Collect$$libinit$$00000032          0x0000013a   Section        0  libinit2.o(.ARM.Collect$$libinit$$00000032)
    .ARM.Collect$$libinit$$00000033          0x0000013a   Section        2  libinit2.o(.ARM.Collect$$libinit$$00000033)
    .ARM.Collect$$libshutdown$$00000000      0x0000013c   Section        2  libshutdown.o(.ARM.Collect$$libshutdown$$00000000)
    .ARM.Collect$$libshutdown$$00000002      0x0000013e   Section        0  libshutdown2.o(.ARM.Collect$$libshutdown$$00000002)
    .ARM.Collect$$libshutdown$$00000004      0x0000013e   Section        0  libshutdown2.o(.ARM.Collect$$libshutdown$$00000004)
    .ARM.Collect$$libshutdown$$00000007      0x0000013e   Section        0  libshutdown2.o(.ARM.Collect$$libshutdown$$00000007)
    .ARM.Collect$$libshutdown$$0000000A      0x0000013e   Section        0  libshutdown2.o(.ARM.Collect$$libshutdown$$0000000A)
    .ARM.Collect$$libshutdown$$0000000C      0x0000013e   Section        0  libshutdown2.o(.ARM.Collect$$libshutdown$$0000000C)
    .ARM.Collect$$libshutdown$$0000000F      0x0000013e   Section        0  libshutdown2.o(.ARM.Collect$$libshutdown$$0000000F)
    .ARM.Collect$$libshutdown$$00000010      0x0000013e   Section        2  libshutdown2.o(.ARM.Collect$$libshutdown$$00000010)
    .ARM.Collect$$rtentry$$00000000          0x00000140   Section        0  __rtentry.o(.ARM.Collect$$rtentry$$00000000)
    .ARM.Collect$$rtentry$$00000002          0x00000140   Section        0  __rtentry2.o(.ARM.Collect$$rtentry$$00000002)
    .ARM.Collect$$rtentry$$00000004          0x00000140   Section        6  __rtentry4.o(.ARM.Collect$$rtentry$$00000004)
    .ARM.Collect$$rtentry$$00000009          0x00000146   Section        0  __rtentry2.o(.ARM.Collect$$rtentry$$00000009)
    .ARM.Collect$$rtentry$$0000000A          0x00000146   Section        4  __rtentry2.o(.ARM.Collect$$rtentry$$0000000A)
    .ARM.Collect$$rtentry$$0000000C          0x0000014a   Section        0  __rtentry2.o(.ARM.Collect$$rtentry$$0000000C)
    .ARM.Collect$$rtentry$$0000000D          0x0000014a   Section        8  __rtentry2.o(.ARM.Collect$$rtentry$$0000000D)
    .ARM.Collect$$rtexit$$00000000           0x00000152   Section        2  rtexit.o(.ARM.Collect$$rtexit$$00000000)
    .ARM.Collect$$rtexit$$00000002           0x00000154   Section        0  rtexit2.o(.ARM.Collect$$rtexit$$00000002)
    .ARM.Collect$$rtexit$$00000003           0x00000154   Section        4  rtexit2.o(.ARM.Collect$$rtexit$$00000003)
    .ARM.Collect$$rtexit$$00000004           0x00000158   Section        6  rtexit2.o(.ARM.Collect$$rtexit$$00000004)
    .text                                    0x00000160   Section        0  eb_preprocessing_example.o(.text)
    .text                                    0x000001dc   Section        0  eb_mean_filtering_f32.o(.text)
    .text                                    0x00000228   Section        0  eb_outlier_detection_f32.o(.text)
    .text                                    0x000002b0   Section        0  eb_acf_f32 .o(.text)
    .text                                    0x000003a8   Section        0  system_armcm4.o(.text)
    .text                                    0x000003d0   Section       64  startup_armcm4.o(.text)
    $v0                                      0x000003d0   Number         0  startup_armcm4.o(.text)
    .text                                    0x00000410   Section        0  arm_conv_f32.o(.text)
    .text                                    0x00000a68   Section        0  arm_correlate_f32.o(.text)
    .text                                    0x00001110   Section        0  arm_max_f32.o(.text)
    .text                                    0x000011e4   Section        0  arm_fill_f32.o(.text)
    .text                                    0x00001278   Section        0  assert.o(.text)
    .text                                    0x000012f8   Section      100  rt_memcpy_w.o(.text)
    .text                                    0x0000135c   Section       78  rt_memclr_w.o(.text)
    .text                                    0x000013aa   Section        0  heapauxi.o(.text)
    .text                                    0x000013b0   Section        0  abort.o(.text)
    .text                                    0x000013c6   Section        0  assert_puts.o(.text)
    .text                                    0x000013da   Section        0  sys_wrch.o(.text)
    .text                                    0x000013e8   Section        0  sys_exit.o(.text)
    .text                                    0x000013f4   Section        0  defsig_abrt_outer.o(.text)
    .text                                    0x00001402   Section        2  use_no_semi.o(.text)
    .text                                    0x00001404   Section        0  indicate_semi.o(.text)
    .text                                    0x00001404   Section       74  sys_stackheap_outer.o(.text)
    .text                                    0x0000144e   Section        0  exit.o(.text)
    .text                                    0x00001460   Section        0  defsig_exit.o(.text)
    .text                                    0x0000146c   Section        0  defsig_abrt_inner.o(.text)
    .text                                    0x0000149c   Section        8  libspace.o(.text)
    .text                                    0x000014a4   Section        0  defsig_general.o(.text)
    x$fpl$fpinit                             0x000014d6   Section       10  fpinit.o(x$fpl$fpinit)
    $v0                                      0x000014d6   Number         0  fpinit.o(x$fpl$fpinit)
    .constdata                               0x000014e0   Section       20  eb_preprocessing_example.o(.constdata)
    .data                                    0x20000000   Section        4  system_armcm4.o(.data)
    .bss                                     0x20000004   Section       96  libspace.o(.bss)
    HEAP                                     0x20000068   Section     3072  startup_armcm4.o(HEAP)
    Heap_Mem                                 0x20000068   Data        3072  startup_armcm4.o(HEAP)
    STACK                                    0x20000c68   Section     1024  startup_armcm4.o(STACK)
    Stack_Mem                                0x20000c68   Data        1024  startup_armcm4.o(STACK)
    __initial_sp                             0x20001068   Data           0  startup_armcm4.o(STACK)

    Global Symbols

    Symbol Name                              Value     Ov Type        Size  Object(Section)

    BuildAttributes$$THM_ISAv4$E$P$D$K$B$S$7EM$VFPi3$EXTD16$VFPS$VFMA$PE$A:L22UL41UL21$X:L11$S22US41US21$IEEE1$IW$USESV6$~STKCKD$USESV7$~SHL$OTIME$ROPI$IEEEX$EBA8$UX$STANDARDLIB$REQ8$PRES8$EABIv2 0x00000000   Number         0  anon$$obj.o ABSOLUTE
    __ARM_use_no_argv                        0x00000000   Number         0  eb_preprocessing_example.o ABSOLUTE
    __Vectors                                0x00000000   Data           4  startup_armcm4.o(RESET)
    __ARM_exceptions_init                     - Undefined Weak Reference
    __alloca_initialize                       - Undefined Weak Reference
    __arm_preinit_                            - Undefined Weak Reference
    __cpp_initialize__aeabi_                  - Undefined Weak Reference
    __cxa_finalize                            - Undefined Weak Reference
    __rt_locale                               - Undefined Weak Reference
    __sigvec_lookup                           - Undefined Weak Reference
    _atexit_init                              - Undefined Weak Reference
    _call_atexit_fns                          - Undefined Weak Reference
    _clock_init                               - Undefined Weak Reference
    _fp_trap_init                             - Undefined Weak Reference
    _fp_trap_shutdown                         - Undefined Weak Reference
    _get_lc_collate                           - Undefined Weak Reference
    _get_lc_ctype                             - Undefined Weak Reference
    _get_lc_monetary                          - Undefined Weak Reference
    _get_lc_numeric                           - Undefined Weak Reference
    _get_lc_time                              - Undefined Weak Reference
    _getenv_init                              - Undefined Weak Reference
    _handle_redirection                       - Undefined Weak Reference
    _init_alloc                               - Undefined Weak Reference
    _init_user_alloc                          - Undefined Weak Reference
    _initio                                   - Undefined Weak Reference
    _rand_init                                - Undefined Weak Reference
    _signal_finish                            - Undefined Weak Reference
    _signal_init                              - Undefined Weak Reference
    _terminate_alloc                          - Undefined Weak Reference
    _terminate_user_alloc                     - Undefined Weak Reference
    _terminateio                              - Undefined Weak Reference
    __Vectors_End                            0x000000c0   Data           0  startup_armcm4.o(RESET)
    __Vectors_Size                           0x000000c0   Number         0  startup_armcm4.o ABSOLUTE
    __main                                   0x000000c1   Thumb Code     8  __main.o(!!!main)
    __scatterload                            0x000000c9   Thumb Code     0  __scatter.o(!!!scatter)
    __scatterload_rt2                        0x000000c9   Thumb Code    44  __scatter.o(!!!scatter)
    __scatterload_rt2_thumb_only             0x000000c9   Thumb Code     0  __scatter.o(!!!scatter)
    __scatterload_null                       0x000000d7   Thumb Code     0  __scatter.o(!!!scatter)
    __scatterload_copy                       0x000000fd   Thumb Code    26  __scatter_copy.o(!!handler_copy)
    __scatterload_zeroinit                   0x00000119   Thumb Code    28  __scatter_zi.o(!!handler_zi)
    __rt_lib_init                            0x00000135   Thumb Code     0  libinit.o(.ARM.Collect$$libinit$$00000000)
    __rt_lib_init_fp_1                       0x00000137   Thumb Code     0  libinit2.o(.ARM.Collect$$libinit$$00000001)
    __rt_lib_init_alloca_1                   0x0000013b   Thumb Code     0  libinit2.o(.ARM.Collect$$libinit$$0000002E)
    __rt_lib_init_argv_1                     0x0000013b   Thumb Code     0  libinit2.o(.ARM.Collect$$libinit$$0000002C)
    __rt_lib_init_atexit_1                   0x0000013b   Thumb Code     0  libinit2.o(.ARM.Collect$$libinit$$0000001B)
    __rt_lib_init_clock_1                    0x0000013b   Thumb Code     0  libinit2.o(.ARM.Collect$$libinit$$00000021)
    __rt_lib_init_cpp_1                      0x0000013b   Thumb Code     0  libinit2.o(.ARM.Collect$$libinit$$00000032)
    __rt_lib_init_exceptions_1               0x0000013b   Thumb Code     0  libinit2.o(.ARM.Collect$$libinit$$00000030)
    __rt_lib_init_fp_trap_1                  0x0000013b   Thumb Code     0  libinit2.o(.ARM.Collect$$libinit$$0000001F)
    __rt_lib_init_getenv_1                   0x0000013b   Thumb Code     0  libinit2.o(.ARM.Collect$$libinit$$00000023)
    __rt_lib_init_heap_1                     0x0000013b   Thumb Code     0  libinit2.o(.ARM.Collect$$libinit$$0000000A)
    __rt_lib_init_lc_collate_1               0x0000013b   Thumb Code     0  libinit2.o(.ARM.Collect$$libinit$$00000011)
    __rt_lib_init_lc_ctype_1                 0x0000013b   Thumb Code     0  libinit2.o(.ARM.Collect$$libinit$$00000013)
    __rt_lib_init_lc_monetary_1              0x0000013b   Thumb Code     0  libinit2.o(.ARM.Collect$$libinit$$00000015)
    __rt_lib_init_lc_numeric_1               0x0000013b   Thumb Code     0  libinit2.o(.ARM.Collect$$libinit$$00000017)
    __rt_lib_init_lc_time_1                  0x0000013b   Thumb Code     0  libinit2.o(.ARM.Collect$$libinit$$00000019)
    __rt_lib_init_preinit_1                  0x0000013b   Thumb Code     0  libinit2.o(.ARM.Collect$$libinit$$00000004)
    __rt_lib_init_rand_1                     0x0000013b   Thumb Code     0  libinit2.o(.ARM.Collect$$libinit$$0000000E)
    __rt_lib_init_return                     0x0000013b   Thumb Code     0  libinit2.o(.ARM.Collect$$libinit$$00000033)
    __rt_lib_init_signal_1                   0x0000013b   Thumb Code     0  libinit2.o(.ARM.Collect$$libinit$$0000001D)
    __rt_lib_init_stdio_1                    0x0000013b   Thumb Code     0  libinit2.o(.ARM.Collect$$libinit$$00000025)
    __rt_lib_init_user_alloc_1               0x0000013b   Thumb Code     0  libinit2.o(.ARM.Collect$$libinit$$0000000C)
    __rt_lib_shutdown                        0x0000013d   Thumb Code     0  libshutdown.o(.ARM.Collect$$libshutdown$$00000000)
    __rt_lib_shutdown_cpp_1                  0x0000013f   Thumb Code     0  libshutdown2.o(.ARM.Collect$$libshutdown$$00000002)
    __rt_lib_shutdown_fp_trap_1              0x0000013f   Thumb Code     0  libshutdown2.o(.ARM.Collect$$libshutdown$$00000007)
    __rt_lib_shutdown_heap_1                 0x0000013f   Thumb Code     0  libshutdown2.o(.ARM.Collect$$libshutdown$$0000000F)
    __rt_lib_shutdown_return                 0x0000013f   Thumb Code     0  libshutdown2.o(.ARM.Collect$$libshutdown$$00000010)
    __rt_lib_shutdown_signal_1               0x0000013f   Thumb Code     0  libshutdown2.o(.ARM.Collect$$libshutdown$$0000000A)
    __rt_lib_shutdown_stdio_1                0x0000013f   Thumb Code     0  libshutdown2.o(.ARM.Collect$$libshutdown$$00000004)
    __rt_lib_shutdown_user_alloc_1           0x0000013f   Thumb Code     0  libshutdown2.o(.ARM.Collect$$libshutdown$$0000000C)
    __rt_entry                               0x00000141   Thumb Code     0  __rtentry.o(.ARM.Collect$$rtentry$$00000000)
    __rt_entry_presh_1                       0x00000141   Thumb Code     0  __rtentry2.o(.ARM.Collect$$rtentry$$00000002)
    __rt_entry_sh                            0x00000141   Thumb Code     0  __rtentry4.o(.ARM.Collect$$rtentry$$00000004)
    __rt_entry_li                            0x00000147   Thumb Code     0  __rtentry2.o(.ARM.Collect$$rtentry$$0000000A)
    __rt_entry_postsh_1                      0x00000147   Thumb Code     0  __rtentry2.o(.ARM.Collect$$rtentry$$00000009)
    __rt_entry_main                          0x0000014b   Thumb Code     0  __rtentry2.o(.ARM.Collect$$rtentry$$0000000D)
    __rt_entry_postli_1                      0x0000014b   Thumb Code     0  __rtentry2.o(.ARM.Collect$$rtentry$$0000000C)
    __rt_exit                                0x00000153   Thumb Code     0  rtexit.o(.ARM.Collect$$rtexit$$00000000)
    __rt_exit_ls                             0x00000155   Thumb Code     0  rtexit2.o(.ARM.Collect$$rtexit$$00000003)
    __rt_exit_prels_1                        0x00000155   Thumb Code     0  rtexit2.o(.ARM.Collect$$rtexit$$00000002)
    __rt_exit_exit                           0x00000159   Thumb Code     0  rtexit2.o(.ARM.Collect$$rtexit$$00000004)
    main                                     0x00000161   Thumb Code   114  eb_preprocessing_example.o(.text)
    eb_mean_filtering_f32                    0x000001dd   Thumb Code    76  eb_mean_filtering_f32.o(.text)
    eb_outlier_detection_f32                 0x00000229   Thumb Code   136  eb_outlier_detection_f32.o(.text)
    eb_ACF_f32                               0x000002b1   Thumb Code   172  eb_acf_f32 .o(.text)
    SystemCoreClockUpdate                    0x000003a9   Thumb Code     8  system_armcm4.o(.text)
    SystemInit                               0x000003b1   Thumb Code    20  system_armcm4.o(.text)
    Reset_Handler                            0x000003d1   Thumb Code     8  startup_armcm4.o(.text)
    NMI_Handler                              0x000003d9   Thumb Code     2  startup_armcm4.o(.text)
    HardFault_Handler                        0x000003db   Thumb Code     2  startup_armcm4.o(.text)
    MemManage_Handler                        0x000003dd   Thumb Code     2  startup_armcm4.o(.text)
    BusFault_Handler                         0x000003df   Thumb Code     2  startup_armcm4.o(.text)
    UsageFault_Handler                       0x000003e1   Thumb Code     2  startup_armcm4.o(.text)
    SVC_Handler                              0x000003e3   Thumb Code     2  startup_armcm4.o(.text)
    DebugMon_Handler                         0x000003e5   Thumb Code     2  startup_armcm4.o(.text)
    PendSV_Handler                           0x000003e7   Thumb Code     2  startup_armcm4.o(.text)
    SysTick_Handler                          0x000003e9   Thumb Code     2  startup_armcm4.o(.text)
    AACI_IRQHandler                          0x000003eb   Thumb Code     0  startup_armcm4.o(.text)
    CAN_IRQHandler                           0x000003eb   Thumb Code     0  startup_armcm4.o(.text)
    CHLCD_IRQHandler                         0x000003eb   Thumb Code     0  startup_armcm4.o(.text)
    CLCD_IRQHandler                          0x000003eb   Thumb Code     0  startup_armcm4.o(.text)
    CPU_CLCD_IRQHandler                      0x000003eb   Thumb Code     0  startup_armcm4.o(.text)
    ENET_IRQHandler                          0x000003eb   Thumb Code     0  startup_armcm4.o(.text)
    FLEXRAY_IRQHandler                       0x000003eb   Thumb Code     0  startup_armcm4.o(.text)
    I2C_IRQHandler                           0x000003eb   Thumb Code     0  startup_armcm4.o(.text)
    LIN_IRQHandler                           0x000003eb   Thumb Code     0  startup_armcm4.o(.text)
    MCIA_IRQHandler                          0x000003eb   Thumb Code     0  startup_armcm4.o(.text)
    MCIB_IRQHandler                          0x000003eb   Thumb Code     0  startup_armcm4.o(.text)
    RTC_IRQHandler                           0x000003eb   Thumb Code     0  startup_armcm4.o(.text)
    SPI_IRQHandler                           0x000003eb   Thumb Code     0  startup_armcm4.o(.text)
    TIM0_IRQHandler                          0x000003eb   Thumb Code     0  startup_armcm4.o(.text)
    TIM2_IRQHandler                          0x000003eb   Thumb Code     0  startup_armcm4.o(.text)
    UART0_IRQHandler                         0x000003eb   Thumb Code     0  startup_armcm4.o(.text)
    UART1_IRQHandler                         0x000003eb   Thumb Code     0  startup_armcm4.o(.text)
    UART2_IRQHandler                         0x000003eb   Thumb Code     0  startup_armcm4.o(.text)
    UART3_IRQHandler                         0x000003eb   Thumb Code     0  startup_armcm4.o(.text)
    UART4_IRQHandler                         0x000003eb   Thumb Code     0  startup_armcm4.o(.text)
    USBDC_IRQHandler                         0x000003eb   Thumb Code     0  startup_armcm4.o(.text)
    USBHC_IRQHandler                         0x000003eb   Thumb Code     0  startup_armcm4.o(.text)
    WDT_IRQHandler                           0x000003eb   Thumb Code     0  startup_armcm4.o(.text)
    __user_initial_stackheap                 0x000003ed   Thumb Code    10  startup_armcm4.o(.text)
    arm_conv_f32                             0x00000411   Thumb Code  1622  arm_conv_f32.o(.text)
    arm_correlate_f32                        0x00000a69   Thumb Code  1704  arm_correlate_f32.o(.text)
    arm_max_f32                              0x00001111   Thumb Code   210  arm_max_f32.o(.text)
    arm_fill_f32                             0x000011e5   Thumb Code   148  arm_fill_f32.o(.text)
    __aeabi_assert                           0x00001279   Thumb Code    86  assert.o(.text)
    __assert                                 0x00001279   Thumb Code     0  assert.o(.text)
    __aeabi_memcpy4                          0x000012f9   Thumb Code     0  rt_memcpy_w.o(.text)
    __aeabi_memcpy8                          0x000012f9   Thumb Code     0  rt_memcpy_w.o(.text)
    __rt_memcpy_w                            0x000012f9   Thumb Code   100  rt_memcpy_w.o(.text)
    _memcpy_lastbytes_aligned                0x00001341   Thumb Code     0  rt_memcpy_w.o(.text)
    __aeabi_memclr4                          0x0000135d   Thumb Code     0  rt_memclr_w.o(.text)
    __aeabi_memclr8                          0x0000135d   Thumb Code     0  rt_memclr_w.o(.text)
    __rt_memclr_w                            0x0000135d   Thumb Code    78  rt_memclr_w.o(.text)
    _memset_w                                0x00001361   Thumb Code     0  rt_memclr_w.o(.text)
    __use_two_region_memory                  0x000013ab   Thumb Code     2  heapauxi.o(.text)
    __rt_heap_escrow$2region                 0x000013ad   Thumb Code     2  heapauxi.o(.text)
    __rt_heap_expand$2region                 0x000013af   Thumb Code     2  heapauxi.o(.text)
    abort                                    0x000013b1   Thumb Code    22  abort.o(.text)
    __assert_puts                            0x000013c7   Thumb Code    20  assert_puts.o(.text)
    _ttywrch                                 0x000013db   Thumb Code    14  sys_wrch.o(.text)
    _sys_exit                                0x000013e9   Thumb Code     8  sys_exit.o(.text)
    __rt_SIGABRT                             0x000013f5   Thumb Code    14  defsig_abrt_outer.o(.text)
    __I$use$semihosting                      0x00001403   Thumb Code     0  use_no_semi.o(.text)
    __use_no_semihosting_swi                 0x00001403   Thumb Code     2  use_no_semi.o(.text)
    __semihosting_library_function           0x00001405   Thumb Code     0  indicate_semi.o(.text)
    __user_setup_stackheap                   0x00001405   Thumb Code    74  sys_stackheap_outer.o(.text)
    exit                                     0x0000144f   Thumb Code    18  exit.o(.text)
    __sig_exit                               0x00001461   Thumb Code    10  defsig_exit.o(.text)
    __rt_SIGABRT_inner                       0x0000146d   Thumb Code    14  defsig_abrt_inner.o(.text)
    __user_libspace                          0x0000149d   Thumb Code     8  libspace.o(.text)
    __user_perproc_libspace                  0x0000149d   Thumb Code     0  libspace.o(.text)
    __user_perthread_libspace                0x0000149d   Thumb Code     0  libspace.o(.text)
    __default_signal_display                 0x000014a5   Thumb Code    50  defsig_general.o(.text)
    _fp_init                                 0x000014d7   Thumb Code    10  fpinit.o(x$fpl$fpinit)
    __fplib_config_fpu_vfp                   0x000014df   Thumb Code     0  fpinit.o(x$fpl$fpinit)
    __fplib_config_pureend_doubles           0x000014df   Thumb Code     0  fpinit.o(x$fpl$fpinit)
    Region$$Table$$Base                      0x000014f4   Number         0  anon$$obj.o(Region$$Table)
    Region$$Table$$Limit                     0x00001514   Number         0  anon$$obj.o(Region$$Table)
    SystemCoreClock                          0x20000000   Data           4  system_armcm4.o(.data)
    __libspace_start                         0x20000004   Data          96  libspace.o(.bss)
    __temporary_stack_top$libspace           0x20000064   Data           0  libspace.o(.bss)



==============================================================================

Memory Map of the image

  Image Entry point : 0x000003d1

  Load Region LR_1 (Base: 0x00000000, Size: 0x00001518, Max: 0xffffffff, ABSOLUTE)

    Execution Region ER_RO (Exec base: 0x00000000, Load base: 0x00000000, Size: 0x00001514, Max: 0xffffffff, ABSOLUTE)

    Exec Addr    Load Addr    Size         Type   Attr      Idx    E Section Name        Object

    0x00000000   0x00000000   0x000000c0   Data   RO          151    RESET               startup_armcm4.o
    0x000000c0   0x000000c0   0x00000008   Code   RO          271  * !!!main             c_w.l(__main.o)
    0x000000c8   0x000000c8   0x00000034   Code   RO          436    !!!scatter          c_w.l(__scatter.o)
    0x000000fc   0x000000fc   0x0000001a   Code   RO          438    !!handler_copy      c_w.l(__scatter_copy.o)
    0x00000116   0x00000116   0x00000002   PAD
    0x00000118   0x00000118   0x0000001c   Code   RO          440    !!handler_zi        c_w.l(__scatter_zi.o)
    0x00000134   0x00000134   0x00000002   Code   RO          319    .ARM.Collect$$libinit$$00000000  c_w.l(libinit.o)
    0x00000136   0x00000136   0x00000004   Code   RO          329    .ARM.Collect$$libinit$$00000001  c_w.l(libinit2.o)
    0x0000013a   0x0000013a   0x00000000   Code   RO          332    .ARM.Collect$$libinit$$00000004  c_w.l(libinit2.o)
    0x0000013a   0x0000013a   0x00000000   Code   RO          335    .ARM.Collect$$libinit$$0000000A  c_w.l(libinit2.o)
    0x0000013a   0x0000013a   0x00000000   Code   RO          337    .ARM.Collect$$libinit$$0000000C  c_w.l(libinit2.o)
    0x0000013a   0x0000013a   0x00000000   Code   RO          339    .ARM.Collect$$libinit$$0000000E  c_w.l(libinit2.o)
    0x0000013a   0x0000013a   0x00000000   Code   RO          342    .ARM.Collect$$libinit$$00000011  c_w.l(libinit2.o)
    0x0000013a   0x0000013a   0x00000000   Code   RO          344    .ARM.Collect$$libinit$$00000013  c_w.l(libinit2.o)
    0x0000013a   0x0000013a   0x00000000   Code   RO          346    .ARM.Collect$$libinit$$00000015  c_w.l(libinit2.o)
    0x0000013a   0x0000013a   0x00000000   Code   RO          348    .ARM.Collect$$libinit$$00000017  c_w.l(libinit2.o)
    0x0000013a   0x0000013a   0x00000000   Code   RO          350    .ARM.Collect$$libinit$$00000019  c_w.l(libinit2.o)
    0x0000013a   0x0000013a   0x00000000   Code   RO          352    .ARM.Collect$$libinit$$0000001B  c_w.l(libinit2.o)
    0x0000013a   0x0000013a   0x00000000   Code   RO          354    .ARM.Collect$$libinit$$0000001D  c_w.l(libinit2.o)
    0x0000013a   0x0000013a   0x00000000   Code   RO          356    .ARM.Collect$$libinit$$0000001F  c_w.l(libinit2.o)
    0x0000013a   0x0000013a   0x00000000   Code   RO          358    .ARM.Collect$$libinit$$00000021  c_w.l(libinit2.o)
    0x0000013a   0x0000013a   0x00000000   Code   RO          360    .ARM.Collect$$libinit$$00000023  c_w.l(libinit2.o)
    0x0000013a   0x0000013a   0x00000000   Code   RO          362    .ARM.Collect$$libinit$$00000025  c_w.l(libinit2.o)
    0x0000013a   0x0000013a   0x00000000   Code   RO          366    .ARM.Collect$$libinit$$0000002C  c_w.l(libinit2.o)
    0x0000013a   0x0000013a   0x00000000   Code   RO          368    .ARM.Collect$$libinit$$0000002E  c_w.l(libinit2.o)
    0x0000013a   0x0000013a   0x00000000   Code   RO          370    .ARM.Collect$$libinit$$00000030  c_w.l(libinit2.o)
    0x0000013a   0x0000013a   0x00000000   Code   RO          372    .ARM.Collect$$libinit$$00000032  c_w.l(libinit2.o)
    0x0000013a   0x0000013a   0x00000002   Code   RO          373    .ARM.Collect$$libinit$$00000033  c_w.l(libinit2.o)
    0x0000013c   0x0000013c   0x00000002   Code   RO          409    .ARM.Collect$$libshutdown$$00000000  c_w.l(libshutdown.o)
    0x0000013e   0x0000013e   0x00000000   Code   RO          419    .ARM.Collect$$libshutdown$$00000002  c_w.l(libshutdown2.o)
    0x0000013e   0x0000013e   0x00000000   Code   RO          421    .ARM.Collect$$libshutdown$$00000004  c_w.l(libshutdown2.o)
    0x0000013e   0x0000013e   0x00000000   Code   RO          424    .ARM.Collect$$libshutdown$$00000007  c_w.l(libshutdown2.o)
    0x0000013e   0x0000013e   0x00000000   Code   RO          427    .ARM.Collect$$libshutdown$$0000000A  c_w.l(libshutdown2.o)
    0x0000013e   0x0000013e   0x00000000   Code   RO          429    .ARM.Collect$$libshutdown$$0000000C  c_w.l(libshutdown2.o)
    0x0000013e   0x0000013e   0x00000000   Code   RO          432    .ARM.Collect$$libshutdown$$0000000F  c_w.l(libshutdown2.o)
    0x0000013e   0x0000013e   0x00000002   Code   RO          433    .ARM.Collect$$libshutdown$$00000010  c_w.l(libshutdown2.o)
    0x00000140   0x00000140   0x00000000   Code   RO          273    .ARM.Collect$$rtentry$$00000000  c_w.l(__rtentry.o)
    0x00000140   0x00000140   0x00000000   Code   RO          283    .ARM.Collect$$rtentry$$00000002  c_w.l(__rtentry2.o)
    0x00000140   0x00000140   0x00000006   Code   RO          295    .ARM.Collect$$rtentry$$00000004  c_w.l(__rtentry4.o)
    0x00000146   0x00000146   0x00000000   Code   RO          285    .ARM.Collect$$rtentry$$00000009  c_w.l(__rtentry2.o)
    0x00000146   0x00000146   0x00000004   Code   RO          286    .ARM.Collect$$rtentry$$0000000A  c_w.l(__rtentry2.o)
    0x0000014a   0x0000014a   0x00000000   Code   RO          288    .ARM.Collect$$rtentry$$0000000C  c_w.l(__rtentry2.o)
    0x0000014a   0x0000014a   0x00000008   Code   RO          289    .ARM.Collect$$rtentry$$0000000D  c_w.l(__rtentry2.o)
    0x00000152   0x00000152   0x00000002   Code   RO          323    .ARM.Collect$$rtexit$$00000000  c_w.l(rtexit.o)
    0x00000154   0x00000154   0x00000000   Code   RO          375    .ARM.Collect$$rtexit$$00000002  c_w.l(rtexit2.o)
    0x00000154   0x00000154   0x00000004   Code   RO          376    .ARM.Collect$$rtexit$$00000003  c_w.l(rtexit2.o)
    0x00000158   0x00000158   0x00000006   Code   RO          377    .ARM.Collect$$rtexit$$00000004  c_w.l(rtexit2.o)
    0x0000015e   0x0000015e   0x00000002   PAD
    0x00000160   0x00000160   0x0000007c   Code   RO            3    .text               eb_preprocessing_example.o
    0x000001dc   0x000001dc   0x0000004c   Code   RO           55    .text               eb_mean_filtering_f32.o
    0x00000228   0x00000228   0x00000088   Code   RO           75    .text               eb_outlier_detection_f32.o
    0x000002b0   0x000002b0   0x000000f8   Code   RO           95    .text               eb_acf_f32 .o
    0x000003a8   0x000003a8   0x00000028   Code   RO          118    .text               system_armcm4.o
    0x000003d0   0x000003d0   0x00000040   Code   RO          152  * .text               startup_armcm4.o
    0x00000410   0x00000410   0x00000656   Code   RO          158    .text               arm_cortexM4lf_math.lib(arm_conv_f32.o)
    0x00000a66   0x00000a66   0x00000002   PAD
    0x00000a68   0x00000a68   0x000006a8   Code   RO          203    .text               arm_cortexM4lf_math.lib(arm_correlate_f32.o)
    0x00001110   0x00001110   0x000000d2   Code   RO          223    .text               arm_cortexM4lf_math.lib(arm_max_f32.o)
    0x000011e2   0x000011e2   0x00000002   PAD
    0x000011e4   0x000011e4   0x00000094   Code   RO          243    .text               arm_cortexM4lf_math.lib(arm_fill_f32.o)
    0x00001278   0x00001278   0x00000080   Code   RO          263    .text               c_w.l(assert.o)
    0x000012f8   0x000012f8   0x00000064   Code   RO          265    .text               c_w.l(rt_memcpy_w.o)
    0x0000135c   0x0000135c   0x0000004e   Code   RO          267    .text               c_w.l(rt_memclr_w.o)
    0x000013aa   0x000013aa   0x00000006   Code   RO          269    .text               c_w.l(heapauxi.o)
    0x000013b0   0x000013b0   0x00000016   Code   RO          274    .text               c_w.l(abort.o)
    0x000013c6   0x000013c6   0x00000014   Code   RO          276    .text               c_w.l(assert_puts.o)
    0x000013da   0x000013da   0x0000000e   Code   RO          278    .text               c_w.l(sys_wrch.o)
    0x000013e8   0x000013e8   0x0000000c   Code   RO          280    .text               c_w.l(sys_exit.o)
    0x000013f4   0x000013f4   0x0000000e   Code   RO          297    .text               c_w.l(defsig_abrt_outer.o)
    0x00001402   0x00001402   0x00000002   Code   RO          301    .text               c_w.l(use_no_semi.o)
    0x00001404   0x00001404   0x00000000   Code   RO          303    .text               c_w.l(indicate_semi.o)
    0x00001404   0x00001404   0x0000004a   Code   RO          304    .text               c_w.l(sys_stackheap_outer.o)
    0x0000144e   0x0000144e   0x00000012   Code   RO          308    .text               c_w.l(exit.o)
    0x00001460   0x00001460   0x0000000a   Code   RO          310    .text               c_w.l(defsig_exit.o)
    0x0000146a   0x0000146a   0x00000002   PAD
    0x0000146c   0x0000146c   0x00000030   Code   RO          312    .text               c_w.l(defsig_abrt_inner.o)
    0x0000149c   0x0000149c   0x00000008   Code   RO          320    .text               c_w.l(libspace.o)
    0x000014a4   0x000014a4   0x00000032   Code   RO          327    .text               c_w.l(defsig_general.o)
    0x000014d6   0x000014d6   0x0000000a   Code   RO          385    x$fpl$fpinit        g_wm.l(fpinit.o)
    0x000014e0   0x000014e0   0x00000014   Data   RO            4    .constdata          eb_preprocessing_example.o
    0x000014f4   0x000014f4   0x00000020   Data   RO          434    Region$$Table       anon$$obj.o


    Execution Region ER_RW (Exec base: 0x20000000, Load base: 0x00001514, Size: 0x00000004, Max: 0xffffffff, ABSOLUTE)

    Exec Addr    Load Addr    Size         Type   Attr      Idx    E Section Name        Object

    0x20000000   0x00001514   0x00000004   Data   RW          119    .data               system_armcm4.o


    Execution Region ER_ZI (Exec base: 0x20000004, Load base: 0x00001518, Size: 0x00001064, Max: 0xffffffff, ABSOLUTE)

    Exec Addr    Load Addr    Size         Type   Attr      Idx    E Section Name        Object

    0x20000004        -       0x00000060   Zero   RW          321    .bss                c_w.l(libspace.o)
    0x20000064   0x00001518   0x00000004   PAD
    0x20000068        -       0x00000c00   Zero   RW          150    HEAP                startup_armcm4.o
    0x20000c68        -       0x00000400   Zero   RW          149    STACK               startup_armcm4.o


==============================================================================

Image component sizes


      Code (inc. data)   RO Data    RW Data    ZI Data      Debug   Object Name

       248         76          0          0          0       1137   eb_acf_f32 .o
        76          0          0          0          0        896   eb_mean_filtering_f32.o
       136          0          0          0          0       1039   eb_outlier_detection_f32.o
       124         10         20          0          0      18231   eb_preprocessing_example.o
        64         26        192          0       4096        928   startup_armcm4.o
        40         12          0          4          0        885   system_armcm4.o

    ----------------------------------------------------------------------
       688        124        244          4       4096      23116   Object Totals
         0          0         32          0          0          0   (incl. Generated)
         0          0          0          0          0          0   (incl. Padding)

    ----------------------------------------------------------------------

      Code (inc. data)   RO Data    RW Data    ZI Data      Debug   Library Member Name

      1622          4          0          0          0      18183   arm_conv_f32.o
      1704          6          0          0          0       2920   arm_correlate_f32.o
       148          0          0          0          0        819   arm_fill_f32.o
       210          0          0          0          0       1302   arm_max_f32.o
         8          0          0          0          0         68   __main.o
         0          0          0          0          0          0   __rtentry.o
        12          0          0          0          0          0   __rtentry2.o
         6          0          0          0          0          0   __rtentry4.o
        52          8          0          0          0          0   __scatter.o
        26          0          0          0          0          0   __scatter_copy.o
        28          0          0          0          0          0   __scatter_zi.o
        22          0          0          0          0         80   abort.o
       128         42          0          0          0         76   assert.o
        20          0          0          0          0         76   assert_puts.o
        48         34          0          0          0         76   defsig_abrt_inner.o
        14          0          0          0          0         80   defsig_abrt_outer.o
        10          0          0          0          0         68   defsig_exit.o
        50          0          0          0          0         88   defsig_general.o
        18          0          0          0          0         80   exit.o
         6          0          0          0          0        152   heapauxi.o
         0          0          0          0          0          0   indicate_semi.o
         2          0          0          0          0          0   libinit.o
         6          0          0          0          0          0   libinit2.o
         2          0          0          0          0          0   libshutdown.o
         2          0          0          0          0          0   libshutdown2.o
         8          4          0          0         96         68   libspace.o
        78          0          0          0          0         80   rt_memclr_w.o
       100          0          0          0          0         80   rt_memcpy_w.o
         2          0          0          0          0          0   rtexit.o
        10          0          0          0          0          0   rtexit2.o
        12          4          0          0          0         68   sys_exit.o
        74          0          0          0          0         80   sys_stackheap_outer.o
        14          0          0          0          0         76   sys_wrch.o
         2          0          0          0          0         68   use_no_semi.o
        10          0          0          0          0        116   fpinit.o

    ----------------------------------------------------------------------
      4464        102          0          0        100      24704   Library Totals
        10          0          0          0          4          0   (incl. Padding)

    ----------------------------------------------------------------------

      Code (inc. data)   RO Data    RW Data    ZI Data      Debug   Library Name

      3684         10          0          0          0      23224   arm_cortexM4lf_math.lib
       760         92          0          0         96       1364   c_w.l
        10          0          0          0          0        116   g_wm.l

    ----------------------------------------------------------------------
      4464        102          0          0        100      24704   Library Totals

    ----------------------------------------------------------------------

==============================================================================


      Code (inc. data)   RO Data    RW Data    ZI Data      Debug   

      5152        226        244          4       4196      46844   Grand Totals
      5152        226        244          4       4196      46844   ELF Image Totals
      5152        226        244          4          0          0   ROM Totals

==============================================================================

    Total RO  Size (Code + RO Data)                 5396 (   5.27kB)
    Total RW  Size (RW Data + ZI Data)              4200 (   4.10kB)
    Total ROM Size (Code + RO Data + RW Data)       5400 (   5.27kB)

==============================================================================

