<html>
<body>
<pre>
<h1>µVision Build Log</h1>
<h2>Tool Versions:</h2>
IDE-Version: ¦ÌVision V5.26.2.0
Copyright (C) 2018 ARM Ltd and ARM Germany GmbH. All rights reserved.
License Information: Li Weigui, ee.tsinghua, LIC=EXJCX-H4K5P-JH38C-7AEAB-G29WR-NYLXD
 
Tool Versions:
Toolchain:       MDK-ARM Plus  Version: 5.26.2.0
Toolchain Path:  D:\Keil_v5\ARM\ARMCC\Bin
C Compiler:      Armcc.exe V5.06 update 6 (build 750)
Assembler:       Armasm.exe V5.06 update 6 (build 750)
Linker/Locator:  ArmLink.exe V5.06 update 6 (build 750)
Library Manager: ArmAr.exe V5.06 update 6 (build 750)
Hex Converter:   FromElf.exe V5.06 update 6 (build 750)
CPU DLL:         SARMCM3.DLL V5.26.2.0
Dialog DLL:      DARMSTM.dll V1.68.0.0 
<h2>Project:</h2>
D:\stm32_study\edge_brain\Examples\eb_preprocessing_example\KEIL\eb_preprocessing_example.uvproj
Project File Date:  12/23/2018

<h2>Output:</h2>
*** Using Compiler 'V5.06 update 6 (build 750)', folder: 'D:\Keil_v5\ARM\ARMCC\Bin'
Build target 'Target 1'
Clean started - Project: 'eb_preprocessing_example'
   deleting intermediate output files for target 'Target 1'
compiling eb_preprocessing_example.c...
compiling eb_ACF_f32 .c...
compiling eb_highPass_filtering_f32.c...
compiling eb_mean_filtering_f32.c...
compiling eb_outlier_detection_f32.c...
compiling system_ARMCM4.c...
assembling startup_ARMCM4.s...
linking...
Program Size: Code=5308 RO-data=1864 RW-data=4 ZI-data=262180  
".\debug\eb_mean_filtering_example.axf" - 0 Error(s), 0 Warning(s).

*** Performing Cross-Module-Optimization:
compiling eb_preprocessing_example.c...
compiling eb_ACF_f32 .c...
compiling eb_highPass_filtering_f32.c...
compiling eb_mean_filtering_f32.c...
compiling eb_outlier_detection_f32.c...
compiling system_ARMCM4.c...
linking...
Program Size: Code=5300 RO-data=1864 RW-data=4 ZI-data=262180  
compiling eb_preprocessing_example.c...
compiling eb_ACF_f32 .c...
compiling eb_highPass_filtering_f32.c...
compiling eb_mean_filtering_f32.c...
compiling eb_outlier_detection_f32.c...
compiling system_ARMCM4.c...
linking...
Program Size: Code=5300 RO-data=1864 RW-data=4 ZI-data=262180  
".\debug\eb_mean_filtering_example.axf" - 0 Error(s), 0 Warning(s).
*** Completed Cross-Module-Optimization after 3 iteration(s).
Build Time Elapsed:  00:00:03
</pre>
</body>
</html>
