Component: ARM Compiler 5.06 update 6 (build 750) Tool: armlink [4d35ed]

==============================================================================

Section Cross References

    eb_preprocessing_example.o(.text) refers to memcpya.o(.text) for __aeabi_memcpy4
    eb_preprocessing_example.o(.text) refers to eb_mean_filtering_f32.o(.text) for eb_mean_filtering_f32
    eb_preprocessing_example.o(.text) refers to eb_highpass_filtering_f32.o(.text) for eb_highPass_filtering_f32
    eb_preprocessing_example.o(.text) refers to eb_outlier_detection_f32.o(.text) for eb_outlier_detection_f32
    eb_preprocessing_example.o(.text) refers to eb_acf_f32 .o(.text) for eb_ACF_f32
    eb_preprocessing_example.o(.text) refers to eb_preprocessing_example.o(.constdata) for .constdata
    eb_preprocessing_example.o(.text) refers to eb_preprocessing_example.o(.bss) for IIRStateF32
    eb_acf_f32 .o(.text) refers to arm_correlate_f32.o(.text) for arm_correlate_f32
    eb_acf_f32 .o(.text) refers to arm_max_f32.o(.text) for arm_max_f32
    eb_highpass_filtering_f32.o(.text) refers to arm_biquad_cascade_df1_init_f32.o(.text) for arm_biquad_cascade_df1_init_f32
    eb_highpass_filtering_f32.o(.text) refers to arm_biquad_cascade_df1_f32.o(.text) for arm_biquad_cascade_df1_f32
    eb_highpass_filtering_f32.o(.text) refers to arm_scale_f32.o(.text) for arm_scale_f32
    eb_highpass_filtering_f32.o(.text) refers to arm_sub_f32.o(.text) for arm_sub_f32
    eb_mean_filtering_f32.o(.text) refers to arm_fill_f32.o(.text) for arm_fill_f32
    eb_mean_filtering_f32.o(.text) refers to arm_conv_f32.o(.text) for arm_conv_f32
    eb_outlier_detection_f32.o(.text) refers to arm_max_f32.o(.text) for arm_max_f32
    system_armcm4.o(.text) refers to system_armcm4.o(.data) for SystemCoreClock
    system_armcm4.o(.text) refers to system_armcm4.o(.data) for SystemCoreClock
    startup_armcm4.o(RESET) refers to startup_armcm4.o(STACK) for __initial_sp
    startup_armcm4.o(RESET) refers to startup_armcm4.o(.text) for Reset_Handler
    startup_armcm4.o(.text) refers to system_armcm4.o(.text) for SystemInit
    startup_armcm4.o(.text) refers to entry.o(.ARM.Collect$$$$00000000) for __main
    arm_biquad_cascade_df1_init_f32.o(.text) refers to memseta.o(.text) for __aeabi_memclr4
    entry.o(.ARM.Collect$$$$00000000) refers (Special) to entry10a.o(.ARM.Collect$$$$0000000D) for __rt_final_cpp
    entry.o(.ARM.Collect$$$$00000000) refers (Special) to entry11a.o(.ARM.Collect$$$$0000000F) for __rt_final_exit
    entry.o(.ARM.Collect$$$$00000000) refers (Special) to entry7b.o(.ARM.Collect$$$$00000008) for _main_clock
    entry.o(.ARM.Collect$$$$00000000) refers (Special) to entry8b.o(.ARM.Collect$$$$0000000A) for _main_cpp_init
    entry.o(.ARM.Collect$$$$00000000) refers (Special) to entry9a.o(.ARM.Collect$$$$0000000B) for _main_init
    entry.o(.ARM.Collect$$$$00000000) refers (Special) to entry5.o(.ARM.Collect$$$$00000004) for _main_scatterload
    entry.o(.ARM.Collect$$$$00000000) refers (Special) to entry2.o(.ARM.Collect$$$$00000001) for _main_stk
    entry2.o(.ARM.Collect$$$$00000001) refers to entry2.o(.ARM.Collect$$$$00002712) for __lit__00000000
    entry2.o(.ARM.Collect$$$$00002712) refers to startup_armcm4.o(STACK) for __initial_sp
    entry2.o(__vectab_stack_and_reset_area) refers to startup_armcm4.o(STACK) for __initial_sp
    entry2.o(__vectab_stack_and_reset_area) refers to entry.o(.ARM.Collect$$$$00000000) for __main
    entry5.o(.ARM.Collect$$$$00000004) refers to init.o(.text) for __scatterload
    entry9a.o(.ARM.Collect$$$$0000000B) refers to eb_preprocessing_example.o(.text) for main
    entry9b.o(.ARM.Collect$$$$0000000C) refers to eb_preprocessing_example.o(.text) for main
    init.o(.text) refers to entry5.o(.ARM.Collect$$$$00000004) for __main_after_scatterload


==============================================================================

Removing Unused input sections from the image.

    Removing eb_preprocessing_example.o(.rev16_text), (4 bytes).
    Removing eb_preprocessing_example.o(.revsh_text), (4 bytes).
    Removing eb_acf_f32 .o(.rev16_text), (4 bytes).
    Removing eb_acf_f32 .o(.revsh_text), (4 bytes).
    Removing eb_highpass_filtering_f32.o(.rev16_text), (4 bytes).
    Removing eb_highpass_filtering_f32.o(.revsh_text), (4 bytes).
    Removing eb_mean_filtering_f32.o(.rev16_text), (4 bytes).
    Removing eb_mean_filtering_f32.o(.revsh_text), (4 bytes).
    Removing eb_outlier_detection_f32.o(.rev16_text), (4 bytes).
    Removing eb_outlier_detection_f32.o(.revsh_text), (4 bytes).
    Removing system_armcm4.o(.rev16_text), (4 bytes).
    Removing system_armcm4.o(.revsh_text), (4 bytes).
    Removing system_armcm4.o(.text), (16 bytes).
    Removing startup_armcm4.o(HEAP), (32768 bytes).
    Removing arm_scale_f32.o(.rev16_text), (4 bytes).
    Removing arm_scale_f32.o(.revsh_text), (4 bytes).
    Removing arm_sub_f32.o(.rev16_text), (4 bytes).
    Removing arm_sub_f32.o(.revsh_text), (4 bytes).
    Removing arm_biquad_cascade_df1_f32.o(.rev16_text), (4 bytes).
    Removing arm_biquad_cascade_df1_f32.o(.revsh_text), (4 bytes).
    Removing arm_biquad_cascade_df1_init_f32.o(.rev16_text), (4 bytes).
    Removing arm_biquad_cascade_df1_init_f32.o(.revsh_text), (4 bytes).
    Removing arm_conv_f32.o(.rev16_text), (4 bytes).
    Removing arm_conv_f32.o(.revsh_text), (4 bytes).
    Removing arm_correlate_f32.o(.rev16_text), (4 bytes).
    Removing arm_correlate_f32.o(.revsh_text), (4 bytes).
    Removing arm_max_f32.o(.rev16_text), (4 bytes).
    Removing arm_max_f32.o(.revsh_text), (4 bytes).
    Removing arm_fill_f32.o(.rev16_text), (4 bytes).
    Removing arm_fill_f32.o(.revsh_text), (4 bytes).

30 unused section(s) (total 32896 bytes) removed from the image.

==============================================================================

Image Symbol Table

    Local Symbols

    Symbol Name                              Value     Ov Type        Size  Object(Section)

    RESET                                    0x00000000   Section      192  startup_armcm4.o(RESET)
    ../clib/microlib/init/entry.s            0x00000000   Number         0  entry9a.o ABSOLUTE
    ../clib/microlib/init/entry.s            0x00000000   Number         0  entry11a.o ABSOLUTE
    ../clib/microlib/init/entry.s            0x00000000   Number         0  entry10b.o ABSOLUTE
    ../clib/microlib/init/entry.s            0x00000000   Number         0  entry10a.o ABSOLUTE
    ../clib/microlib/init/entry.s            0x00000000   Number         0  entry9b.o ABSOLUTE
    ../clib/microlib/init/entry.s            0x00000000   Number         0  entry11b.o ABSOLUTE
    ../clib/microlib/init/entry.s            0x00000000   Number         0  entry8b.o ABSOLUTE
    ../clib/microlib/init/entry.s            0x00000000   Number         0  entry.o ABSOLUTE
    ../clib/microlib/init/entry.s            0x00000000   Number         0  entry8a.o ABSOLUTE
    ../clib/microlib/init/entry.s            0x00000000   Number         0  entry7b.o ABSOLUTE
    ../clib/microlib/init/entry.s            0x00000000   Number         0  entry7a.o ABSOLUTE
    ../clib/microlib/init/entry.s            0x00000000   Number         0  entry5.o ABSOLUTE
    ../clib/microlib/init/entry.s            0x00000000   Number         0  entry2.o ABSOLUTE
    ../clib/microlib/string/memcpy.c         0x00000000   Number         0  memcpya.o ABSOLUTE
    ../clib/microlib/string/memcpy.c         0x00000000   Number         0  memcpyb.o ABSOLUTE
    ../clib/microlib/string/memset.c         0x00000000   Number         0  memseta.o ABSOLUTE
    ..\..\..\Source\preprocessing\eb_ACF_f32 .c 0x00000000   Number         0  eb_acf_f32 .o ABSOLUTE
    ..\..\..\Source\preprocessing\eb_highPass_filtering_f32.c 0x00000000   Number         0  eb_highpass_filtering_f32.o ABSOLUTE
    ..\..\..\Source\preprocessing\eb_mean_filtering_f32.c 0x00000000   Number         0  eb_mean_filtering_f32.o ABSOLUTE
    ..\..\..\Source\preprocessing\eb_outlier_detection_f32.c 0x00000000   Number         0  eb_outlier_detection_f32.o ABSOLUTE
    ..\..\Common\Source\system_ARMCM4.c      0x00000000   Number         0  system_armcm4.o ABSOLUTE
    ..\..\Common\Startup\ARM\startup_ARMCM4.s 0x00000000   Number         0  startup_armcm4.o ABSOLUTE
    ..\BasicMathFunctions\arm_scale_f32.c    0x00000000   Number         0  arm_scale_f32.o ABSOLUTE
    ..\BasicMathFunctions\arm_sub_f32.c      0x00000000   Number         0  arm_sub_f32.o ABSOLUTE
    ..\FilteringFunctions\arm_biquad_cascade_df1_f32.c 0x00000000   Number         0  arm_biquad_cascade_df1_f32.o ABSOLUTE
    ..\FilteringFunctions\arm_biquad_cascade_df1_init_f32.c 0x00000000   Number         0  arm_biquad_cascade_df1_init_f32.o ABSOLUTE
    ..\FilteringFunctions\arm_conv_f32.c     0x00000000   Number         0  arm_conv_f32.o ABSOLUTE
    ..\FilteringFunctions\arm_correlate_f32.c 0x00000000   Number         0  arm_correlate_f32.o ABSOLUTE
    ..\StatisticsFunctions\arm_max_f32.c     0x00000000   Number         0  arm_max_f32.o ABSOLUTE
    ..\SupportFunctions\arm_fill_f32.c       0x00000000   Number         0  arm_fill_f32.o ABSOLUTE
    ..\\..\\..\\Source\\preprocessing\\eb_ACF_f32 .c 0x00000000   Number         0  eb_acf_f32 .o ABSOLUTE
    ..\\..\\..\\Source\\preprocessing\\eb_highPass_filtering_f32.c 0x00000000   Number         0  eb_highpass_filtering_f32.o ABSOLUTE
    ..\\..\\..\\Source\\preprocessing\\eb_mean_filtering_f32.c 0x00000000   Number         0  eb_mean_filtering_f32.o ABSOLUTE
    ..\\..\\..\\Source\\preprocessing\\eb_outlier_detection_f32.c 0x00000000   Number         0  eb_outlier_detection_f32.o ABSOLUTE
    ..\\..\\Common\\Source\\system_ARMCM4.c  0x00000000   Number         0  system_armcm4.o ABSOLUTE
    ..\\BasicMathFunctions\\arm_scale_f32.c  0x00000000   Number         0  arm_scale_f32.o ABSOLUTE
    ..\\BasicMathFunctions\\arm_sub_f32.c    0x00000000   Number         0  arm_sub_f32.o ABSOLUTE
    ..\\FilteringFunctions\\arm_biquad_cascade_df1_f32.c 0x00000000   Number         0  arm_biquad_cascade_df1_f32.o ABSOLUTE
    ..\\FilteringFunctions\\arm_biquad_cascade_df1_init_f32.c 0x00000000   Number         0  arm_biquad_cascade_df1_init_f32.o ABSOLUTE
    ..\\FilteringFunctions\\arm_conv_f32.c   0x00000000   Number         0  arm_conv_f32.o ABSOLUTE
    ..\\FilteringFunctions\\arm_correlate_f32.c 0x00000000   Number         0  arm_correlate_f32.o ABSOLUTE
    ..\\StatisticsFunctions\\arm_max_f32.c   0x00000000   Number         0  arm_max_f32.o ABSOLUTE
    ..\\SupportFunctions\\arm_fill_f32.c     0x00000000   Number         0  arm_fill_f32.o ABSOLUTE
    ..\\eb_preprocessing_example.c           0x00000000   Number         0  eb_preprocessing_example.o ABSOLUTE
    ..\eb_preprocessing_example.c            0x00000000   Number         0  eb_preprocessing_example.o ABSOLUTE
    dc.s                                     0x00000000   Number         0  dc.o ABSOLUTE
    handlers.s                               0x00000000   Number         0  handlers.o ABSOLUTE
    init.s                                   0x00000000   Number         0  init.o ABSOLUTE
    .ARM.Collect$$$$00000000                 0x000000c0   Section        0  entry.o(.ARM.Collect$$$$00000000)
    .ARM.Collect$$$$00000001                 0x000000c0   Section        4  entry2.o(.ARM.Collect$$$$00000001)
    .ARM.Collect$$$$00000004                 0x000000c4   Section        4  entry5.o(.ARM.Collect$$$$00000004)
    .ARM.Collect$$$$00000008                 0x000000c8   Section        0  entry7b.o(.ARM.Collect$$$$00000008)
    .ARM.Collect$$$$0000000A                 0x000000c8   Section        0  entry8b.o(.ARM.Collect$$$$0000000A)
    .ARM.Collect$$$$0000000B                 0x000000c8   Section        8  entry9a.o(.ARM.Collect$$$$0000000B)
    .ARM.Collect$$$$0000000D                 0x000000d0   Section        0  entry10a.o(.ARM.Collect$$$$0000000D)
    .ARM.Collect$$$$0000000F                 0x000000d0   Section        0  entry11a.o(.ARM.Collect$$$$0000000F)
    .ARM.Collect$$$$00002712                 0x000000d0   Section        4  entry2.o(.ARM.Collect$$$$00002712)
    __lit__00000000                          0x000000d0   Data           4  entry2.o(.ARM.Collect$$$$00002712)
    .text                                    0x000000d4   Section        0  eb_preprocessing_example.o(.text)
    .text                                    0x0000015c   Section        0  eb_acf_f32 .o(.text)
    .text                                    0x00000220   Section        0  eb_highpass_filtering_f32.o(.text)
    .text                                    0x00000298   Section        0  eb_mean_filtering_f32.o(.text)
    .text                                    0x000002e4   Section        0  eb_outlier_detection_f32.o(.text)
    .text                                    0x00000370   Section        0  system_armcm4.o(.text)
    .text                                    0x00000390   Section       36  startup_armcm4.o(.text)
    $v0                                      0x00000390   Number         0  startup_armcm4.o(.text)
    .text                                    0x000003b4   Section        0  arm_scale_f32.o(.text)
    .text                                    0x00000454   Section        0  arm_sub_f32.o(.text)
    .text                                    0x00000524   Section        0  arm_biquad_cascade_df1_f32.o(.text)
    .text                                    0x0000066a   Section        0  arm_biquad_cascade_df1_init_f32.o(.text)
    .text                                    0x00000680   Section        0  arm_conv_f32.o(.text)
    .text                                    0x00000cd8   Section        0  arm_correlate_f32.o(.text)
    .text                                    0x00001380   Section        0  arm_max_f32.o(.text)
    .text                                    0x00001454   Section        0  arm_fill_f32.o(.text)
    .text                                    0x000014e8   Section        0  memcpya.o(.text)
    .text                                    0x0000150c   Section        0  memseta.o(.text)
    .text                                    0x00001530   Section       36  init.o(.text)
    i.__scatterload_copy                     0x00001554   Section       14  handlers.o(i.__scatterload_copy)
    i.__scatterload_null                     0x00001562   Section        2  handlers.o(i.__scatterload_null)
    i.__scatterload_zeroinit                 0x00001564   Section       14  handlers.o(i.__scatterload_zeroinit)
    .constdata                               0x00001574   Section     1640  eb_preprocessing_example.o(.constdata)
    .data                                    0x20000000   Section        4  system_armcm4.o(.data)
    .bss                                     0x20000004   Section       32  eb_preprocessing_example.o(.bss)
    IIRStateF32                              0x20000004   Data          32  eb_preprocessing_example.o(.bss)
    STACK                                    0x20000028   Section    262144  startup_armcm4.o(STACK)

    Global Symbols

    Symbol Name                              Value     Ov Type        Size  Object(Section)

    BuildAttributes$$THM_ISAv4$E$P$D$K$B$S$7EM$VFPi3$EXTD16$VFPS$VFMA$PE$A:L22UL41UL21$X:L11$S22US41US21$IEEE1$IW$USESV6$~STKCKD$USESV7$~SHL$OTIME$IEEEX$EBA8$MICROLIB$REQ8$PRES8$EABIv2 0x00000000   Number         0  anon$$obj.o ABSOLUTE
    __ARM_use_no_argv                        0x00000000   Number         0  eb_preprocessing_example.o ABSOLUTE
    __Vectors                                0x00000000   Data           4  startup_armcm4.o(RESET)
    __cpp_initialize__aeabi_                  - Undefined Weak Reference
    __cxa_finalize                            - Undefined Weak Reference
    __decompress                              - Undefined Weak Reference
    _clock_init                               - Undefined Weak Reference
    _microlib_exit                            - Undefined Weak Reference
    __Vectors_End                            0x000000c0   Data           0  startup_armcm4.o(RESET)
    __Vectors_Size                           0x000000c0   Number         0  startup_armcm4.o ABSOLUTE
    __main                                   0x000000c1   Thumb Code     0  entry.o(.ARM.Collect$$$$00000000)
    _main_stk                                0x000000c1   Thumb Code     0  entry2.o(.ARM.Collect$$$$00000001)
    _main_scatterload                        0x000000c5   Thumb Code     0  entry5.o(.ARM.Collect$$$$00000004)
    __main_after_scatterload                 0x000000c9   Thumb Code     0  entry5.o(.ARM.Collect$$$$00000004)
    _main_clock                              0x000000c9   Thumb Code     0  entry7b.o(.ARM.Collect$$$$00000008)
    _main_cpp_init                           0x000000c9   Thumb Code     0  entry8b.o(.ARM.Collect$$$$0000000A)
    _main_init                               0x000000c9   Thumb Code     0  entry9a.o(.ARM.Collect$$$$0000000B)
    __rt_final_cpp                           0x000000d1   Thumb Code     0  entry10a.o(.ARM.Collect$$$$0000000D)
    __rt_final_exit                          0x000000d1   Thumb Code     0  entry11a.o(.ARM.Collect$$$$0000000F)
    main                                     0x000000d5   Thumb Code   116  eb_preprocessing_example.o(.text)
    eb_ACF_f32                               0x0000015d   Thumb Code   196  eb_acf_f32 .o(.text)
    eb_highPass_filtering_f32                0x00000221   Thumb Code   116  eb_highpass_filtering_f32.o(.text)
    eb_mean_filtering_f32                    0x00000299   Thumb Code    76  eb_mean_filtering_f32.o(.text)
    eb_outlier_detection_f32                 0x000002e5   Thumb Code   138  eb_outlier_detection_f32.o(.text)
    SystemInit                               0x00000371   Thumb Code    20  system_armcm4.o(.text)
    Reset_Handler                            0x00000391   Thumb Code     8  startup_armcm4.o(.text)
    NMI_Handler                              0x00000399   Thumb Code     2  startup_armcm4.o(.text)
    HardFault_Handler                        0x0000039b   Thumb Code     2  startup_armcm4.o(.text)
    MemManage_Handler                        0x0000039d   Thumb Code     2  startup_armcm4.o(.text)
    BusFault_Handler                         0x0000039f   Thumb Code     2  startup_armcm4.o(.text)
    UsageFault_Handler                       0x000003a1   Thumb Code     2  startup_armcm4.o(.text)
    SVC_Handler                              0x000003a3   Thumb Code     2  startup_armcm4.o(.text)
    DebugMon_Handler                         0x000003a5   Thumb Code     2  startup_armcm4.o(.text)
    PendSV_Handler                           0x000003a7   Thumb Code     2  startup_armcm4.o(.text)
    SysTick_Handler                          0x000003a9   Thumb Code     2  startup_armcm4.o(.text)
    AACI_IRQHandler                          0x000003ab   Thumb Code     0  startup_armcm4.o(.text)
    CAN_IRQHandler                           0x000003ab   Thumb Code     0  startup_armcm4.o(.text)
    CHLCD_IRQHandler                         0x000003ab   Thumb Code     0  startup_armcm4.o(.text)
    CLCD_IRQHandler                          0x000003ab   Thumb Code     0  startup_armcm4.o(.text)
    CPU_CLCD_IRQHandler                      0x000003ab   Thumb Code     0  startup_armcm4.o(.text)
    ENET_IRQHandler                          0x000003ab   Thumb Code     0  startup_armcm4.o(.text)
    FLEXRAY_IRQHandler                       0x000003ab   Thumb Code     0  startup_armcm4.o(.text)
    I2C_IRQHandler                           0x000003ab   Thumb Code     0  startup_armcm4.o(.text)
    LIN_IRQHandler                           0x000003ab   Thumb Code     0  startup_armcm4.o(.text)
    MCIA_IRQHandler                          0x000003ab   Thumb Code     0  startup_armcm4.o(.text)
    MCIB_IRQHandler                          0x000003ab   Thumb Code     0  startup_armcm4.o(.text)
    RTC_IRQHandler                           0x000003ab   Thumb Code     0  startup_armcm4.o(.text)
    SPI_IRQHandler                           0x000003ab   Thumb Code     0  startup_armcm4.o(.text)
    TIM0_IRQHandler                          0x000003ab   Thumb Code     0  startup_armcm4.o(.text)
    TIM2_IRQHandler                          0x000003ab   Thumb Code     0  startup_armcm4.o(.text)
    UART0_IRQHandler                         0x000003ab   Thumb Code     0  startup_armcm4.o(.text)
    UART1_IRQHandler                         0x000003ab   Thumb Code     0  startup_armcm4.o(.text)
    UART2_IRQHandler                         0x000003ab   Thumb Code     0  startup_armcm4.o(.text)
    UART3_IRQHandler                         0x000003ab   Thumb Code     0  startup_armcm4.o(.text)
    UART4_IRQHandler                         0x000003ab   Thumb Code     0  startup_armcm4.o(.text)
    USBDC_IRQHandler                         0x000003ab   Thumb Code     0  startup_armcm4.o(.text)
    USBHC_IRQHandler                         0x000003ab   Thumb Code     0  startup_armcm4.o(.text)
    WDT_IRQHandler                           0x000003ab   Thumb Code     0  startup_armcm4.o(.text)
    arm_scale_f32                            0x000003b5   Thumb Code   160  arm_scale_f32.o(.text)
    arm_sub_f32                              0x00000455   Thumb Code   206  arm_sub_f32.o(.text)
    arm_biquad_cascade_df1_f32               0x00000525   Thumb Code   326  arm_biquad_cascade_df1_f32.o(.text)
    arm_biquad_cascade_df1_init_f32          0x0000066b   Thumb Code    22  arm_biquad_cascade_df1_init_f32.o(.text)
    arm_conv_f32                             0x00000681   Thumb Code  1622  arm_conv_f32.o(.text)
    arm_correlate_f32                        0x00000cd9   Thumb Code  1704  arm_correlate_f32.o(.text)
    arm_max_f32                              0x00001381   Thumb Code   210  arm_max_f32.o(.text)
    arm_fill_f32                             0x00001455   Thumb Code   148  arm_fill_f32.o(.text)
    __aeabi_memcpy                           0x000014e9   Thumb Code    36  memcpya.o(.text)
    __aeabi_memcpy4                          0x000014e9   Thumb Code     0  memcpya.o(.text)
    __aeabi_memcpy8                          0x000014e9   Thumb Code     0  memcpya.o(.text)
    __aeabi_memset                           0x0000150d   Thumb Code    14  memseta.o(.text)
    __aeabi_memset4                          0x0000150d   Thumb Code     0  memseta.o(.text)
    __aeabi_memset8                          0x0000150d   Thumb Code     0  memseta.o(.text)
    __aeabi_memclr                           0x0000151b   Thumb Code     4  memseta.o(.text)
    __aeabi_memclr4                          0x0000151b   Thumb Code     0  memseta.o(.text)
    __aeabi_memclr8                          0x0000151b   Thumb Code     0  memseta.o(.text)
    _memset$wrapper                          0x0000151f   Thumb Code    18  memseta.o(.text)
    __scatterload                            0x00001531   Thumb Code    28  init.o(.text)
    __scatterload_rt2                        0x00001531   Thumb Code     0  init.o(.text)
    __scatterload_copy                       0x00001555   Thumb Code    14  handlers.o(i.__scatterload_copy)
    __scatterload_null                       0x00001563   Thumb Code     2  handlers.o(i.__scatterload_null)
    __scatterload_zeroinit                   0x00001565   Thumb Code    14  handlers.o(i.__scatterload_zeroinit)
    IIRCoeffs32LP                            0x00001574   Data          40  eb_preprocessing_example.o(.constdata)
    Region$$Table$$Base                      0x00001bdc   Number         0  anon$$obj.o(Region$$Table)
    Region$$Table$$Limit                     0x00001bfc   Number         0  anon$$obj.o(Region$$Table)
    SystemCoreClock                          0x20000000   Data           4  system_armcm4.o(.data)
    __initial_sp                             0x20040028   Data           0  startup_armcm4.o(STACK)



==============================================================================

Memory Map of the image

  Image Entry point : 0x00000391

  Load Region LR_1 (Base: 0x00000000, Size: 0x00001c00, Max: 0xffffffff, ABSOLUTE)

    Execution Region ER_RO (Exec base: 0x00000000, Load base: 0x00000000, Size: 0x00001bfc, Max: 0xffffffff, ABSOLUTE)

    Exec Addr    Load Addr    Size         Type   Attr      Idx    E Section Name        Object

    0x00000000   0x00000000   0x000000c0   Data   RO          177    RESET               startup_armcm4.o
    0x000000c0   0x000000c0   0x00000000   Code   RO          367  * .ARM.Collect$$$$00000000  mc_w.l(entry.o)
    0x000000c0   0x000000c0   0x00000004   Code   RO          376    .ARM.Collect$$$$00000001  mc_w.l(entry2.o)
    0x000000c4   0x000000c4   0x00000004   Code   RO          379    .ARM.Collect$$$$00000004  mc_w.l(entry5.o)
    0x000000c8   0x000000c8   0x00000000   Code   RO          381    .ARM.Collect$$$$00000008  mc_w.l(entry7b.o)
    0x000000c8   0x000000c8   0x00000000   Code   RO          383    .ARM.Collect$$$$0000000A  mc_w.l(entry8b.o)
    0x000000c8   0x000000c8   0x00000008   Code   RO          384    .ARM.Collect$$$$0000000B  mc_w.l(entry9a.o)
    0x000000d0   0x000000d0   0x00000000   Code   RO          386    .ARM.Collect$$$$0000000D  mc_w.l(entry10a.o)
    0x000000d0   0x000000d0   0x00000000   Code   RO          388    .ARM.Collect$$$$0000000F  mc_w.l(entry11a.o)
    0x000000d0   0x000000d0   0x00000004   Code   RO          377    .ARM.Collect$$$$00002712  mc_w.l(entry2.o)
    0x000000d4   0x000000d4   0x00000088   Code   RO            3    .text               eb_preprocessing_example.o
    0x0000015c   0x0000015c   0x000000c4   Code   RO           58    .text               eb_acf_f32 .o
    0x00000220   0x00000220   0x00000078   Code   RO           78    .text               eb_highpass_filtering_f32.o
    0x00000298   0x00000298   0x0000004c   Code   RO           98    .text               eb_mean_filtering_f32.o
    0x000002e4   0x000002e4   0x0000008a   Code   RO          118    .text               eb_outlier_detection_f32.o
    0x0000036e   0x0000036e   0x00000002   PAD
    0x00000370   0x00000370   0x00000020   Code   RO          139    .text               system_armcm4.o
    0x00000390   0x00000390   0x00000024   Code   RO          178  * .text               startup_armcm4.o
    0x000003b4   0x000003b4   0x000000a0   Code   RO          184    .text               arm_cortexM4lf_math.lib(arm_scale_f32.o)
    0x00000454   0x00000454   0x000000ce   Code   RO          229    .text               arm_cortexM4lf_math.lib(arm_sub_f32.o)
    0x00000522   0x00000522   0x00000002   PAD
    0x00000524   0x00000524   0x00000146   Code   RO          249    .text               arm_cortexM4lf_math.lib(arm_biquad_cascade_df1_f32.o)
    0x0000066a   0x0000066a   0x00000016   Code   RO          269    .text               arm_cortexM4lf_math.lib(arm_biquad_cascade_df1_init_f32.o)
    0x00000680   0x00000680   0x00000656   Code   RO          289    .text               arm_cortexM4lf_math.lib(arm_conv_f32.o)
    0x00000cd6   0x00000cd6   0x00000002   PAD
    0x00000cd8   0x00000cd8   0x000006a8   Code   RO          309    .text               arm_cortexM4lf_math.lib(arm_correlate_f32.o)
    0x00001380   0x00001380   0x000000d2   Code   RO          329    .text               arm_cortexM4lf_math.lib(arm_max_f32.o)
    0x00001452   0x00001452   0x00000002   PAD
    0x00001454   0x00001454   0x00000094   Code   RO          349    .text               arm_cortexM4lf_math.lib(arm_fill_f32.o)
    0x000014e8   0x000014e8   0x00000024   Code   RO          370    .text               mc_w.l(memcpya.o)
    0x0000150c   0x0000150c   0x00000024   Code   RO          372    .text               mc_w.l(memseta.o)
    0x00001530   0x00001530   0x00000024   Code   RO          390    .text               mc_w.l(init.o)
    0x00001554   0x00001554   0x0000000e   Code   RO          394    i.__scatterload_copy  mc_w.l(handlers.o)
    0x00001562   0x00001562   0x00000002   Code   RO          395    i.__scatterload_null  mc_w.l(handlers.o)
    0x00001564   0x00001564   0x0000000e   Code   RO          396    i.__scatterload_zeroinit  mc_w.l(handlers.o)
    0x00001572   0x00001572   0x00000002   PAD
    0x00001574   0x00001574   0x00000668   Data   RO            5    .constdata          eb_preprocessing_example.o
    0x00001bdc   0x00001bdc   0x00000020   Data   RO          392    Region$$Table       anon$$obj.o


    Execution Region ER_RW (Exec base: 0x20000000, Load base: 0x00001bfc, Size: 0x00000004, Max: 0xffffffff, ABSOLUTE)

    Exec Addr    Load Addr    Size         Type   Attr      Idx    E Section Name        Object

    0x20000000   0x00001bfc   0x00000004   Data   RW          140    .data               system_armcm4.o


    Execution Region ER_ZI (Exec base: 0x20000004, Load base: 0x00001c00, Size: 0x00040024, Max: 0xffffffff, ABSOLUTE)

    Exec Addr    Load Addr    Size         Type   Attr      Idx    E Section Name        Object

    0x20000004        -       0x00000020   Zero   RW            4    .bss                eb_preprocessing_example.o
    0x20000024   0x00001c00   0x00000004   PAD
    0x20000028        -       0x00040000   Zero   RW          175    STACK               startup_armcm4.o


==============================================================================

Image component sizes


      Code (inc. data)   RO Data    RW Data    ZI Data      Debug   Object Name

       196          0          0          0          0       1341   eb_acf_f32 .o
       120          4          0          0          0       1040   eb_highpass_filtering_f32.o
        76          0          0          0          0        880   eb_mean_filtering_f32.o
       138          0          0          0          0        991   eb_outlier_detection_f32.o
       136         20       1640          0         32      18591   eb_preprocessing_example.o
        36          8        192          0     262144        864   startup_armcm4.o
        32         12          0          4          0        763   system_armcm4.o

    ----------------------------------------------------------------------
       736         44       1864          4     262180      24470   Object Totals
         0          0         32          0          0          0   (incl. Generated)
         2          0          0          0          4          0   (incl. Padding)

    ----------------------------------------------------------------------

      Code (inc. data)   RO Data    RW Data    ZI Data      Debug   Library Member Name

       326          0          0          0          0       1573   arm_biquad_cascade_df1_f32.o
        22          0          0          0          0        990   arm_biquad_cascade_df1_init_f32.o
      1622          4          0          0          0       2795   arm_conv_f32.o
      1704          6          0          0          0       2920   arm_correlate_f32.o
       148          0          0          0          0        819   arm_fill_f32.o
       210          0          0          0          0       1302   arm_max_f32.o
       160          0          0          0          0      16204   arm_scale_f32.o
       206          0          0          0          0        886   arm_sub_f32.o
         0          0          0          0          0          0   entry.o
         0          0          0          0          0          0   entry10a.o
         0          0          0          0          0          0   entry11a.o
         8          4          0          0          0          0   entry2.o
         4          0          0          0          0          0   entry5.o
         0          0          0          0          0          0   entry7b.o
         0          0          0          0          0          0   entry8b.o
         8          4          0          0          0          0   entry9a.o
        30          0          0          0          0          0   handlers.o
        36          8          0          0          0         68   init.o
        36          0          0          0          0         68   memcpya.o
        36          0          0          0          0        108   memseta.o

    ----------------------------------------------------------------------
      4564         26          0          0          0      27733   Library Totals
         8          0          0          0          0          0   (incl. Padding)

    ----------------------------------------------------------------------

      Code (inc. data)   RO Data    RW Data    ZI Data      Debug   Library Name

      4398         10          0          0          0      27489   arm_cortexM4lf_math.lib
       158         16          0          0          0        244   mc_w.l

    ----------------------------------------------------------------------
      4564         26          0          0          0      27733   Library Totals

    ----------------------------------------------------------------------

==============================================================================


      Code (inc. data)   RO Data    RW Data    ZI Data      Debug   

      5300         70       1864          4     262180      51855   Grand Totals
      5300         70       1864          4     262180      51855   ELF Image Totals
      5300         70       1864          4          0          0   ROM Totals

==============================================================================

    Total RO  Size (Code + RO Data)                 7164 (   7.00kB)
    Total RW  Size (RW Data + ZI Data)            262184 ( 256.04kB)
    Total ROM Size (Code + RO Data + RW Data)       7168 (   7.00kB)

==============================================================================

