<!doctype html public "-//w3c//dtd html 4.0 transitional//en">
<html><head>
<title>Static Call Graph - [.\debug\eb_mean_filtering_example.axf]</title></head>
<body><HR>
<H1>Static Call Graph for image .\debug\eb_mean_filtering_example.axf</H1><HR>
<BR><P>#&#060CALLGRAPH&#062# ARM Linker, 5060750: Last Updated: Wed Dec 12 20:50:28 2018
<BR><P>
<H3>Maximum Stack Usage =      23388 bytes + Unknown(Cycles, Untraceable Function Pointers)</H3><H3>
Call chain for Maximum Stack Depth:</H3>
__rt_entry_main &rArr; main &rArr; eb_envolop_spectrum_f32 &rArr; arm_rfft_fast_f32 &rArr; arm_cfft_f32 &rArr; arm_cfft_radix8by4_f32 &rArr; arm_radix8_butterfly_f32
<P>
<H3>
Mutually Recursive functions
</H3> <LI><a href="#[3]">NMI_Handler</a>&nbsp;&nbsp;&nbsp;&rArr;&nbsp;&nbsp;&nbsp;<a href="#[3]">NMI_Handler</a><BR>
 <LI><a href="#[4]">HardFault_Handler</a>&nbsp;&nbsp;&nbsp;&rArr;&nbsp;&nbsp;&nbsp;<a href="#[4]">HardFault_Handler</a><BR>
 <LI><a href="#[5]">MemManage_Handler</a>&nbsp;&nbsp;&nbsp;&rArr;&nbsp;&nbsp;&nbsp;<a href="#[5]">MemManage_Handler</a><BR>
 <LI><a href="#[6]">BusFault_Handler</a>&nbsp;&nbsp;&nbsp;&rArr;&nbsp;&nbsp;&nbsp;<a href="#[6]">BusFault_Handler</a><BR>
 <LI><a href="#[7]">UsageFault_Handler</a>&nbsp;&nbsp;&nbsp;&rArr;&nbsp;&nbsp;&nbsp;<a href="#[7]">UsageFault_Handler</a><BR>
 <LI><a href="#[8]">SVC_Handler</a>&nbsp;&nbsp;&nbsp;&rArr;&nbsp;&nbsp;&nbsp;<a href="#[8]">SVC_Handler</a><BR>
 <LI><a href="#[9]">DebugMon_Handler</a>&nbsp;&nbsp;&nbsp;&rArr;&nbsp;&nbsp;&nbsp;<a href="#[9]">DebugMon_Handler</a><BR>
 <LI><a href="#[a]">PendSV_Handler</a>&nbsp;&nbsp;&nbsp;&rArr;&nbsp;&nbsp;&nbsp;<a href="#[a]">PendSV_Handler</a><BR>
 <LI><a href="#[b]">SysTick_Handler</a>&nbsp;&nbsp;&nbsp;&rArr;&nbsp;&nbsp;&nbsp;<a href="#[b]">SysTick_Handler</a><BR>
 <LI><a href="#[16]">AACI_IRQHandler</a>&nbsp;&nbsp;&nbsp;&rArr;&nbsp;&nbsp;&nbsp;<a href="#[16]">AACI_IRQHandler</a><BR>
</UL>
<P>
<H3>
Function Pointers
</H3><UL>
 <LI><a href="#[16]">AACI_IRQHandler</a> from startup_armcm4.o(.text) referenced from startup_armcm4.o(RESET)
 <LI><a href="#[6]">BusFault_Handler</a> from startup_armcm4.o(.text) referenced from startup_armcm4.o(RESET)
 <LI><a href="#[1d]">CAN_IRQHandler</a> from startup_armcm4.o(.text) referenced from startup_armcm4.o(RESET)
 <LI><a href="#[1b]">CHLCD_IRQHandler</a> from startup_armcm4.o(.text) referenced from startup_armcm4.o(RESET)
 <LI><a href="#[17]">CLCD_IRQHandler</a> from startup_armcm4.o(.text) referenced from startup_armcm4.o(RESET)
 <LI><a href="#[20]">CPU_CLCD_IRQHandler</a> from startup_armcm4.o(.text) referenced from startup_armcm4.o(RESET)
 <LI><a href="#[9]">DebugMon_Handler</a> from startup_armcm4.o(.text) referenced from startup_armcm4.o(RESET)
 <LI><a href="#[18]">ENET_IRQHandler</a> from startup_armcm4.o(.text) referenced from startup_armcm4.o(RESET)
 <LI><a href="#[1c]">FLEXRAY_IRQHandler</a> from startup_armcm4.o(.text) referenced from startup_armcm4.o(RESET)
 <LI><a href="#[4]">HardFault_Handler</a> from startup_armcm4.o(.text) referenced from startup_armcm4.o(RESET)
 <LI><a href="#[1f]">I2C_IRQHandler</a> from startup_armcm4.o(.text) referenced from startup_armcm4.o(RESET)
 <LI><a href="#[1e]">LIN_IRQHandler</a> from startup_armcm4.o(.text) referenced from startup_armcm4.o(RESET)
 <LI><a href="#[10]">MCIA_IRQHandler</a> from startup_armcm4.o(.text) referenced from startup_armcm4.o(RESET)
 <LI><a href="#[11]">MCIB_IRQHandler</a> from startup_armcm4.o(.text) referenced from startup_armcm4.o(RESET)
 <LI><a href="#[5]">MemManage_Handler</a> from startup_armcm4.o(.text) referenced from startup_armcm4.o(RESET)
 <LI><a href="#[3]">NMI_Handler</a> from startup_armcm4.o(.text) referenced from startup_armcm4.o(RESET)
 <LI><a href="#[a]">PendSV_Handler</a> from startup_armcm4.o(.text) referenced from startup_armcm4.o(RESET)
 <LI><a href="#[d]">RTC_IRQHandler</a> from startup_armcm4.o(.text) referenced from startup_armcm4.o(RESET)
 <LI><a href="#[25]">Reset_Handler</a> from startup_armcm4.o(.text) referenced from startup_armcm4.o(RESET)
 <LI><a href="#[22]">SPI_IRQHandler</a> from startup_armcm4.o(.text) referenced from startup_armcm4.o(RESET)
 <LI><a href="#[8]">SVC_Handler</a> from startup_armcm4.o(.text) referenced from startup_armcm4.o(RESET)
 <LI><a href="#[b]">SysTick_Handler</a> from startup_armcm4.o(.text) referenced from startup_armcm4.o(RESET)
 <LI><a href="#[23]">SystemInit</a> from system_armcm4.o(.text) referenced from startup_armcm4.o(.text)
 <LI><a href="#[e]">TIM0_IRQHandler</a> from startup_armcm4.o(.text) referenced from startup_armcm4.o(RESET)
 <LI><a href="#[f]">TIM2_IRQHandler</a> from startup_armcm4.o(.text) referenced from startup_armcm4.o(RESET)
 <LI><a href="#[12]">UART0_IRQHandler</a> from startup_armcm4.o(.text) referenced from startup_armcm4.o(RESET)
 <LI><a href="#[13]">UART1_IRQHandler</a> from startup_armcm4.o(.text) referenced from startup_armcm4.o(RESET)
 <LI><a href="#[14]">UART2_IRQHandler</a> from startup_armcm4.o(.text) referenced from startup_armcm4.o(RESET)
 <LI><a href="#[21]">UART3_IRQHandler</a> from startup_armcm4.o(.text) referenced from startup_armcm4.o(RESET)
 <LI><a href="#[15]">UART4_IRQHandler</a> from startup_armcm4.o(.text) referenced from startup_armcm4.o(RESET)
 <LI><a href="#[19]">USBDC_IRQHandler</a> from startup_armcm4.o(.text) referenced from startup_armcm4.o(RESET)
 <LI><a href="#[1a]">USBHC_IRQHandler</a> from startup_armcm4.o(.text) referenced from startup_armcm4.o(RESET)
 <LI><a href="#[7]">UsageFault_Handler</a> from startup_armcm4.o(.text) referenced from startup_armcm4.o(RESET)
 <LI><a href="#[c]">WDT_IRQHandler</a> from startup_armcm4.o(.text) referenced from startup_armcm4.o(RESET)
 <LI><a href="#[26]">__main</a> from __main.o(!!!main) referenced from startup_armcm4.o(.text)
</UL>
<P>
<H3>
Global Symbols
</H3>
<P><STRONG><a name="[26]"></a>__main</STRONG> (Thumb, 8 bytes, Stack size 0 bytes, __main.o(!!!main))
<BR><BR>[Calls]<UL><LI><a href="#[29]">&gt;&gt;</a>&nbsp;&nbsp;&nbsp;__rt_entry
<LI><a href="#[28]">&gt;&gt;</a>&nbsp;&nbsp;&nbsp;__scatterload
</UL>

<P><STRONG><a name="[28]"></a>__scatterload</STRONG> (Thumb, 0 bytes, Stack size unknown bytes, __scatter.o(!!!scatter))
<BR><BR>[Called By]<UL><LI><a href="#[26]">&gt;&gt;</a>&nbsp;&nbsp;&nbsp;__main
</UL>

<P><STRONG><a name="[2a]"></a>__scatterload_rt2</STRONG> (Thumb, 44 bytes, Stack size unknown bytes, __scatter.o(!!!scatter), UNUSED)
<BR><BR>[Calls]<UL><LI><a href="#[29]">&gt;&gt;</a>&nbsp;&nbsp;&nbsp;__rt_entry
</UL>

<P><STRONG><a name="[6a]"></a>__scatterload_rt2_thumb_only</STRONG> (Thumb, 0 bytes, Stack size unknown bytes, __scatter.o(!!!scatter), UNUSED)

<P><STRONG><a name="[6b]"></a>__scatterload_null</STRONG> (Thumb, 0 bytes, Stack size unknown bytes, __scatter.o(!!!scatter), UNUSED)

<P><STRONG><a name="[2b]"></a>__scatterload_copy</STRONG> (Thumb, 26 bytes, Stack size unknown bytes, __scatter_copy.o(!!handler_copy), UNUSED)
<BR><BR>[Calls]<UL><LI><a href="#[2b]">&gt;&gt;</a>&nbsp;&nbsp;&nbsp;__scatterload_copy
</UL>
<BR>[Called By]<UL><LI><a href="#[2b]">&gt;&gt;</a>&nbsp;&nbsp;&nbsp;__scatterload_copy
</UL>

<P><STRONG><a name="[6c]"></a>__scatterload_zeroinit</STRONG> (Thumb, 28 bytes, Stack size unknown bytes, __scatter_zi.o(!!handler_zi), UNUSED)

<P><STRONG><a name="[4d]"></a>arm_bitreversal_32</STRONG> (Thumb, 106 bytes, Stack size 0 bytes, arm_bitreversal2.o(. text))
<BR><BR>[Called By]<UL><LI><a href="#[48]">&gt;&gt;</a>&nbsp;&nbsp;&nbsp;arm_cfft_f32
</UL>

<P><STRONG><a name="[31]"></a>__rt_lib_init</STRONG> (Thumb, 0 bytes, Stack size unknown bytes, libinit.o(.ARM.Collect$$libinit$$00000000))
<BR><BR>[Called By]<UL><LI><a href="#[30]">&gt;&gt;</a>&nbsp;&nbsp;&nbsp;__rt_entry_li
</UL>

<P><STRONG><a name="[2c]"></a>__rt_lib_init_fp_1</STRONG> (Thumb, 0 bytes, Stack size unknown bytes, libinit2.o(.ARM.Collect$$libinit$$00000001))
<BR><BR>[Calls]<UL><LI><a href="#[2d]">&gt;&gt;</a>&nbsp;&nbsp;&nbsp;_fp_init
</UL>

<P><STRONG><a name="[6d]"></a>__rt_lib_init_alloca_1</STRONG> (Thumb, 0 bytes, Stack size unknown bytes, libinit2.o(.ARM.Collect$$libinit$$0000002E))

<P><STRONG><a name="[6e]"></a>__rt_lib_init_argv_1</STRONG> (Thumb, 0 bytes, Stack size unknown bytes, libinit2.o(.ARM.Collect$$libinit$$0000002C))

<P><STRONG><a name="[6f]"></a>__rt_lib_init_atexit_1</STRONG> (Thumb, 0 bytes, Stack size unknown bytes, libinit2.o(.ARM.Collect$$libinit$$0000001B))

<P><STRONG><a name="[70]"></a>__rt_lib_init_clock_1</STRONG> (Thumb, 0 bytes, Stack size unknown bytes, libinit2.o(.ARM.Collect$$libinit$$00000021))

<P><STRONG><a name="[71]"></a>__rt_lib_init_cpp_1</STRONG> (Thumb, 0 bytes, Stack size unknown bytes, libinit2.o(.ARM.Collect$$libinit$$00000032))

<P><STRONG><a name="[72]"></a>__rt_lib_init_exceptions_1</STRONG> (Thumb, 0 bytes, Stack size unknown bytes, libinit2.o(.ARM.Collect$$libinit$$00000030))

<P><STRONG><a name="[73]"></a>__rt_lib_init_fp_trap_1</STRONG> (Thumb, 0 bytes, Stack size unknown bytes, libinit2.o(.ARM.Collect$$libinit$$0000001F))

<P><STRONG><a name="[74]"></a>__rt_lib_init_getenv_1</STRONG> (Thumb, 0 bytes, Stack size unknown bytes, libinit2.o(.ARM.Collect$$libinit$$00000023))

<P><STRONG><a name="[75]"></a>__rt_lib_init_heap_1</STRONG> (Thumb, 0 bytes, Stack size unknown bytes, libinit2.o(.ARM.Collect$$libinit$$0000000A))

<P><STRONG><a name="[76]"></a>__rt_lib_init_lc_collate_1</STRONG> (Thumb, 0 bytes, Stack size unknown bytes, libinit2.o(.ARM.Collect$$libinit$$00000011))

<P><STRONG><a name="[77]"></a>__rt_lib_init_lc_ctype_1</STRONG> (Thumb, 0 bytes, Stack size unknown bytes, libinit2.o(.ARM.Collect$$libinit$$00000013))

<P><STRONG><a name="[78]"></a>__rt_lib_init_lc_monetary_1</STRONG> (Thumb, 0 bytes, Stack size unknown bytes, libinit2.o(.ARM.Collect$$libinit$$00000015))

<P><STRONG><a name="[79]"></a>__rt_lib_init_lc_numeric_1</STRONG> (Thumb, 0 bytes, Stack size unknown bytes, libinit2.o(.ARM.Collect$$libinit$$00000017))

<P><STRONG><a name="[7a]"></a>__rt_lib_init_lc_time_1</STRONG> (Thumb, 0 bytes, Stack size unknown bytes, libinit2.o(.ARM.Collect$$libinit$$00000019))

<P><STRONG><a name="[7b]"></a>__rt_lib_init_preinit_1</STRONG> (Thumb, 0 bytes, Stack size unknown bytes, libinit2.o(.ARM.Collect$$libinit$$00000004))

<P><STRONG><a name="[7c]"></a>__rt_lib_init_rand_1</STRONG> (Thumb, 0 bytes, Stack size unknown bytes, libinit2.o(.ARM.Collect$$libinit$$0000000E))

<P><STRONG><a name="[7d]"></a>__rt_lib_init_return</STRONG> (Thumb, 0 bytes, Stack size unknown bytes, libinit2.o(.ARM.Collect$$libinit$$00000033))

<P><STRONG><a name="[7e]"></a>__rt_lib_init_signal_1</STRONG> (Thumb, 0 bytes, Stack size unknown bytes, libinit2.o(.ARM.Collect$$libinit$$0000001D))

<P><STRONG><a name="[7f]"></a>__rt_lib_init_stdio_1</STRONG> (Thumb, 0 bytes, Stack size unknown bytes, libinit2.o(.ARM.Collect$$libinit$$00000025))

<P><STRONG><a name="[80]"></a>__rt_lib_init_user_alloc_1</STRONG> (Thumb, 0 bytes, Stack size unknown bytes, libinit2.o(.ARM.Collect$$libinit$$0000000C))

<P><STRONG><a name="[36]"></a>__rt_lib_shutdown</STRONG> (Thumb, 0 bytes, Stack size unknown bytes, libshutdown.o(.ARM.Collect$$libshutdown$$00000000))
<BR><BR>[Called By]<UL><LI><a href="#[35]">&gt;&gt;</a>&nbsp;&nbsp;&nbsp;__rt_exit_ls
</UL>

<P><STRONG><a name="[81]"></a>__rt_lib_shutdown_cpp_1</STRONG> (Thumb, 0 bytes, Stack size unknown bytes, libshutdown2.o(.ARM.Collect$$libshutdown$$00000002))

<P><STRONG><a name="[82]"></a>__rt_lib_shutdown_fp_trap_1</STRONG> (Thumb, 0 bytes, Stack size unknown bytes, libshutdown2.o(.ARM.Collect$$libshutdown$$00000007))

<P><STRONG><a name="[83]"></a>__rt_lib_shutdown_heap_1</STRONG> (Thumb, 0 bytes, Stack size unknown bytes, libshutdown2.o(.ARM.Collect$$libshutdown$$0000000F))

<P><STRONG><a name="[84]"></a>__rt_lib_shutdown_return</STRONG> (Thumb, 0 bytes, Stack size unknown bytes, libshutdown2.o(.ARM.Collect$$libshutdown$$00000010))

<P><STRONG><a name="[85]"></a>__rt_lib_shutdown_signal_1</STRONG> (Thumb, 0 bytes, Stack size unknown bytes, libshutdown2.o(.ARM.Collect$$libshutdown$$0000000A))

<P><STRONG><a name="[86]"></a>__rt_lib_shutdown_stdio_1</STRONG> (Thumb, 0 bytes, Stack size unknown bytes, libshutdown2.o(.ARM.Collect$$libshutdown$$00000004))

<P><STRONG><a name="[87]"></a>__rt_lib_shutdown_user_alloc_1</STRONG> (Thumb, 0 bytes, Stack size unknown bytes, libshutdown2.o(.ARM.Collect$$libshutdown$$0000000C))

<P><STRONG><a name="[29]"></a>__rt_entry</STRONG> (Thumb, 0 bytes, Stack size unknown bytes, __rtentry.o(.ARM.Collect$$rtentry$$00000000))
<BR><BR>[Called By]<UL><LI><a href="#[26]">&gt;&gt;</a>&nbsp;&nbsp;&nbsp;__main
<LI><a href="#[2a]">&gt;&gt;</a>&nbsp;&nbsp;&nbsp;__scatterload_rt2
</UL>

<P><STRONG><a name="[88]"></a>__rt_entry_presh_1</STRONG> (Thumb, 0 bytes, Stack size unknown bytes, __rtentry2.o(.ARM.Collect$$rtentry$$00000002))

<P><STRONG><a name="[2e]"></a>__rt_entry_sh</STRONG> (Thumb, 0 bytes, Stack size unknown bytes, __rtentry4.o(.ARM.Collect$$rtentry$$00000004))
<BR><BR>[Stack]<UL><LI>Max Depth = 8 + Unknown Stack Size
<LI>Call Chain = __rt_entry_sh &rArr; __user_setup_stackheap
</UL>
<BR>[Calls]<UL><LI><a href="#[2f]">&gt;&gt;</a>&nbsp;&nbsp;&nbsp;__user_setup_stackheap
</UL>

<P><STRONG><a name="[30]"></a>__rt_entry_li</STRONG> (Thumb, 0 bytes, Stack size unknown bytes, __rtentry2.o(.ARM.Collect$$rtentry$$0000000A))
<BR><BR>[Calls]<UL><LI><a href="#[31]">&gt;&gt;</a>&nbsp;&nbsp;&nbsp;__rt_lib_init
</UL>

<P><STRONG><a name="[89]"></a>__rt_entry_postsh_1</STRONG> (Thumb, 0 bytes, Stack size unknown bytes, __rtentry2.o(.ARM.Collect$$rtentry$$00000009))

<P><STRONG><a name="[32]"></a>__rt_entry_main</STRONG> (Thumb, 0 bytes, Stack size unknown bytes, __rtentry2.o(.ARM.Collect$$rtentry$$0000000D))
<BR><BR>[Stack]<UL><LI>Max Depth = 23388 + Unknown Stack Size
<LI>Call Chain = __rt_entry_main &rArr; main &rArr; eb_envolop_spectrum_f32 &rArr; arm_rfft_fast_f32 &rArr; arm_cfft_f32 &rArr; arm_cfft_radix8by4_f32 &rArr; arm_radix8_butterfly_f32
</UL>
<BR>[Calls]<UL><LI><a href="#[34]">&gt;&gt;</a>&nbsp;&nbsp;&nbsp;exit
<LI><a href="#[33]">&gt;&gt;</a>&nbsp;&nbsp;&nbsp;main
</UL>

<P><STRONG><a name="[8a]"></a>__rt_entry_postli_1</STRONG> (Thumb, 0 bytes, Stack size unknown bytes, __rtentry2.o(.ARM.Collect$$rtentry$$0000000C))

<P><STRONG><a name="[51]"></a>__rt_exit</STRONG> (Thumb, 0 bytes, Stack size unknown bytes, rtexit.o(.ARM.Collect$$rtexit$$00000000))
<BR><BR>[Called By]<UL><LI><a href="#[34]">&gt;&gt;</a>&nbsp;&nbsp;&nbsp;exit
</UL>

<P><STRONG><a name="[35]"></a>__rt_exit_ls</STRONG> (Thumb, 0 bytes, Stack size unknown bytes, rtexit2.o(.ARM.Collect$$rtexit$$00000003))
<BR><BR>[Calls]<UL><LI><a href="#[36]">&gt;&gt;</a>&nbsp;&nbsp;&nbsp;__rt_lib_shutdown
</UL>

<P><STRONG><a name="[8b]"></a>__rt_exit_prels_1</STRONG> (Thumb, 0 bytes, Stack size unknown bytes, rtexit2.o(.ARM.Collect$$rtexit$$00000002))

<P><STRONG><a name="[37]"></a>__rt_exit_exit</STRONG> (Thumb, 0 bytes, Stack size unknown bytes, rtexit2.o(.ARM.Collect$$rtexit$$00000004))
<BR><BR>[Calls]<UL><LI><a href="#[38]">&gt;&gt;</a>&nbsp;&nbsp;&nbsp;_sys_exit
</UL>

<P><STRONG><a name="[33]"></a>main</STRONG> (Thumb, 84 bytes, Stack size 6464 bytes, eb_frequency_and_featureextration_example.o(.text))
<BR><BR>[Stack]<UL><LI>Max Depth = 23388<LI>Call Chain = main &rArr; eb_envolop_spectrum_f32 &rArr; arm_rfft_fast_f32 &rArr; arm_cfft_f32 &rArr; arm_cfft_radix8by4_f32 &rArr; arm_radix8_butterfly_f32
</UL>
<BR>[Calls]<UL><LI><a href="#[39]">&gt;&gt;</a>&nbsp;&nbsp;&nbsp;__aeabi_memcpy4
<LI><a href="#[3a]">&gt;&gt;</a>&nbsp;&nbsp;&nbsp;eb_harmonic_freq_f32
<LI><a href="#[3b]">&gt;&gt;</a>&nbsp;&nbsp;&nbsp;eb_envolop_spectrum_f32
</UL>
<BR>[Called By]<UL><LI><a href="#[32]">&gt;&gt;</a>&nbsp;&nbsp;&nbsp;__rt_entry_main
</UL>

<P><STRONG><a name="[3a]"></a>eb_harmonic_freq_f32</STRONG> (Thumb, 368 bytes, Stack size 144 bytes, eb_harmonic_freq_f32.o(.text))
<BR><BR>[Stack]<UL><LI>Max Depth = 388<LI>Call Chain = eb_harmonic_freq_f32 &rArr; arm_rfft_fast_f32 &rArr; arm_cfft_f32 &rArr; arm_cfft_radix8by4_f32 &rArr; arm_radix8_butterfly_f32
</UL>
<BR>[Calls]<UL><LI><a href="#[3d]">&gt;&gt;</a>&nbsp;&nbsp;&nbsp;__aeabi_dmul
<LI><a href="#[3c]">&gt;&gt;</a>&nbsp;&nbsp;&nbsp;__aeabi_ui2d
<LI><a href="#[40]">&gt;&gt;</a>&nbsp;&nbsp;&nbsp;__aeabi_d2uiz
<LI><a href="#[3f]">&gt;&gt;</a>&nbsp;&nbsp;&nbsp;__aeabi_ddiv
<LI><a href="#[3e]">&gt;&gt;</a>&nbsp;&nbsp;&nbsp;__aeabi_dsub
<LI><a href="#[41]">&gt;&gt;</a>&nbsp;&nbsp;&nbsp;__aeabi_dadd
<LI><a href="#[42]">&gt;&gt;</a>&nbsp;&nbsp;&nbsp;arm_rfft_fast_init_f32
<LI><a href="#[43]">&gt;&gt;</a>&nbsp;&nbsp;&nbsp;arm_rfft_fast_f32
<LI><a href="#[45]">&gt;&gt;</a>&nbsp;&nbsp;&nbsp;arm_mean_f32
<LI><a href="#[44]">&gt;&gt;</a>&nbsp;&nbsp;&nbsp;arm_cmplx_mag_f32
</UL>
<BR>[Called By]<UL><LI><a href="#[33]">&gt;&gt;</a>&nbsp;&nbsp;&nbsp;main
</UL>

<P><STRONG><a name="[3b]"></a>eb_envolop_spectrum_f32</STRONG> (Thumb, 158 bytes, Stack size 16680 bytes, eb_envolop_spectrum_f32.o(.text))
<BR><BR>[Stack]<UL><LI>Max Depth = 16924<LI>Call Chain = eb_envolop_spectrum_f32 &rArr; arm_rfft_fast_f32 &rArr; arm_cfft_f32 &rArr; arm_cfft_radix8by4_f32 &rArr; arm_radix8_butterfly_f32
</UL>
<BR>[Calls]<UL><LI><a href="#[46]">&gt;&gt;</a>&nbsp;&nbsp;&nbsp;arm_sin_f32
<LI><a href="#[42]">&gt;&gt;</a>&nbsp;&nbsp;&nbsp;arm_rfft_fast_init_f32
<LI><a href="#[43]">&gt;&gt;</a>&nbsp;&nbsp;&nbsp;arm_rfft_fast_f32
<LI><a href="#[44]">&gt;&gt;</a>&nbsp;&nbsp;&nbsp;arm_cmplx_mag_f32
</UL>
<BR>[Called By]<UL><LI><a href="#[33]">&gt;&gt;</a>&nbsp;&nbsp;&nbsp;main
</UL>

<P><STRONG><a name="[8c]"></a>SystemCoreClockUpdate</STRONG> (Thumb, 8 bytes, Stack size 0 bytes, system_armcm4.o(.text), UNUSED)

<P><STRONG><a name="[23]"></a>SystemInit</STRONG> (Thumb, 20 bytes, Stack size 0 bytes, system_armcm4.o(.text))
<BR>[Address Reference Count : 1]<UL><LI> startup_armcm4.o(.text)
</UL>
<P><STRONG><a name="[25]"></a>Reset_Handler</STRONG> (Thumb, 8 bytes, Stack size 0 bytes, startup_armcm4.o(.text))

<P><STRONG><a name="[3]"></a>NMI_Handler</STRONG> (Thumb, 2 bytes, Stack size 0 bytes, startup_armcm4.o(.text))
<BR><BR>[Calls]<UL><LI><a href="#[3]">&gt;&gt;</a>&nbsp;&nbsp;&nbsp;NMI_Handler
</UL>
<BR>[Called By]<UL><LI><a href="#[3]">&gt;&gt;</a>&nbsp;&nbsp;&nbsp;NMI_Handler
</UL>
<BR>[Address Reference Count : 1]<UL><LI> startup_armcm4.o(RESET)
</UL>
<P><STRONG><a name="[4]"></a>HardFault_Handler</STRONG> (Thumb, 2 bytes, Stack size 0 bytes, startup_armcm4.o(.text))
<BR><BR>[Calls]<UL><LI><a href="#[4]">&gt;&gt;</a>&nbsp;&nbsp;&nbsp;HardFault_Handler
</UL>
<BR>[Called By]<UL><LI><a href="#[4]">&gt;&gt;</a>&nbsp;&nbsp;&nbsp;HardFault_Handler
</UL>
<BR>[Address Reference Count : 1]<UL><LI> startup_armcm4.o(RESET)
</UL>
<P><STRONG><a name="[5]"></a>MemManage_Handler</STRONG> (Thumb, 2 bytes, Stack size 0 bytes, startup_armcm4.o(.text))
<BR><BR>[Calls]<UL><LI><a href="#[5]">&gt;&gt;</a>&nbsp;&nbsp;&nbsp;MemManage_Handler
</UL>
<BR>[Called By]<UL><LI><a href="#[5]">&gt;&gt;</a>&nbsp;&nbsp;&nbsp;MemManage_Handler
</UL>
<BR>[Address Reference Count : 1]<UL><LI> startup_armcm4.o(RESET)
</UL>
<P><STRONG><a name="[6]"></a>BusFault_Handler</STRONG> (Thumb, 2 bytes, Stack size 0 bytes, startup_armcm4.o(.text))
<BR><BR>[Calls]<UL><LI><a href="#[6]">&gt;&gt;</a>&nbsp;&nbsp;&nbsp;BusFault_Handler
</UL>
<BR>[Called By]<UL><LI><a href="#[6]">&gt;&gt;</a>&nbsp;&nbsp;&nbsp;BusFault_Handler
</UL>
<BR>[Address Reference Count : 1]<UL><LI> startup_armcm4.o(RESET)
</UL>
<P><STRONG><a name="[7]"></a>UsageFault_Handler</STRONG> (Thumb, 2 bytes, Stack size 0 bytes, startup_armcm4.o(.text))
<BR><BR>[Calls]<UL><LI><a href="#[7]">&gt;&gt;</a>&nbsp;&nbsp;&nbsp;UsageFault_Handler
</UL>
<BR>[Called By]<UL><LI><a href="#[7]">&gt;&gt;</a>&nbsp;&nbsp;&nbsp;UsageFault_Handler
</UL>
<BR>[Address Reference Count : 1]<UL><LI> startup_armcm4.o(RESET)
</UL>
<P><STRONG><a name="[8]"></a>SVC_Handler</STRONG> (Thumb, 2 bytes, Stack size 0 bytes, startup_armcm4.o(.text))
<BR><BR>[Calls]<UL><LI><a href="#[8]">&gt;&gt;</a>&nbsp;&nbsp;&nbsp;SVC_Handler
</UL>
<BR>[Called By]<UL><LI><a href="#[8]">&gt;&gt;</a>&nbsp;&nbsp;&nbsp;SVC_Handler
</UL>
<BR>[Address Reference Count : 1]<UL><LI> startup_armcm4.o(RESET)
</UL>
<P><STRONG><a name="[9]"></a>DebugMon_Handler</STRONG> (Thumb, 2 bytes, Stack size 0 bytes, startup_armcm4.o(.text))
<BR><BR>[Calls]<UL><LI><a href="#[9]">&gt;&gt;</a>&nbsp;&nbsp;&nbsp;DebugMon_Handler
</UL>
<BR>[Called By]<UL><LI><a href="#[9]">&gt;&gt;</a>&nbsp;&nbsp;&nbsp;DebugMon_Handler
</UL>
<BR>[Address Reference Count : 1]<UL><LI> startup_armcm4.o(RESET)
</UL>
<P><STRONG><a name="[a]"></a>PendSV_Handler</STRONG> (Thumb, 2 bytes, Stack size 0 bytes, startup_armcm4.o(.text))
<BR><BR>[Calls]<UL><LI><a href="#[a]">&gt;&gt;</a>&nbsp;&nbsp;&nbsp;PendSV_Handler
</UL>
<BR>[Called By]<UL><LI><a href="#[a]">&gt;&gt;</a>&nbsp;&nbsp;&nbsp;PendSV_Handler
</UL>
<BR>[Address Reference Count : 1]<UL><LI> startup_armcm4.o(RESET)
</UL>
<P><STRONG><a name="[b]"></a>SysTick_Handler</STRONG> (Thumb, 2 bytes, Stack size 0 bytes, startup_armcm4.o(.text))
<BR><BR>[Calls]<UL><LI><a href="#[b]">&gt;&gt;</a>&nbsp;&nbsp;&nbsp;SysTick_Handler
</UL>
<BR>[Called By]<UL><LI><a href="#[b]">&gt;&gt;</a>&nbsp;&nbsp;&nbsp;SysTick_Handler
</UL>
<BR>[Address Reference Count : 1]<UL><LI> startup_armcm4.o(RESET)
</UL>
<P><STRONG><a name="[16]"></a>AACI_IRQHandler</STRONG> (Thumb, 0 bytes, Stack size 0 bytes, startup_armcm4.o(.text))
<BR><BR>[Calls]<UL><LI><a href="#[16]">&gt;&gt;</a>&nbsp;&nbsp;&nbsp;AACI_IRQHandler
</UL>
<BR>[Called By]<UL><LI><a href="#[16]">&gt;&gt;</a>&nbsp;&nbsp;&nbsp;AACI_IRQHandler
</UL>
<BR>[Address Reference Count : 1]<UL><LI> startup_armcm4.o(RESET)
</UL>
<P><STRONG><a name="[1d]"></a>CAN_IRQHandler</STRONG> (Thumb, 0 bytes, Stack size 0 bytes, startup_armcm4.o(.text))
<BR>[Address Reference Count : 1]<UL><LI> startup_armcm4.o(RESET)
</UL>
<P><STRONG><a name="[1b]"></a>CHLCD_IRQHandler</STRONG> (Thumb, 0 bytes, Stack size 0 bytes, startup_armcm4.o(.text))
<BR>[Address Reference Count : 1]<UL><LI> startup_armcm4.o(RESET)
</UL>
<P><STRONG><a name="[17]"></a>CLCD_IRQHandler</STRONG> (Thumb, 0 bytes, Stack size 0 bytes, startup_armcm4.o(.text))
<BR>[Address Reference Count : 1]<UL><LI> startup_armcm4.o(RESET)
</UL>
<P><STRONG><a name="[20]"></a>CPU_CLCD_IRQHandler</STRONG> (Thumb, 0 bytes, Stack size 0 bytes, startup_armcm4.o(.text))
<BR>[Address Reference Count : 1]<UL><LI> startup_armcm4.o(RESET)
</UL>
<P><STRONG><a name="[18]"></a>ENET_IRQHandler</STRONG> (Thumb, 0 bytes, Stack size 0 bytes, startup_armcm4.o(.text))
<BR>[Address Reference Count : 1]<UL><LI> startup_armcm4.o(RESET)
</UL>
<P><STRONG><a name="[1c]"></a>FLEXRAY_IRQHandler</STRONG> (Thumb, 0 bytes, Stack size 0 bytes, startup_armcm4.o(.text))
<BR>[Address Reference Count : 1]<UL><LI> startup_armcm4.o(RESET)
</UL>
<P><STRONG><a name="[1f]"></a>I2C_IRQHandler</STRONG> (Thumb, 0 bytes, Stack size 0 bytes, startup_armcm4.o(.text))
<BR>[Address Reference Count : 1]<UL><LI> startup_armcm4.o(RESET)
</UL>
<P><STRONG><a name="[1e]"></a>LIN_IRQHandler</STRONG> (Thumb, 0 bytes, Stack size 0 bytes, startup_armcm4.o(.text))
<BR>[Address Reference Count : 1]<UL><LI> startup_armcm4.o(RESET)
</UL>
<P><STRONG><a name="[10]"></a>MCIA_IRQHandler</STRONG> (Thumb, 0 bytes, Stack size 0 bytes, startup_armcm4.o(.text))
<BR>[Address Reference Count : 1]<UL><LI> startup_armcm4.o(RESET)
</UL>
<P><STRONG><a name="[11]"></a>MCIB_IRQHandler</STRONG> (Thumb, 0 bytes, Stack size 0 bytes, startup_armcm4.o(.text))
<BR>[Address Reference Count : 1]<UL><LI> startup_armcm4.o(RESET)
</UL>
<P><STRONG><a name="[d]"></a>RTC_IRQHandler</STRONG> (Thumb, 0 bytes, Stack size 0 bytes, startup_armcm4.o(.text))
<BR>[Address Reference Count : 1]<UL><LI> startup_armcm4.o(RESET)
</UL>
<P><STRONG><a name="[22]"></a>SPI_IRQHandler</STRONG> (Thumb, 0 bytes, Stack size 0 bytes, startup_armcm4.o(.text))
<BR>[Address Reference Count : 1]<UL><LI> startup_armcm4.o(RESET)
</UL>
<P><STRONG><a name="[e]"></a>TIM0_IRQHandler</STRONG> (Thumb, 0 bytes, Stack size 0 bytes, startup_armcm4.o(.text))
<BR>[Address Reference Count : 1]<UL><LI> startup_armcm4.o(RESET)
</UL>
<P><STRONG><a name="[f]"></a>TIM2_IRQHandler</STRONG> (Thumb, 0 bytes, Stack size 0 bytes, startup_armcm4.o(.text))
<BR>[Address Reference Count : 1]<UL><LI> startup_armcm4.o(RESET)
</UL>
<P><STRONG><a name="[12]"></a>UART0_IRQHandler</STRONG> (Thumb, 0 bytes, Stack size 0 bytes, startup_armcm4.o(.text))
<BR>[Address Reference Count : 1]<UL><LI> startup_armcm4.o(RESET)
</UL>
<P><STRONG><a name="[13]"></a>UART1_IRQHandler</STRONG> (Thumb, 0 bytes, Stack size 0 bytes, startup_armcm4.o(.text))
<BR>[Address Reference Count : 1]<UL><LI> startup_armcm4.o(RESET)
</UL>
<P><STRONG><a name="[14]"></a>UART2_IRQHandler</STRONG> (Thumb, 0 bytes, Stack size 0 bytes, startup_armcm4.o(.text))
<BR>[Address Reference Count : 1]<UL><LI> startup_armcm4.o(RESET)
</UL>
<P><STRONG><a name="[21]"></a>UART3_IRQHandler</STRONG> (Thumb, 0 bytes, Stack size 0 bytes, startup_armcm4.o(.text))
<BR>[Address Reference Count : 1]<UL><LI> startup_armcm4.o(RESET)
</UL>
<P><STRONG><a name="[15]"></a>UART4_IRQHandler</STRONG> (Thumb, 0 bytes, Stack size 0 bytes, startup_armcm4.o(.text))
<BR>[Address Reference Count : 1]<UL><LI> startup_armcm4.o(RESET)
</UL>
<P><STRONG><a name="[19]"></a>USBDC_IRQHandler</STRONG> (Thumb, 0 bytes, Stack size 0 bytes, startup_armcm4.o(.text))
<BR>[Address Reference Count : 1]<UL><LI> startup_armcm4.o(RESET)
</UL>
<P><STRONG><a name="[1a]"></a>USBHC_IRQHandler</STRONG> (Thumb, 0 bytes, Stack size 0 bytes, startup_armcm4.o(.text))
<BR>[Address Reference Count : 1]<UL><LI> startup_armcm4.o(RESET)
</UL>
<P><STRONG><a name="[c]"></a>WDT_IRQHandler</STRONG> (Thumb, 0 bytes, Stack size 0 bytes, startup_armcm4.o(.text))
<BR>[Address Reference Count : 1]<UL><LI> startup_armcm4.o(RESET)
</UL>
<P><STRONG><a name="[27]"></a>__user_initial_stackheap</STRONG> (Thumb, 10 bytes, Stack size 0 bytes, startup_armcm4.o(.text))
<BR><BR>[Called By]<UL><LI><a href="#[2f]">&gt;&gt;</a>&nbsp;&nbsp;&nbsp;__user_setup_stackheap
</UL>

<P><STRONG><a name="[46]"></a>arm_sin_f32</STRONG> (Thumb, 104 bytes, Stack size 0 bytes, arm_sin_f32.o(.text))
<BR><BR>[Called By]<UL><LI><a href="#[3b]">&gt;&gt;</a>&nbsp;&nbsp;&nbsp;eb_envolop_spectrum_f32
</UL>

<P><STRONG><a name="[44]"></a>arm_cmplx_mag_f32</STRONG> (Thumb, 246 bytes, Stack size 0 bytes, arm_cmplx_mag_f32.o(.text))
<BR><BR>[Called By]<UL><LI><a href="#[3a]">&gt;&gt;</a>&nbsp;&nbsp;&nbsp;eb_harmonic_freq_f32
<LI><a href="#[3b]">&gt;&gt;</a>&nbsp;&nbsp;&nbsp;eb_envolop_spectrum_f32
</UL>

<P><STRONG><a name="[49]"></a>stage_rfft_f32</STRONG> (Thumb, 288 bytes, Stack size 4 bytes, arm_rfft_fast_f32.o(.text))
<BR><BR>[Stack]<UL><LI>Max Depth = 4<LI>Call Chain = stage_rfft_f32
</UL>
<BR>[Called By]<UL><LI><a href="#[43]">&gt;&gt;</a>&nbsp;&nbsp;&nbsp;arm_rfft_fast_f32
</UL>

<P><STRONG><a name="[47]"></a>merge_rfft_f32</STRONG> (Thumb, 168 bytes, Stack size 0 bytes, arm_rfft_fast_f32.o(.text))
<BR><BR>[Called By]<UL><LI><a href="#[43]">&gt;&gt;</a>&nbsp;&nbsp;&nbsp;arm_rfft_fast_f32
</UL>

<P><STRONG><a name="[43]"></a>arm_rfft_fast_f32</STRONG> (Thumb, 66 bytes, Stack size 24 bytes, arm_rfft_fast_f32.o(.text))
<BR><BR>[Stack]<UL><LI>Max Depth = 244<LI>Call Chain = arm_rfft_fast_f32 &rArr; arm_cfft_f32 &rArr; arm_cfft_radix8by4_f32 &rArr; arm_radix8_butterfly_f32
</UL>
<BR>[Calls]<UL><LI><a href="#[48]">&gt;&gt;</a>&nbsp;&nbsp;&nbsp;arm_cfft_f32
<LI><a href="#[47]">&gt;&gt;</a>&nbsp;&nbsp;&nbsp;merge_rfft_f32
<LI><a href="#[49]">&gt;&gt;</a>&nbsp;&nbsp;&nbsp;stage_rfft_f32
</UL>
<BR>[Called By]<UL><LI><a href="#[3a]">&gt;&gt;</a>&nbsp;&nbsp;&nbsp;eb_harmonic_freq_f32
<LI><a href="#[3b]">&gt;&gt;</a>&nbsp;&nbsp;&nbsp;eb_envolop_spectrum_f32
</UL>

<P><STRONG><a name="[42]"></a>arm_rfft_fast_init_f32</STRONG> (Thumb, 198 bytes, Stack size 0 bytes, arm_rfft_fast_init_f32.o(.text))
<BR><BR>[Called By]<UL><LI><a href="#[3a]">&gt;&gt;</a>&nbsp;&nbsp;&nbsp;eb_harmonic_freq_f32
<LI><a href="#[3b]">&gt;&gt;</a>&nbsp;&nbsp;&nbsp;eb_envolop_spectrum_f32
</UL>

<P><STRONG><a name="[45]"></a>arm_mean_f32</STRONG> (Thumb, 170 bytes, Stack size 8 bytes, arm_mean_f32.o(.text))
<BR><BR>[Stack]<UL><LI>Max Depth = 8<LI>Call Chain = arm_mean_f32
</UL>
<BR>[Called By]<UL><LI><a href="#[3a]">&gt;&gt;</a>&nbsp;&nbsp;&nbsp;eb_harmonic_freq_f32
</UL>

<P><STRONG><a name="[4a]"></a>arm_cfft_radix8by2_f32</STRONG> (Thumb, 398 bytes, Stack size 32 bytes, arm_cfft_f32.o(.text))
<BR><BR>[Stack]<UL><LI>Max Depth = 156<LI>Call Chain = arm_cfft_radix8by2_f32 &rArr; arm_radix8_butterfly_f32
</UL>
<BR>[Calls]<UL><LI><a href="#[4b]">&gt;&gt;</a>&nbsp;&nbsp;&nbsp;arm_radix8_butterfly_f32
</UL>
<BR>[Called By]<UL><LI><a href="#[48]">&gt;&gt;</a>&nbsp;&nbsp;&nbsp;arm_cfft_f32
</UL>

<P><STRONG><a name="[4c]"></a>arm_cfft_radix8by4_f32</STRONG> (Thumb, 1076 bytes, Stack size 72 bytes, arm_cfft_f32.o(.text))
<BR><BR>[Stack]<UL><LI>Max Depth = 196<LI>Call Chain = arm_cfft_radix8by4_f32 &rArr; arm_radix8_butterfly_f32
</UL>
<BR>[Calls]<UL><LI><a href="#[4b]">&gt;&gt;</a>&nbsp;&nbsp;&nbsp;arm_radix8_butterfly_f32
</UL>
<BR>[Called By]<UL><LI><a href="#[48]">&gt;&gt;</a>&nbsp;&nbsp;&nbsp;arm_cfft_f32
</UL>

<P><STRONG><a name="[48]"></a>arm_cfft_f32</STRONG> (Thumb, 332 bytes, Stack size 24 bytes, arm_cfft_f32.o(.text))
<BR><BR>[Stack]<UL><LI>Max Depth = 220<LI>Call Chain = arm_cfft_f32 &rArr; arm_cfft_radix8by4_f32 &rArr; arm_radix8_butterfly_f32
</UL>
<BR>[Calls]<UL><LI><a href="#[4b]">&gt;&gt;</a>&nbsp;&nbsp;&nbsp;arm_radix8_butterfly_f32
<LI><a href="#[4d]">&gt;&gt;</a>&nbsp;&nbsp;&nbsp;arm_bitreversal_32
<LI><a href="#[4c]">&gt;&gt;</a>&nbsp;&nbsp;&nbsp;arm_cfft_radix8by4_f32
<LI><a href="#[4a]">&gt;&gt;</a>&nbsp;&nbsp;&nbsp;arm_cfft_radix8by2_f32
</UL>
<BR>[Called By]<UL><LI><a href="#[43]">&gt;&gt;</a>&nbsp;&nbsp;&nbsp;arm_rfft_fast_f32
</UL>

<P><STRONG><a name="[4b]"></a>arm_radix8_butterfly_f32</STRONG> (Thumb, 1244 bytes, Stack size 124 bytes, arm_cfft_radix8_f32.o(.text))
<BR><BR>[Stack]<UL><LI>Max Depth = 124<LI>Call Chain = arm_radix8_butterfly_f32
</UL>
<BR>[Called By]<UL><LI><a href="#[4c]">&gt;&gt;</a>&nbsp;&nbsp;&nbsp;arm_cfft_radix8by4_f32
<LI><a href="#[4a]">&gt;&gt;</a>&nbsp;&nbsp;&nbsp;arm_cfft_radix8by2_f32
<LI><a href="#[48]">&gt;&gt;</a>&nbsp;&nbsp;&nbsp;arm_cfft_f32
</UL>

<P><STRONG><a name="[39]"></a>__aeabi_memcpy4</STRONG> (Thumb, 0 bytes, Stack size 8 bytes, rt_memcpy_w.o(.text))
<BR><BR>[Stack]<UL><LI>Max Depth = 8<LI>Call Chain = __aeabi_memcpy4
</UL>
<BR>[Called By]<UL><LI><a href="#[33]">&gt;&gt;</a>&nbsp;&nbsp;&nbsp;main
</UL>

<P><STRONG><a name="[8d]"></a>__aeabi_memcpy8</STRONG> (Thumb, 0 bytes, Stack size 8 bytes, rt_memcpy_w.o(.text), UNUSED)

<P><STRONG><a name="[8e]"></a>__rt_memcpy_w</STRONG> (Thumb, 100 bytes, Stack size 8 bytes, rt_memcpy_w.o(.text), UNUSED)

<P><STRONG><a name="[8f]"></a>_memcpy_lastbytes_aligned</STRONG> (Thumb, 0 bytes, Stack size unknown bytes, rt_memcpy_w.o(.text), UNUSED)

<P><STRONG><a name="[90]"></a>__use_two_region_memory</STRONG> (Thumb, 2 bytes, Stack size 0 bytes, heapauxi.o(.text), UNUSED)

<P><STRONG><a name="[91]"></a>__rt_heap_escrow$2region</STRONG> (Thumb, 2 bytes, Stack size 0 bytes, heapauxi.o(.text), UNUSED)

<P><STRONG><a name="[92]"></a>__rt_heap_expand$2region</STRONG> (Thumb, 2 bytes, Stack size 0 bytes, heapauxi.o(.text), UNUSED)

<P><STRONG><a name="[2f]"></a>__user_setup_stackheap</STRONG> (Thumb, 74 bytes, Stack size 8 bytes, sys_stackheap_outer.o(.text))
<BR><BR>[Stack]<UL><LI>Max Depth = 8<LI>Call Chain = __user_setup_stackheap
</UL>
<BR>[Calls]<UL><LI><a href="#[4e]">&gt;&gt;</a>&nbsp;&nbsp;&nbsp;__user_perproc_libspace
<LI><a href="#[27]">&gt;&gt;</a>&nbsp;&nbsp;&nbsp;__user_initial_stackheap
</UL>
<BR>[Called By]<UL><LI><a href="#[2e]">&gt;&gt;</a>&nbsp;&nbsp;&nbsp;__rt_entry_sh
</UL>

<P><STRONG><a name="[4f]"></a>_fp_trap</STRONG> (Thumb, 44 bytes, Stack size 40 bytes, _fptrap.o(.text), UNUSED)
<BR><BR>[Calls]<UL><LI><a href="#[50]">&gt;&gt;</a>&nbsp;&nbsp;&nbsp;__rt_SIGFPE
</UL>
<BR>[Called By]<UL><LI><a href="#[67]">&gt;&gt;</a>&nbsp;&nbsp;&nbsp;_fp_trapveneer
</UL>

<P><STRONG><a name="[34]"></a>exit</STRONG> (Thumb, 18 bytes, Stack size 8 bytes, exit.o(.text))
<BR><BR>[Stack]<UL><LI>Max Depth = 8 + Unknown Stack Size
<LI>Call Chain = exit
</UL>
<BR>[Calls]<UL><LI><a href="#[51]">&gt;&gt;</a>&nbsp;&nbsp;&nbsp;__rt_exit
</UL>
<BR>[Called By]<UL><LI><a href="#[32]">&gt;&gt;</a>&nbsp;&nbsp;&nbsp;__rt_entry_main
</UL>

<P><STRONG><a name="[93]"></a>__user_libspace</STRONG> (Thumb, 8 bytes, Stack size 0 bytes, libspace.o(.text), UNUSED)

<P><STRONG><a name="[4e]"></a>__user_perproc_libspace</STRONG> (Thumb, 0 bytes, Stack size 0 bytes, libspace.o(.text))
<BR><BR>[Called By]<UL><LI><a href="#[2f]">&gt;&gt;</a>&nbsp;&nbsp;&nbsp;__user_setup_stackheap
</UL>

<P><STRONG><a name="[94]"></a>__user_perthread_libspace</STRONG> (Thumb, 0 bytes, Stack size 0 bytes, libspace.o(.text), UNUSED)

<P><STRONG><a name="[50]"></a>__rt_SIGFPE</STRONG> (Thumb, 14 bytes, Stack size 8 bytes, defsig_fpe_outer.o(.text), UNUSED)
<BR><BR>[Calls]<UL><LI><a href="#[52]">&gt;&gt;</a>&nbsp;&nbsp;&nbsp;__rt_SIGFPE_inner
</UL>
<BR>[Called By]<UL><LI><a href="#[4f]">&gt;&gt;</a>&nbsp;&nbsp;&nbsp;_fp_trap
</UL>

<P><STRONG><a name="[53]"></a>__sig_exit</STRONG> (Thumb, 10 bytes, Stack size 0 bytes, defsig_exit.o(.text), UNUSED)
<BR><BR>[Calls]<UL><LI><a href="#[38]">&gt;&gt;</a>&nbsp;&nbsp;&nbsp;_sys_exit
</UL>

<P><STRONG><a name="[52]"></a>__rt_SIGFPE_inner</STRONG> (Thumb, 62 bytes, Stack size 8 bytes, defsig_fpe_inner.o(.text), UNUSED)
<BR><BR>[Calls]<UL><LI><a href="#[54]">&gt;&gt;</a>&nbsp;&nbsp;&nbsp;__default_signal_display
</UL>
<BR>[Called By]<UL><LI><a href="#[50]">&gt;&gt;</a>&nbsp;&nbsp;&nbsp;__rt_SIGFPE
</UL>

<P><STRONG><a name="[38]"></a>_sys_exit</STRONG> (Thumb, 8 bytes, Stack size 0 bytes, sys_exit.o(.text))
<BR><BR>[Called By]<UL><LI><a href="#[53]">&gt;&gt;</a>&nbsp;&nbsp;&nbsp;__sig_exit
<LI><a href="#[37]">&gt;&gt;</a>&nbsp;&nbsp;&nbsp;__rt_exit_exit
</UL>

<P><STRONG><a name="[54]"></a>__default_signal_display</STRONG> (Thumb, 50 bytes, Stack size 16 bytes, defsig_general.o(.text), UNUSED)
<BR><BR>[Calls]<UL><LI><a href="#[55]">&gt;&gt;</a>&nbsp;&nbsp;&nbsp;_ttywrch
</UL>
<BR>[Called By]<UL><LI><a href="#[52]">&gt;&gt;</a>&nbsp;&nbsp;&nbsp;__rt_SIGFPE_inner
</UL>

<P><STRONG><a name="[55]"></a>_ttywrch</STRONG> (Thumb, 14 bytes, Stack size 8 bytes, sys_wrch.o(.text), UNUSED)
<BR><BR>[Called By]<UL><LI><a href="#[54]">&gt;&gt;</a>&nbsp;&nbsp;&nbsp;__default_signal_display
</UL>

<P><STRONG><a name="[95]"></a>__I$use$semihosting</STRONG> (Thumb, 0 bytes, Stack size 0 bytes, use_no_semi.o(.text), UNUSED)

<P><STRONG><a name="[96]"></a>__use_no_semihosting_swi</STRONG> (Thumb, 2 bytes, Stack size 0 bytes, use_no_semi.o(.text), UNUSED)

<P><STRONG><a name="[97]"></a>__semihosting_library_function</STRONG> (Thumb, 0 bytes, Stack size unknown bytes, indicate_semi.o(.text), UNUSED)

<P><STRONG><a name="[41]"></a>__aeabi_dadd</STRONG> (Thumb, 0 bytes, Stack size 16 bytes, daddsub_clz.o(x$fpl$dadd))
<BR><BR>[Stack]<UL><LI>Max Depth = 16<LI>Call Chain = __aeabi_dadd
</UL>
<BR>[Called By]<UL><LI><a href="#[3a]">&gt;&gt;</a>&nbsp;&nbsp;&nbsp;eb_harmonic_freq_f32
</UL>

<P><STRONG><a name="[56]"></a>_dadd</STRONG> (Thumb, 580 bytes, Stack size 16 bytes, daddsub_clz.o(x$fpl$dadd), UNUSED)
<BR><BR>[Calls]<UL><LI><a href="#[58]">&gt;&gt;</a>&nbsp;&nbsp;&nbsp;__fpl_exception
<LI><a href="#[5b]">&gt;&gt;</a>&nbsp;&nbsp;&nbsp;__fpl_dnaninf
<LI><a href="#[59]">&gt;&gt;</a>&nbsp;&nbsp;&nbsp;dsub_zerodenorm
<LI><a href="#[5a]">&gt;&gt;</a>&nbsp;&nbsp;&nbsp;daddsub_denorm
<LI><a href="#[57]">&gt;&gt;</a>&nbsp;&nbsp;&nbsp;_dsub1
</UL>

<P><STRONG><a name="[3f]"></a>__aeabi_ddiv</STRONG> (Thumb, 0 bytes, Stack size 32 bytes, ddiv_clz.o(x$fpl$ddiv))
<BR><BR>[Stack]<UL><LI>Max Depth = 32<LI>Call Chain = __aeabi_ddiv
</UL>
<BR>[Called By]<UL><LI><a href="#[3a]">&gt;&gt;</a>&nbsp;&nbsp;&nbsp;eb_harmonic_freq_f32
</UL>

<P><STRONG><a name="[5c]"></a>_ddiv</STRONG> (Thumb, 748 bytes, Stack size 32 bytes, ddiv_clz.o(x$fpl$ddiv), UNUSED)
<BR><BR>[Calls]<UL><LI><a href="#[58]">&gt;&gt;</a>&nbsp;&nbsp;&nbsp;__fpl_exception
<LI><a href="#[5d]">&gt;&gt;</a>&nbsp;&nbsp;&nbsp;__dunder
<LI><a href="#[5f]">&gt;&gt;</a>&nbsp;&nbsp;&nbsp;__fpl_dretinf
<LI><a href="#[5e]">&gt;&gt;</a>&nbsp;&nbsp;&nbsp;__fpl_drenorm2
<LI><a href="#[5b]">&gt;&gt;</a>&nbsp;&nbsp;&nbsp;__fpl_dnaninf
</UL>

<P><STRONG><a name="[40]"></a>__aeabi_d2uiz</STRONG> (Thumb, 0 bytes, Stack size 40 bytes, dfixu.o(x$fpl$dfixu))
<BR><BR>[Stack]<UL><LI>Max Depth = 40<LI>Call Chain = __aeabi_d2uiz
</UL>
<BR>[Called By]<UL><LI><a href="#[3a]">&gt;&gt;</a>&nbsp;&nbsp;&nbsp;eb_harmonic_freq_f32
</UL>

<P><STRONG><a name="[60]"></a>_dfixu</STRONG> (Thumb, 212 bytes, Stack size 40 bytes, dfixu.o(x$fpl$dfixu), UNUSED)
<BR><BR>[Calls]<UL><LI><a href="#[58]">&gt;&gt;</a>&nbsp;&nbsp;&nbsp;__fpl_exception
<LI><a href="#[5b]">&gt;&gt;</a>&nbsp;&nbsp;&nbsp;__fpl_dnaninf
</UL>

<P><STRONG><a name="[3c]"></a>__aeabi_ui2d</STRONG> (Thumb, 0 bytes, Stack size 0 bytes, dflt_clz.o(x$fpl$dfltu))
<BR><BR>[Called By]<UL><LI><a href="#[3a]">&gt;&gt;</a>&nbsp;&nbsp;&nbsp;eb_harmonic_freq_f32
</UL>

<P><STRONG><a name="[98]"></a>_dfltu</STRONG> (Thumb, 38 bytes, Stack size 0 bytes, dflt_clz.o(x$fpl$dfltu), UNUSED)

<P><STRONG><a name="[3d]"></a>__aeabi_dmul</STRONG> (Thumb, 0 bytes, Stack size 32 bytes, dmul_clz.o(x$fpl$dmul))
<BR><BR>[Stack]<UL><LI>Max Depth = 32<LI>Call Chain = __aeabi_dmul
</UL>
<BR>[Called By]<UL><LI><a href="#[3a]">&gt;&gt;</a>&nbsp;&nbsp;&nbsp;eb_harmonic_freq_f32
</UL>

<P><STRONG><a name="[61]"></a>_dmul</STRONG> (Thumb, 440 bytes, Stack size 32 bytes, dmul_clz.o(x$fpl$dmul), UNUSED)
<BR><BR>[Calls]<UL><LI><a href="#[58]">&gt;&gt;</a>&nbsp;&nbsp;&nbsp;__fpl_exception
<LI><a href="#[5d]">&gt;&gt;</a>&nbsp;&nbsp;&nbsp;__dunder
<LI><a href="#[5f]">&gt;&gt;</a>&nbsp;&nbsp;&nbsp;__fpl_dretinf
<LI><a href="#[5e]">&gt;&gt;</a>&nbsp;&nbsp;&nbsp;__fpl_drenorm2
<LI><a href="#[5b]">&gt;&gt;</a>&nbsp;&nbsp;&nbsp;__fpl_dnaninf
</UL>

<P><STRONG><a name="[5b]"></a>__fpl_dnaninf</STRONG> (Thumb, 258 bytes, Stack size 16 bytes, dnaninf.o(x$fpl$dnaninf), UNUSED)
<BR><BR>[Calls]<UL><LI><a href="#[58]">&gt;&gt;</a>&nbsp;&nbsp;&nbsp;__fpl_exception
<LI><a href="#[62]">&gt;&gt;</a>&nbsp;&nbsp;&nbsp;__dunder_d
</UL>
<BR>[Called By]<UL><LI><a href="#[61]">&gt;&gt;</a>&nbsp;&nbsp;&nbsp;_dmul
<LI><a href="#[60]">&gt;&gt;</a>&nbsp;&nbsp;&nbsp;_dfixu
<LI><a href="#[5c]">&gt;&gt;</a>&nbsp;&nbsp;&nbsp;_ddiv
<LI><a href="#[63]">&gt;&gt;</a>&nbsp;&nbsp;&nbsp;_dsub
<LI><a href="#[56]">&gt;&gt;</a>&nbsp;&nbsp;&nbsp;_dadd
</UL>

<P><STRONG><a name="[5e]"></a>__fpl_drenorm2</STRONG> (Thumb, 106 bytes, Stack size 24 bytes, drenorm_clz.o(x$fpl$drenorm), UNUSED)
<BR><BR>[Called By]<UL><LI><a href="#[61]">&gt;&gt;</a>&nbsp;&nbsp;&nbsp;_dmul
<LI><a href="#[5c]">&gt;&gt;</a>&nbsp;&nbsp;&nbsp;_ddiv
</UL>

<P><STRONG><a name="[66]"></a>__fpl_drenorm1</STRONG> (Thumb, 6 bytes, Stack size 8 bytes, drenorm_clz.o(x$fpl$drenorm), UNUSED)
<BR><BR>[Called By]<UL><LI><a href="#[62]">&gt;&gt;</a>&nbsp;&nbsp;&nbsp;__dunder_d
</UL>

<P><STRONG><a name="[5f]"></a>__fpl_dretinf</STRONG> (Thumb, 12 bytes, Stack size 0 bytes, dretinf.o(x$fpl$dretinf), UNUSED)
<BR><BR>[Called By]<UL><LI><a href="#[61]">&gt;&gt;</a>&nbsp;&nbsp;&nbsp;_dmul
<LI><a href="#[5c]">&gt;&gt;</a>&nbsp;&nbsp;&nbsp;_ddiv
</UL>

<P><STRONG><a name="[3e]"></a>__aeabi_dsub</STRONG> (Thumb, 0 bytes, Stack size 32 bytes, daddsub_clz.o(x$fpl$dsub))
<BR><BR>[Stack]<UL><LI>Max Depth = 32<LI>Call Chain = __aeabi_dsub
</UL>
<BR>[Called By]<UL><LI><a href="#[3a]">&gt;&gt;</a>&nbsp;&nbsp;&nbsp;eb_harmonic_freq_f32
</UL>

<P><STRONG><a name="[63]"></a>_dsub</STRONG> (Thumb, 664 bytes, Stack size 32 bytes, daddsub_clz.o(x$fpl$dsub), UNUSED)
<BR><BR>[Calls]<UL><LI><a href="#[58]">&gt;&gt;</a>&nbsp;&nbsp;&nbsp;__fpl_exception
<LI><a href="#[62]">&gt;&gt;</a>&nbsp;&nbsp;&nbsp;__dunder_d
<LI><a href="#[5d]">&gt;&gt;</a>&nbsp;&nbsp;&nbsp;__dunder
<LI><a href="#[5b]">&gt;&gt;</a>&nbsp;&nbsp;&nbsp;__fpl_dnaninf
<LI><a href="#[65]">&gt;&gt;</a>&nbsp;&nbsp;&nbsp;dadd_zerodenorm
<LI><a href="#[64]">&gt;&gt;</a>&nbsp;&nbsp;&nbsp;_dadd1
</UL>

<P><STRONG><a name="[5d]"></a>__dunder</STRONG> (Thumb, 314 bytes, Stack size 4 bytes, dunder_clz.o(x$fpl$dunder), UNUSED)
<BR><BR>[Calls]<UL><LI><a href="#[58]">&gt;&gt;</a>&nbsp;&nbsp;&nbsp;__fpl_exception
</UL>
<BR>[Called By]<UL><LI><a href="#[61]">&gt;&gt;</a>&nbsp;&nbsp;&nbsp;_dmul
<LI><a href="#[5c]">&gt;&gt;</a>&nbsp;&nbsp;&nbsp;_ddiv
<LI><a href="#[63]">&gt;&gt;</a>&nbsp;&nbsp;&nbsp;_dsub
</UL>

<P><STRONG><a name="[62]"></a>__dunder_d</STRONG> (Thumb, 64 bytes, Stack size 24 bytes, dunder_clz.o(x$fpl$dunder), UNUSED)
<BR><BR>[Calls]<UL><LI><a href="#[67]">&gt;&gt;</a>&nbsp;&nbsp;&nbsp;_fp_trapveneer
<LI><a href="#[66]">&gt;&gt;</a>&nbsp;&nbsp;&nbsp;__fpl_drenorm1
</UL>
<BR>[Called By]<UL><LI><a href="#[5b]">&gt;&gt;</a>&nbsp;&nbsp;&nbsp;__fpl_dnaninf
<LI><a href="#[63]">&gt;&gt;</a>&nbsp;&nbsp;&nbsp;_dsub
</UL>

<P><STRONG><a name="[58]"></a>__fpl_exception</STRONG> (Thumb, 454 bytes, Stack size 16 bytes, except.o(x$fpl$exception), UNUSED)
<BR><BR>[Calls]<UL><LI><a href="#[67]">&gt;&gt;</a>&nbsp;&nbsp;&nbsp;_fp_trapveneer
<LI><a href="#[68]">&gt;&gt;</a>&nbsp;&nbsp;&nbsp;__fpl_return_NaN
</UL>
<BR>[Called By]<UL><LI><a href="#[5d]">&gt;&gt;</a>&nbsp;&nbsp;&nbsp;__dunder
<LI><a href="#[5b]">&gt;&gt;</a>&nbsp;&nbsp;&nbsp;__fpl_dnaninf
<LI><a href="#[61]">&gt;&gt;</a>&nbsp;&nbsp;&nbsp;_dmul
<LI><a href="#[60]">&gt;&gt;</a>&nbsp;&nbsp;&nbsp;_dfixu
<LI><a href="#[5c]">&gt;&gt;</a>&nbsp;&nbsp;&nbsp;_ddiv
<LI><a href="#[63]">&gt;&gt;</a>&nbsp;&nbsp;&nbsp;_dsub
<LI><a href="#[56]">&gt;&gt;</a>&nbsp;&nbsp;&nbsp;_dadd
</UL>

<P><STRONG><a name="[2d]"></a>_fp_init</STRONG> (Thumb, 10 bytes, Stack size 0 bytes, fpinit.o(x$fpl$fpinit))
<BR><BR>[Called By]<UL><LI><a href="#[2c]">&gt;&gt;</a>&nbsp;&nbsp;&nbsp;__rt_lib_init_fp_1
</UL>

<P><STRONG><a name="[99]"></a>__fplib_config_fpu_vfp</STRONG> (Thumb, 0 bytes, Stack size unknown bytes, fpinit.o(x$fpl$fpinit), UNUSED)

<P><STRONG><a name="[9a]"></a>__fplib_config_pureend_doubles</STRONG> (Thumb, 0 bytes, Stack size unknown bytes, fpinit.o(x$fpl$fpinit), UNUSED)

<P><STRONG><a name="[68]"></a>__fpl_return_NaN</STRONG> (Thumb, 178 bytes, Stack size 0 bytes, retnan.o(x$fpl$retnan), UNUSED)
<BR><BR>[Calls]<UL><LI><a href="#[69]">&gt;&gt;</a>&nbsp;&nbsp;&nbsp;__fpl_cmpreturn
</UL>
<BR>[Called By]<UL><LI><a href="#[58]">&gt;&gt;</a>&nbsp;&nbsp;&nbsp;__fpl_exception
</UL>

<P><STRONG><a name="[67]"></a>_fp_trapveneer</STRONG> (Thumb, 36 bytes, Stack size 16 bytes, trapv.o(x$fpl$trapveneer), UNUSED)
<BR><BR>[Calls]<UL><LI><a href="#[4f]">&gt;&gt;</a>&nbsp;&nbsp;&nbsp;_fp_trap
</UL>
<BR>[Called By]<UL><LI><a href="#[58]">&gt;&gt;</a>&nbsp;&nbsp;&nbsp;__fpl_exception
<LI><a href="#[62]">&gt;&gt;</a>&nbsp;&nbsp;&nbsp;__dunder_d
</UL>

<P><STRONG><a name="[69]"></a>__fpl_cmpreturn</STRONG> (Thumb, 90 bytes, Stack size 0 bytes, trapv.o(x$fpl$trapveneer), UNUSED)
<BR><BR>[Called By]<UL><LI><a href="#[68]">&gt;&gt;</a>&nbsp;&nbsp;&nbsp;__fpl_return_NaN
</UL>
<P>
<H3>
Local Symbols
</H3>
<P><STRONG><a name="[64]"></a>_dadd1</STRONG> (Thumb, 0 bytes, Stack size unknown bytes, daddsub_clz.o(x$fpl$dadd), UNUSED)
<BR><BR>[Called By]<UL><LI><a href="#[63]">&gt;&gt;</a>&nbsp;&nbsp;&nbsp;_dsub
</UL>

<P><STRONG><a name="[65]"></a>dadd_zerodenorm</STRONG> (Thumb, 0 bytes, Stack size unknown bytes, daddsub_clz.o(x$fpl$dadd), UNUSED)
<BR><BR>[Called By]<UL><LI><a href="#[63]">&gt;&gt;</a>&nbsp;&nbsp;&nbsp;_dsub
</UL>

<P><STRONG><a name="[57]"></a>_dsub1</STRONG> (Thumb, 0 bytes, Stack size unknown bytes, daddsub_clz.o(x$fpl$dsub), UNUSED)
<BR><BR>[Called By]<UL><LI><a href="#[56]">&gt;&gt;</a>&nbsp;&nbsp;&nbsp;_dadd
</UL>

<P><STRONG><a name="[5a]"></a>daddsub_denorm</STRONG> (Thumb, 0 bytes, Stack size unknown bytes, daddsub_clz.o(x$fpl$dsub), UNUSED)
<BR><BR>[Called By]<UL><LI><a href="#[56]">&gt;&gt;</a>&nbsp;&nbsp;&nbsp;_dadd
</UL>

<P><STRONG><a name="[59]"></a>dsub_zerodenorm</STRONG> (Thumb, 0 bytes, Stack size unknown bytes, daddsub_clz.o(x$fpl$dsub), UNUSED)
<BR><BR>[Called By]<UL><LI><a href="#[56]">&gt;&gt;</a>&nbsp;&nbsp;&nbsp;_dadd
</UL>
<P>
<H3>
Undefined Global Symbols
</H3><HR></body></html>
